<?xml version="1.0"?>
<link_info>
   <banner>TI ARM Linker PC v16.9.3.LTS</banner>
   <copyright>Copyright (c) 1996-2017 Texas Instruments Incorporated</copyright>
   <link_time>0x59a0b9d4</link_time>
   <link_errors>0x0</link_errors>
   <output_file>MSP432_BMC.out</output_file>
   <entry_point>
      <name>_c_int00</name>
      <address>0x9a15</address>
   </entry_point>
   <input_file_list>
      <input_file id="fl-2">
         <path>.\</path>
         <kind>object</kind>
         <file>startup_msp432p401r_ccs.obj</file>
         <name>startup_msp432p401r_ccs.obj</name>
      </input_file>
      <input_file id="fl-3">
         <path>.\</path>
         <kind>object</kind>
         <file>system_msp432p401r.obj</file>
         <name>system_msp432p401r.obj</name>
      </input_file>
      <input_file id="fl-4">
         <path>.\Sources\</path>
         <kind>object</kind>
         <file>GPIO.obj</file>
         <name>GPIO.obj</name>
      </input_file>
      <input_file id="fl-5">
         <path>.\Sources\</path>
         <kind>object</kind>
         <file>adc.obj</file>
         <name>adc.obj</name>
      </input_file>
      <input_file id="fl-6">
         <path>.\Sources\</path>
         <kind>object</kind>
         <file>circbuff.obj</file>
         <name>circbuff.obj</name>
      </input_file>
      <input_file id="fl-7">
         <path>.\Sources\</path>
         <kind>object</kind>
         <file>data.obj</file>
         <name>data.obj</name>
      </input_file>
      <input_file id="fl-8">
         <path>.\Sources\</path>
         <kind>object</kind>
         <file>delay.obj</file>
         <name>delay.obj</name>
      </input_file>
      <input_file id="fl-9">
         <path>.\Sources\</path>
         <kind>object</kind>
         <file>fan_ctrl_lm96063.obj</file>
         <name>fan_ctrl_lm96063.obj</name>
      </input_file>
      <input_file id="fl-a">
         <path>.\Sources\</path>
         <kind>object</kind>
         <file>i2c.obj</file>
         <name>i2c.obj</name>
      </input_file>
      <input_file id="fl-b">
         <path>.\Sources\</path>
         <kind>object</kind>
         <file>init.obj</file>
         <name>init.obj</name>
      </input_file>
      <input_file id="fl-c">
         <path>.\Sources\</path>
         <kind>object</kind>
         <file>log.obj</file>
         <name>log.obj</name>
      </input_file>
      <input_file id="fl-d">
         <path>.\Sources\</path>
         <kind>object</kind>
         <file>main.obj</file>
         <name>main.obj</name>
      </input_file>
      <input_file id="fl-e">
         <path>.\Sources\</path>
         <kind>object</kind>
         <file>ping_i2c.obj</file>
         <name>ping_i2c.obj</name>
      </input_file>
      <input_file id="fl-f">
         <path>.\Sources\</path>
         <kind>object</kind>
         <file>pmbus.obj</file>
         <name>pmbus.obj</name>
      </input_file>
      <input_file id="fl-10">
         <path>.\Sources\</path>
         <kind>object</kind>
         <file>protocol.obj</file>
         <name>protocol.obj</name>
      </input_file>
      <input_file id="fl-11">
         <path>.\Sources\</path>
         <kind>object</kind>
         <file>uart.obj</file>
         <name>uart.obj</name>
      </input_file>
      <input_file id="fl-15">
         <kind>object</kind>
         <file>&lt;internal&gt;</file>
         <name>&lt;internal&gt;</name>
      </input_file>
      <input_file id="fl-cb">
         <path>C:\ti\ccsv7\tools\compiler\ti-cgt-arm_16.9.3.LTS\lib\</path>
         <kind>archive</kind>
         <file>rtsv7M4_T_le_v4SPD16_eabi.lib</file>
         <name>boot.obj</name>
      </input_file>
      <input_file id="fl-cc">
         <path>C:\ti\ccsv7\tools\compiler\ti-cgt-arm_16.9.3.LTS\lib\</path>
         <kind>archive</kind>
         <file>rtsv7M4_T_le_v4SPD16_eabi.lib</file>
         <name>copy_decompress_lzss.obj</name>
      </input_file>
      <input_file id="fl-cd">
         <path>C:\ti\ccsv7\tools\compiler\ti-cgt-arm_16.9.3.LTS\lib\</path>
         <kind>archive</kind>
         <file>rtsv7M4_T_le_v4SPD16_eabi.lib</file>
         <name>copy_decompress_none.obj</name>
      </input_file>
      <input_file id="fl-ce">
         <path>C:\ti\ccsv7\tools\compiler\ti-cgt-arm_16.9.3.LTS\lib\</path>
         <kind>archive</kind>
         <file>rtsv7M4_T_le_v4SPD16_eabi.lib</file>
         <name>copy_zero_init.obj</name>
      </input_file>
      <input_file id="fl-cf">
         <path>C:\ti\ccsv7\tools\compiler\ti-cgt-arm_16.9.3.LTS\lib\</path>
         <kind>archive</kind>
         <file>rtsv7M4_T_le_v4SPD16_eabi.lib</file>
         <name>e_pow.obj</name>
      </input_file>
      <input_file id="fl-d0">
         <path>C:\ti\ccsv7\tools\compiler\ti-cgt-arm_16.9.3.LTS\lib\</path>
         <kind>archive</kind>
         <file>rtsv7M4_T_le_v4SPD16_eabi.lib</file>
         <name>e_sqrt.obj</name>
      </input_file>
      <input_file id="fl-d1">
         <path>C:\ti\ccsv7\tools\compiler\ti-cgt-arm_16.9.3.LTS\lib\</path>
         <kind>archive</kind>
         <file>rtsv7M4_T_le_v4SPD16_eabi.lib</file>
         <name>errno.obj</name>
      </input_file>
      <input_file id="fl-d2">
         <path>C:\ti\ccsv7\tools\compiler\ti-cgt-arm_16.9.3.LTS\lib\</path>
         <kind>archive</kind>
         <file>rtsv7M4_T_le_v4SPD16_eabi.lib</file>
         <name>exit.obj</name>
      </input_file>
      <input_file id="fl-d3">
         <path>C:\ti\ccsv7\tools\compiler\ti-cgt-arm_16.9.3.LTS\lib\</path>
         <kind>archive</kind>
         <file>rtsv7M4_T_le_v4SPD16_eabi.lib</file>
         <name>fd_add_t2.obj</name>
      </input_file>
      <input_file id="fl-d4">
         <path>C:\ti\ccsv7\tools\compiler\ti-cgt-arm_16.9.3.LTS\lib\</path>
         <kind>archive</kind>
         <file>rtsv7M4_T_le_v4SPD16_eabi.lib</file>
         <name>fd_cmp_t2.obj</name>
      </input_file>
      <input_file id="fl-d5">
         <path>C:\ti\ccsv7\tools\compiler\ti-cgt-arm_16.9.3.LTS\lib\</path>
         <kind>archive</kind>
         <file>rtsv7M4_T_le_v4SPD16_eabi.lib</file>
         <name>fd_div_t2.obj</name>
      </input_file>
      <input_file id="fl-d6">
         <path>C:\ti\ccsv7\tools\compiler\ti-cgt-arm_16.9.3.LTS\lib\</path>
         <kind>archive</kind>
         <file>rtsv7M4_T_le_v4SPD16_eabi.lib</file>
         <name>fd_mul_t2.obj</name>
      </input_file>
      <input_file id="fl-d7">
         <path>C:\ti\ccsv7\tools\compiler\ti-cgt-arm_16.9.3.LTS\lib\</path>
         <kind>archive</kind>
         <file>rtsv7M4_T_le_v4SPD16_eabi.lib</file>
         <name>fd_tos_t2.obj</name>
      </input_file>
      <input_file id="fl-d8">
         <path>C:\ti\ccsv7\tools\compiler\ti-cgt-arm_16.9.3.LTS\lib\</path>
         <kind>archive</kind>
         <file>rtsv7M4_T_le_v4SPD16_eabi.lib</file>
         <name>fs_tod_t2.obj</name>
      </input_file>
      <input_file id="fl-d9">
         <path>C:\ti\ccsv7\tools\compiler\ti-cgt-arm_16.9.3.LTS\lib\</path>
         <kind>archive</kind>
         <file>rtsv7M4_T_le_v4SPD16_eabi.lib</file>
         <name>i_tofd_t2.obj</name>
      </input_file>
      <input_file id="fl-da">
         <path>C:\ti\ccsv7\tools\compiler\ti-cgt-arm_16.9.3.LTS\lib\</path>
         <kind>archive</kind>
         <file>rtsv7M4_T_le_v4SPD16_eabi.lib</file>
         <name>memcpy_t2.obj</name>
      </input_file>
      <input_file id="fl-db">
         <path>C:\ti\ccsv7\tools\compiler\ti-cgt-arm_16.9.3.LTS\lib\</path>
         <kind>archive</kind>
         <file>rtsv7M4_T_le_v4SPD16_eabi.lib</file>
         <name>memset_t2.obj</name>
      </input_file>
      <input_file id="fl-dc">
         <path>C:\ti\ccsv7\tools\compiler\ti-cgt-arm_16.9.3.LTS\lib\</path>
         <kind>archive</kind>
         <file>rtsv7M4_T_le_v4SPD16_eabi.lib</file>
         <name>mpu_init.obj</name>
      </input_file>
      <input_file id="fl-dd">
         <path>C:\ti\ccsv7\tools\compiler\ti-cgt-arm_16.9.3.LTS\lib\</path>
         <kind>archive</kind>
         <file>rtsv7M4_T_le_v4SPD16_eabi.lib</file>
         <name>pre_init.obj</name>
      </input_file>
      <input_file id="fl-de">
         <path>C:\ti\ccsv7\tools\compiler\ti-cgt-arm_16.9.3.LTS\lib\</path>
         <kind>archive</kind>
         <file>rtsv7M4_T_le_v4SPD16_eabi.lib</file>
         <name>printf.obj</name>
      </input_file>
      <input_file id="fl-df">
         <path>C:\ti\ccsv7\tools\compiler\ti-cgt-arm_16.9.3.LTS\lib\</path>
         <kind>archive</kind>
         <file>rtsv7M4_T_le_v4SPD16_eabi.lib</file>
         <name>s_scalbn.obj</name>
      </input_file>
      <input_file id="fl-e0">
         <path>C:\ti\ccsv7\tools\compiler\ti-cgt-arm_16.9.3.LTS\lib\</path>
         <kind>archive</kind>
         <file>rtsv7M4_T_le_v4SPD16_eabi.lib</file>
         <name>stkdepth_vars.obj</name>
      </input_file>
      <input_file id="fl-e1">
         <path>C:\ti\ccsv7\tools\compiler\ti-cgt-arm_16.9.3.LTS\lib\</path>
         <kind>archive</kind>
         <file>rtsv7M4_T_le_v4SPD16_eabi.lib</file>
         <name>strlen.obj</name>
      </input_file>
      <input_file id="fl-e2">
         <path>C:\ti\ccsv7\tools\compiler\ti-cgt-arm_16.9.3.LTS\lib\</path>
         <kind>archive</kind>
         <file>rtsv7M4_T_le_v4SPD16_eabi.lib</file>
         <name>u_tofd_t2.obj</name>
      </input_file>
      <input_file id="fl-e3">
         <path>C:\ti\ccsv7\tools\compiler\ti-cgt-arm_16.9.3.LTS\lib\</path>
         <kind>archive</kind>
         <file>rtsv7M4_T_le_v4SPD16_eabi.lib</file>
         <name>_lock.obj</name>
      </input_file>
      <input_file id="fl-e4">
         <path>C:\ti\ccsv7\tools\compiler\ti-cgt-arm_16.9.3.LTS\lib\</path>
         <kind>archive</kind>
         <file>rtsv7M4_T_le_v4SPD16_eabi.lib</file>
         <name>_printfi.obj</name>
      </input_file>
      <input_file id="fl-e5">
         <path>C:\ti\ccsv7\tools\compiler\ti-cgt-arm_16.9.3.LTS\lib\</path>
         <kind>archive</kind>
         <file>rtsv7M4_T_le_v4SPD16_eabi.lib</file>
         <name>args_main.obj</name>
      </input_file>
      <input_file id="fl-e6">
         <path>C:\ti\ccsv7\tools\compiler\ti-cgt-arm_16.9.3.LTS\lib\</path>
         <kind>archive</kind>
         <file>rtsv7M4_T_le_v4SPD16_eabi.lib</file>
         <name>atoi.obj</name>
      </input_file>
      <input_file id="fl-e7">
         <path>C:\ti\ccsv7\tools\compiler\ti-cgt-arm_16.9.3.LTS\lib\</path>
         <kind>archive</kind>
         <file>rtsv7M4_T_le_v4SPD16_eabi.lib</file>
         <name>autoinit.obj</name>
      </input_file>
      <input_file id="fl-e8">
         <path>C:\ti\ccsv7\tools\compiler\ti-cgt-arm_16.9.3.LTS\lib\</path>
         <kind>archive</kind>
         <file>rtsv7M4_T_le_v4SPD16_eabi.lib</file>
         <name>cpy_tbl.obj</name>
      </input_file>
      <input_file id="fl-e9">
         <path>C:\ti\ccsv7\tools\compiler\ti-cgt-arm_16.9.3.LTS\lib\</path>
         <kind>archive</kind>
         <file>rtsv7M4_T_le_v4SPD16_eabi.lib</file>
         <name>ctype.obj</name>
      </input_file>
      <input_file id="fl-ea">
         <path>C:\ti\ccsv7\tools\compiler\ti-cgt-arm_16.9.3.LTS\lib\</path>
         <kind>archive</kind>
         <file>rtsv7M4_T_le_v4SPD16_eabi.lib</file>
         <name>defs.obj</name>
      </input_file>
      <input_file id="fl-eb">
         <path>C:\ti\ccsv7\tools\compiler\ti-cgt-arm_16.9.3.LTS\lib\</path>
         <kind>archive</kind>
         <file>rtsv7M4_T_le_v4SPD16_eabi.lib</file>
         <name>fd_toi_t2.obj</name>
      </input_file>
      <input_file id="fl-ec">
         <path>C:\ti\ccsv7\tools\compiler\ti-cgt-arm_16.9.3.LTS\lib\</path>
         <kind>archive</kind>
         <file>rtsv7M4_T_le_v4SPD16_eabi.lib</file>
         <name>ltoa.obj</name>
      </input_file>
      <input_file id="fl-ed">
         <path>C:\ti\ccsv7\tools\compiler\ti-cgt-arm_16.9.3.LTS\lib\</path>
         <kind>archive</kind>
         <file>rtsv7M4_T_le_v4SPD16_eabi.lib</file>
         <name>memccpy.obj</name>
      </input_file>
      <input_file id="fl-ee">
         <path>C:\ti\ccsv7\tools\compiler\ti-cgt-arm_16.9.3.LTS\lib\</path>
         <kind>archive</kind>
         <file>rtsv7M4_T_le_v4SPD16_eabi.lib</file>
         <name>s_copysign.obj</name>
      </input_file>
      <input_file id="fl-ef">
         <path>C:\ti\ccsv7\tools\compiler\ti-cgt-arm_16.9.3.LTS\lib\</path>
         <kind>archive</kind>
         <file>rtsv7M4_T_le_v4SPD16_eabi.lib</file>
         <name>s_frexp.obj</name>
      </input_file>
      <input_file id="fl-f0">
         <path>C:\ti\ccsv7\tools\compiler\ti-cgt-arm_16.9.3.LTS\lib\</path>
         <kind>archive</kind>
         <file>rtsv7M4_T_le_v4SPD16_eabi.lib</file>
         <name>startup.obj</name>
      </input_file>
      <input_file id="fl-f1">
         <path>C:\ti\ccsv7\tools\compiler\ti-cgt-arm_16.9.3.LTS\lib\</path>
         <kind>archive</kind>
         <file>rtsv7M4_T_le_v4SPD16_eabi.lib</file>
         <name>strchr.obj</name>
      </input_file>
      <input_file id="fl-f2">
         <path>C:\ti\ccsv7\tools\compiler\ti-cgt-arm_16.9.3.LTS\lib\</path>
         <kind>archive</kind>
         <file>rtsv7M4_T_le_v4SPD16_eabi.lib</file>
         <name>ull_div_t2.obj</name>
      </input_file>
   </input_file_list>
   <object_component_list>
      <object_component id="oc-2c">
         <name>.intvecs:retain</name>
         <load_address>0x0</load_address>
         <run_address>0x0</run_address>
         <size>0xe4</size>
         <input_file_ref idref="fl-2"/>
      </object_component>
      <object_component id="oc-db">
         <name>.text</name>
         <load_address>0xe4</load_address>
         <run_address>0xe4</run_address>
         <size>0x1d88</size>
         <input_file_ref idref="fl-5"/>
      </object_component>
      <object_component id="oc-81">
         <name>.text</name>
         <load_address>0x1e6c</load_address>
         <run_address>0x1e6c</run_address>
         <size>0x1ad8</size>
         <input_file_ref idref="fl-10"/>
      </object_component>
      <object_component id="oc-176">
         <name>.text</name>
         <load_address>0x3944</load_address>
         <run_address>0x3944</run_address>
         <size>0x113e</size>
         <input_file_ref idref="fl-e4"/>
      </object_component>
      <object_component id="oc-53">
         <name>.text</name>
         <load_address>0x4a82</load_address>
         <run_address>0x4a82</run_address>
         <size>0x2</size>
         <input_file_ref idref="fl-dc"/>
      </object_component>
      <object_component id="oc-e7">
         <name>.text</name>
         <load_address>0x4a84</load_address>
         <run_address>0x4a84</run_address>
         <size>0x10cc</size>
         <input_file_ref idref="fl-4"/>
      </object_component>
      <object_component id="oc-f8">
         <name>.text</name>
         <load_address>0x5b50</load_address>
         <run_address>0x5b50</run_address>
         <size>0xe1c</size>
         <input_file_ref idref="fl-a"/>
      </object_component>
      <object_component id="oc-11c">
         <name>.text</name>
         <load_address>0x696c</load_address>
         <run_address>0x696c</run_address>
         <size>0xc80</size>
         <input_file_ref idref="fl-e"/>
      </object_component>
      <object_component id="oc-103">
         <name>.text</name>
         <load_address>0x75ec</load_address>
         <run_address>0x75ec</run_address>
         <size>0x9ac</size>
         <input_file_ref idref="fl-cf"/>
      </object_component>
      <object_component id="oc-f2">
         <name>.text</name>
         <load_address>0x7f98</load_address>
         <run_address>0x7f98</run_address>
         <size>0x38c</size>
         <input_file_ref idref="fl-f"/>
      </object_component>
      <object_component id="oc-c3">
         <name>.text</name>
         <load_address>0x8324</load_address>
         <run_address>0x8324</run_address>
         <size>0x32c</size>
         <input_file_ref idref="fl-3"/>
      </object_component>
      <object_component id="oc-e1">
         <name>.text</name>
         <load_address>0x8650</load_address>
         <run_address>0x8650</run_address>
         <size>0x28c</size>
         <input_file_ref idref="fl-9"/>
      </object_component>
      <object_component id="oc-235">
         <name>.text</name>
         <load_address>0x88dc</load_address>
         <run_address>0x88dc</run_address>
         <size>0x1f4</size>
         <input_file_ref idref="fl-f2"/>
      </object_component>
      <object_component id="oc-122">
         <name>.text</name>
         <load_address>0x8ad0</load_address>
         <run_address>0x8ad0</run_address>
         <size>0x1b6</size>
         <input_file_ref idref="fl-d3"/>
      </object_component>
      <object_component id="oc-a8">
         <name>.text</name>
         <load_address>0x8c86</load_address>
         <run_address>0x8c86</run_address>
         <size>0x2</size>
         <input_file_ref idref="fl-f0"/>
      </object_component>
      <object_component id="oc-14e">
         <name>.text</name>
         <load_address>0x8c88</load_address>
         <run_address>0x8c88</run_address>
         <size>0x1b0</size>
         <input_file_ref idref="fl-11"/>
      </object_component>
      <object_component id="oc-1db">
         <name>.text</name>
         <load_address>0x8e38</load_address>
         <run_address>0x8e38</run_address>
         <size>0x170</size>
         <input_file_ref idref="fl-d0"/>
      </object_component>
      <object_component id="oc-148">
         <name>.text</name>
         <load_address>0x8fa8</load_address>
         <run_address>0x8fa8</run_address>
         <size>0x16c</size>
         <input_file_ref idref="fl-b"/>
      </object_component>
      <object_component id="oc-18b">
         <name>.text</name>
         <load_address>0x9114</load_address>
         <run_address>0x9114</run_address>
         <size>0x136</size>
         <input_file_ref idref="fl-d5"/>
      </object_component>
      <object_component id="oc-b0">
         <name>.text</name>
         <load_address>0x924c</load_address>
         <run_address>0x924c</run_address>
         <size>0x108</size>
         <input_file_ref idref="fl-d"/>
      </object_component>
      <object_component id="oc-109">
         <name>.text</name>
         <load_address>0x9354</load_address>
         <run_address>0x9354</run_address>
         <size>0xfc</size>
         <input_file_ref idref="fl-d6"/>
      </object_component>
      <object_component id="oc-1e7">
         <name>.text</name>
         <load_address>0x9450</load_address>
         <run_address>0x9450</run_address>
         <size>0xfc</size>
         <input_file_ref idref="fl-df"/>
      </object_component>
      <object_component id="oc-3b">
         <name>.text</name>
         <load_address>0x954c</load_address>
         <run_address>0x954c</run_address>
         <size>0x9c</size>
         <input_file_ref idref="fl-da"/>
      </object_component>
      <object_component id="oc-7b">
         <name>.text</name>
         <load_address>0x95e8</load_address>
         <run_address>0x95e8</run_address>
         <size>0x88</size>
         <input_file_ref idref="fl-8"/>
      </object_component>
      <object_component id="oc-195">
         <name>.text:__aeabi_cdcmple</name>
         <load_address>0x9670</load_address>
         <run_address>0x9670</run_address>
         <size>0x86</size>
         <input_file_ref idref="fl-d4"/>
      </object_component>
      <object_component id="oc-190">
         <name>.text:__aeabi_cdrcmple</name>
         <load_address>0x96f6</load_address>
         <run_address>0x96f6</run_address>
         <size>0x86</size>
         <input_file_ref idref="fl-d4"/>
      </object_component>
      <object_component id="oc-47">
         <name>.text</name>
         <load_address>0x977c</load_address>
         <run_address>0x977c</run_address>
         <size>0x7a</size>
         <input_file_ref idref="fl-db"/>
      </object_component>
      <object_component id="oc-5f">
         <name>.text</name>
         <load_address>0x97f8</load_address>
         <run_address>0x97f8</run_address>
         <size>0x70</size>
         <input_file_ref idref="fl-e7"/>
      </object_component>
      <object_component id="oc-d5">
         <name>.text</name>
         <load_address>0x9868</load_address>
         <run_address>0x9868</run_address>
         <size>0x70</size>
         <input_file_ref idref="fl-de"/>
      </object_component>
      <object_component id="oc-10e">
         <name>.text</name>
         <load_address>0x98d8</load_address>
         <run_address>0x98d8</run_address>
         <size>0x6e</size>
         <input_file_ref idref="fl-d7"/>
      </object_component>
      <object_component id="oc-14">
         <name>.text:decompress:lzss</name>
         <load_address>0x9946</load_address>
         <run_address>0x9946</run_address>
         <size>0x68</size>
         <input_file_ref idref="fl-cc"/>
      </object_component>
      <object_component id="oc-245">
         <name>.text</name>
         <load_address>0x99b0</load_address>
         <run_address>0x99b0</run_address>
         <size>0x64</size>
         <input_file_ref idref="fl-ef"/>
      </object_component>
      <object_component id="oc-26">
         <name>.text</name>
         <load_address>0x9a14</load_address>
         <run_address>0x9a14</run_address>
         <size>0x54</size>
         <input_file_ref idref="fl-cb"/>
      </object_component>
      <object_component id="oc-6b">
         <name>.text</name>
         <load_address>0x9a68</load_address>
         <run_address>0x9a68</run_address>
         <size>0x54</size>
         <input_file_ref idref="fl-d2"/>
      </object_component>
      <object_component id="oc-23f">
         <name>.text</name>
         <load_address>0x9abc</load_address>
         <run_address>0x9abc</run_address>
         <size>0x54</size>
         <input_file_ref idref="fl-ec"/>
      </object_component>
      <object_component id="oc-251">
         <name>.text</name>
         <load_address>0x9b10</load_address>
         <run_address>0x9b10</run_address>
         <size>0x4c</size>
         <input_file_ref idref="fl-e6"/>
      </object_component>
      <object_component id="oc-a2">
         <name>.text</name>
         <load_address>0x9b5c</load_address>
         <run_address>0x9b5c</run_address>
         <size>0x4c</size>
         <input_file_ref idref="fl-e8"/>
      </object_component>
      <object_component id="oc-23a">
         <name>.text</name>
         <load_address>0x9ba8</load_address>
         <run_address>0x9ba8</run_address>
         <size>0x48</size>
         <input_file_ref idref="fl-eb"/>
      </object_component>
      <object_component id="oc-ed">
         <name>.text</name>
         <load_address>0x9bf0</load_address>
         <run_address>0x9bf0</run_address>
         <size>0x38</size>
         <input_file_ref idref="fl-d8"/>
      </object_component>
      <object_component id="oc-fe">
         <name>.text</name>
         <load_address>0x9c28</load_address>
         <run_address>0x9c28</run_address>
         <size>0x2e</size>
         <input_file_ref idref="fl-d9"/>
      </object_component>
      <object_component id="oc-186">
         <name>.text</name>
         <load_address>0x9c56</load_address>
         <run_address>0x9c56</run_address>
         <size>0x20</size>
         <input_file_ref idref="fl-e2"/>
      </object_component>
      <object_component id="oc-257">
         <name>.text</name>
         <load_address>0x9c76</load_address>
         <run_address>0x9c76</run_address>
         <size>0x1c</size>
         <input_file_ref idref="fl-ed"/>
      </object_component>
      <object_component id="oc-65">
         <name>.text</name>
         <load_address>0x9c94</load_address>
         <run_address>0x9c94</run_address>
         <size>0x18</size>
         <input_file_ref idref="fl-e5"/>
      </object_component>
      <object_component id="oc-24b">
         <name>.text</name>
         <load_address>0x9cac</load_address>
         <run_address>0x9cac</run_address>
         <size>0x16</size>
         <input_file_ref idref="fl-f1"/>
      </object_component>
      <object_component id="oc-165">
         <name>.text</name>
         <load_address>0x9cc4</load_address>
         <run_address>0x9cc4</run_address>
         <size>0x14</size>
         <input_file_ref idref="fl-e3"/>
      </object_component>
      <object_component id="oc-2b9">
         <name>.text</name>
         <load_address>0x9cd8</load_address>
         <run_address>0x9cd8</run_address>
         <size>0x14</size>
         <input_file_ref idref="fl-ee"/>
      </object_component>
      <object_component id="oc-154">
         <name>.text</name>
         <load_address>0x9cec</load_address>
         <run_address>0x9cec</run_address>
         <size>0x14</size>
         <input_file_ref idref="fl-e1"/>
      </object_component>
      <object_component id="oc-1a">
         <name>.text:decompress:none</name>
         <load_address>0x9d00</load_address>
         <run_address>0x9d00</run_address>
         <size>0xe</size>
         <input_file_ref idref="fl-cd"/>
      </object_component>
      <object_component id="oc-75">
         <name>.text</name>
         <load_address>0x9d0e</load_address>
         <run_address>0x9d0e</run_address>
         <size>0xe</size>
         <input_file_ref idref="fl-2"/>
      </object_component>
      <object_component id="oc-20">
         <name>.text:decompress:ZI</name>
         <load_address>0x9d1c</load_address>
         <run_address>0x9d1c</run_address>
         <size>0xc</size>
         <input_file_ref idref="fl-ce"/>
      </object_component>
      <object_component id="oc-59">
         <name>.text</name>
         <load_address>0x9d28</load_address>
         <run_address>0x9d28</run_address>
         <size>0x4</size>
         <input_file_ref idref="fl-dd"/>
      </object_component>
      <object_component id="oc-2db">
         <name>.const:.string:_ctypes_</name>
         <load_address>0x9d30</load_address>
         <run_address>0x9d30</run_address>
         <size>0x101</size>
         <input_file_ref idref="fl-e9"/>
      </object_component>
      <object_component id="oc-1cd">
         <name>.const:.string:$P$T5$6</name>
         <load_address>0x9e31</load_address>
         <run_address>0x9e31</run_address>
         <size>0x3</size>
         <input_file_ref idref="fl-f"/>
      </object_component>
      <object_component id="oc-1a1">
         <name>.const:.string:$P$T2$3</name>
         <load_address>0x9e34</load_address>
         <run_address>0x9e34</run_address>
         <size>0x2</size>
         <input_file_ref idref="fl-9"/>
      </object_component>
      <object_component id="oc-119">
         <name>.const:.string:$P$T2$3</name>
         <load_address>0x9e36</load_address>
         <run_address>0x9e36</run_address>
         <size>0x2</size>
         <input_file_ref idref="fl-10"/>
      </object_component>
      <object_component id="oc-1e4">
         <name>.const:$O1$$</name>
         <load_address>0x9e38</load_address>
         <run_address>0x9e38</run_address>
         <size>0x30</size>
         <input_file_ref idref="fl-cf"/>
      </object_component>
      <object_component id="oc-130">
         <name>.const:.string:$P$T22$7</name>
         <load_address>0x9e68</load_address>
         <run_address>0x9e68</run_address>
         <size>0x2</size>
         <input_file_ref idref="fl-10"/>
      </object_component>
      <object_component id="oc-1c7">
         <name>.const:.string:$P$T3$4</name>
         <load_address>0x9e6a</load_address>
         <run_address>0x9e6a</run_address>
         <size>0x2</size>
         <input_file_ref idref="fl-f"/>
      </object_component>
      <object_component id="oc-1a7">
         <name>.const:.string:$P$T4$5</name>
         <load_address>0x9e6c</load_address>
         <run_address>0x9e6c</run_address>
         <size>0x2</size>
         <input_file_ref idref="fl-9"/>
      </object_component>
      <object_component id="oc-1ca">
         <name>.const:.string:$P$T4$5</name>
         <load_address>0x9e6e</load_address>
         <run_address>0x9e6e</run_address>
         <size>0x2</size>
         <input_file_ref idref="fl-f"/>
      </object_component>
      <object_component id="oc-1ad">
         <name>.const:.string:$P$T6$7</name>
         <load_address>0x9e70</load_address>
         <run_address>0x9e70</run_address>
         <size>0x2</size>
         <input_file_ref idref="fl-9"/>
      </object_component>
      <object_component id="oc-1d0">
         <name>.const:.string:$P$T6$7</name>
         <load_address>0x9e72</load_address>
         <run_address>0x9e72</run_address>
         <size>0x2</size>
         <input_file_ref idref="fl-f"/>
      </object_component>
      <object_component id="oc-19b">
         <name>.const:.string:$P$T0$1</name>
         <load_address>0x9e74</load_address>
         <run_address>0x9e74</run_address>
         <size>0x1</size>
         <input_file_ref idref="fl-9"/>
      </object_component>
      <object_component id="oc-1be">
         <name>.const:.string:$P$T0$1</name>
         <load_address>0x9e75</load_address>
         <run_address>0x9e75</run_address>
         <size>0x1</size>
         <input_file_ref idref="fl-f"/>
      </object_component>
      <object_component id="oc-113">
         <name>.const:.string:$P$T0$1</name>
         <load_address>0x9e76</load_address>
         <run_address>0x9e76</run_address>
         <size>0x1</size>
         <input_file_ref idref="fl-10"/>
      </object_component>
      <object_component id="oc-19e">
         <name>.const:.string:$P$T1$2</name>
         <load_address>0x9e77</load_address>
         <run_address>0x9e77</run_address>
         <size>0x1</size>
         <input_file_ref idref="fl-9"/>
      </object_component>
      <object_component id="oc-1c1">
         <name>.const:.string:$P$T1$2</name>
         <load_address>0x9e78</load_address>
         <run_address>0x9e78</run_address>
         <size>0x1</size>
         <input_file_ref idref="fl-f"/>
      </object_component>
      <object_component id="oc-116">
         <name>.const:.string:$P$T1$2</name>
         <load_address>0x9e79</load_address>
         <run_address>0x9e79</run_address>
         <size>0x1</size>
         <input_file_ref idref="fl-10"/>
      </object_component>
      <object_component id="oc-127">
         <name>.const:.string:$P$T19$4</name>
         <load_address>0x9e7a</load_address>
         <run_address>0x9e7a</run_address>
         <size>0x1</size>
         <input_file_ref idref="fl-10"/>
      </object_component>
      <object_component id="oc-1c4">
         <name>.const:.string:$P$T2$3</name>
         <load_address>0x9e7b</load_address>
         <run_address>0x9e7b</run_address>
         <size>0x1</size>
         <input_file_ref idref="fl-f"/>
      </object_component>
      <object_component id="oc-12a">
         <name>.const:.string:$P$T20$5</name>
         <load_address>0x9e7c</load_address>
         <run_address>0x9e7c</run_address>
         <size>0x1</size>
         <input_file_ref idref="fl-10"/>
      </object_component>
      <object_component id="oc-12d">
         <name>.const:.string:$P$T21$6</name>
         <load_address>0x9e7d</load_address>
         <run_address>0x9e7d</run_address>
         <size>0x1</size>
         <input_file_ref idref="fl-10"/>
      </object_component>
      <object_component id="oc-1a4">
         <name>.const:.string:$P$T3$4</name>
         <load_address>0x9e7e</load_address>
         <run_address>0x9e7e</run_address>
         <size>0x1</size>
         <input_file_ref idref="fl-9"/>
      </object_component>
      <object_component id="oc-1aa">
         <name>.const:.string:$P$T5$6</name>
         <load_address>0x9e7f</load_address>
         <run_address>0x9e7f</run_address>
         <size>0x1</size>
         <input_file_ref idref="fl-9"/>
      </object_component>
      <object_component id="oc-1b0">
         <name>.const:.string:$P$T7$8</name>
         <load_address>0x9e80</load_address>
         <run_address>0x9e80</run_address>
         <size>0x1</size>
         <input_file_ref idref="fl-9"/>
      </object_component>
      <object_component id="oc-326">
         <name>.cinit..data.load</name>
         <load_address>0x9e88</load_address>
         <run_address>0x9e88</run_address>
         <size>0x3f</size>
      </object_component>
      <object_component id="oc-324">
         <name>__TI_handler_table</name>
         <load_address>0x9ec8</load_address>
         <run_address>0x9ec8</run_address>
         <size>0xc</size>
      </object_component>
      <object_component id="oc-327">
         <name>.cinit..bss.load</name>
         <load_address>0x9ed8</load_address>
         <run_address>0x9ed8</run_address>
         <size>0x8</size>
      </object_component>
      <object_component id="oc-325">
         <name>__TI_cinit_table</name>
         <load_address>0x9ee0</load_address>
         <run_address>0x9ee0</run_address>
         <size>0x10</size>
      </object_component>
      <object_component id="oc-301">
         <name>.binit</name>
         <load_address>0x0</load_address>
         <run_address>0x0</run_address>
         <size>0x0</size>
      </object_component>
      <object_component id="oc-171">
         <name>.data</name>
         <load_address>0x20000124</load_address>
         <run_address>0x20000124</run_address>
         <size>0x4</size>
         <input_file_ref idref="fl-3"/>
      </object_component>
      <object_component id="oc-1b3">
         <name>.data:lut_temp</name>
         <load_address>0x20000108</load_address>
         <run_address>0x20000108</run_address>
         <size>0xc</size>
         <input_file_ref idref="fl-9"/>
      </object_component>
      <object_component id="oc-1b6">
         <name>.data:lut_pwm</name>
         <load_address>0x200000fc</load_address>
         <run_address>0x200000fc</run_address>
         <size>0xc</size>
         <input_file_ref idref="fl-9"/>
      </object_component>
      <object_component id="oc-1e1">
         <name>.data</name>
         <load_address>0x2000011c</load_address>
         <run_address>0x2000011c</run_address>
         <size>0x4</size>
         <input_file_ref idref="fl-d1"/>
      </object_component>
      <object_component id="oc-b8">
         <name>.data:$O1$$</name>
         <load_address>0x200000f0</load_address>
         <run_address>0x200000f0</run_address>
         <size>0xc</size>
         <input_file_ref idref="fl-d2"/>
      </object_component>
      <object_component id="oc-71">
         <name>.data</name>
         <load_address>0x20000120</load_address>
         <run_address>0x20000120</run_address>
         <size>0x4</size>
         <input_file_ref idref="fl-e0"/>
      </object_component>
      <object_component id="oc-bb">
         <name>.data:$O1$$</name>
         <load_address>0x20000114</load_address>
         <run_address>0x20000114</run_address>
         <size>0x8</size>
         <input_file_ref idref="fl-e3"/>
      </object_component>
      <object_component id="oc-17c">
         <name>.data:_ftable</name>
         <load_address>0x20000000</load_address>
         <run_address>0x20000000</run_address>
         <size>0xf0</size>
         <input_file_ref idref="fl-ea"/>
      </object_component>
      <object_component id="oc-1d5">
         <name>.bss</name>
         <uninitialized>true</uninitialized>
         <run_address>0x20000158</run_address>
         <size>0x6</size>
         <input_file_ref idref="fl-a"/>
      </object_component>
      <object_component id="oc-221">
         <name>.bss:UART_RX_buffer</name>
         <uninitialized>true</uninitialized>
         <run_address>0x20000128</run_address>
         <size>0x30</size>
         <input_file_ref idref="fl-11"/>
      </object_component>
      <object_component id="oc-2f">
         <name>.stack</name>
         <uninitialized>true</uninitialized>
         <run_address>0x2000f800</run_address>
         <size>0x0</size>
         <input_file_ref idref="fl-cb"/>
      </object_component>
      <object_component id="oc-328">
         <name>.stack</name>
         <uninitialized>true</uninitialized>
         <run_address>0x2000f800</run_address>
         <size>0x0</size>
      </object_component>
      <object_component id="oc-89">
         <name>.debug_info</name>
         <load_address>0x0</load_address>
         <run_address>0x0</run_address>
         <size>0x2b0</size>
         <input_file_ref idref="fl-2"/>
      </object_component>
      <object_component id="oc-2d">
         <name>.debug_info</name>
         <load_address>0x2b0</load_address>
         <run_address>0x2b0</run_address>
         <size>0xee</size>
         <input_file_ref idref="fl-2"/>
      </object_component>
      <object_component id="oc-76">
         <name>.debug_info</name>
         <load_address>0x39e</load_address>
         <run_address>0x39e</run_address>
         <size>0x1b5</size>
         <input_file_ref idref="fl-2"/>
      </object_component>
      <object_component id="oc-36">
         <name>.debug_info</name>
         <load_address>0x553</load_address>
         <run_address>0x553</run_address>
         <size>0x84</size>
         <input_file_ref idref="fl-2"/>
      </object_component>
      <object_component id="oc-cb">
         <name>.debug_info</name>
         <load_address>0x5d7</load_address>
         <run_address>0x5d7</run_address>
         <size>0x18b</size>
         <input_file_ref idref="fl-2"/>
      </object_component>
      <object_component id="oc-175">
         <name>.debug_info</name>
         <load_address>0x762</load_address>
         <run_address>0x762</run_address>
         <size>0x51e</size>
         <input_file_ref idref="fl-3"/>
      </object_component>
      <object_component id="oc-172">
         <name>.debug_info</name>
         <load_address>0xc80</load_address>
         <run_address>0xc80</run_address>
         <size>0xe7</size>
         <input_file_ref idref="fl-3"/>
      </object_component>
      <object_component id="oc-c4">
         <name>.debug_info</name>
         <load_address>0xd67</load_address>
         <run_address>0xd67</run_address>
         <size>0x259</size>
         <input_file_ref idref="fl-3"/>
      </object_component>
      <object_component id="oc-d0">
         <name>.debug_info</name>
         <load_address>0xfc0</load_address>
         <run_address>0xfc0</run_address>
         <size>0x37cd</size>
         <input_file_ref idref="fl-3"/>
      </object_component>
      <object_component id="oc-20f">
         <name>.debug_info</name>
         <load_address>0x478d</load_address>
         <run_address>0x478d</run_address>
         <size>0x1055</size>
         <input_file_ref idref="fl-3"/>
      </object_component>
      <object_component id="oc-1bc">
         <name>.debug_info</name>
         <load_address>0x57e2</load_address>
         <run_address>0x57e2</run_address>
         <size>0x682</size>
         <input_file_ref idref="fl-4"/>
      </object_component>
      <object_component id="oc-e8">
         <name>.debug_info</name>
         <load_address>0x5e64</load_address>
         <run_address>0x5e64</run_address>
         <size>0x1137</size>
         <input_file_ref idref="fl-4"/>
      </object_component>
      <object_component id="oc-229">
         <name>.debug_info</name>
         <load_address>0x6f9b</load_address>
         <run_address>0x6f9b</run_address>
         <size>0xc8</size>
         <input_file_ref idref="fl-4"/>
      </object_component>
      <object_component id="oc-181">
         <name>.debug_info</name>
         <load_address>0x7063</load_address>
         <run_address>0x7063</run_address>
         <size>0x4e</size>
         <input_file_ref idref="fl-4"/>
      </object_component>
      <object_component id="oc-2cc">
         <name>.debug_info</name>
         <load_address>0x70b1</load_address>
         <run_address>0x70b1</run_address>
         <size>0xc6</size>
         <input_file_ref idref="fl-4"/>
      </object_component>
      <object_component id="oc-dc">
         <name>.debug_info</name>
         <load_address>0x7177</load_address>
         <run_address>0x7177</run_address>
         <size>0x1144</size>
         <input_file_ref idref="fl-5"/>
      </object_component>
      <object_component id="oc-7c">
         <name>.debug_info</name>
         <load_address>0x82bb</load_address>
         <run_address>0x82bb</run_address>
         <size>0x289</size>
         <input_file_ref idref="fl-8"/>
      </object_component>
      <object_component id="oc-1ba">
         <name>.debug_info</name>
         <load_address>0x8544</load_address>
         <run_address>0x8544</run_address>
         <size>0x6f7</size>
         <input_file_ref idref="fl-9"/>
      </object_component>
      <object_component id="oc-1b4">
         <name>.debug_info</name>
         <load_address>0x8c3b</load_address>
         <run_address>0x8c3b</run_address>
         <size>0xdf</size>
         <input_file_ref idref="fl-9"/>
      </object_component>
      <object_component id="oc-1b7">
         <name>.debug_info</name>
         <load_address>0x8d1a</load_address>
         <run_address>0x8d1a</run_address>
         <size>0xdd</size>
         <input_file_ref idref="fl-9"/>
      </object_component>
      <object_component id="oc-19c">
         <name>.debug_info</name>
         <load_address>0x8df7</load_address>
         <run_address>0x8df7</run_address>
         <size>0xdc</size>
         <input_file_ref idref="fl-9"/>
      </object_component>
      <object_component id="oc-19f">
         <name>.debug_info</name>
         <load_address>0x8ed3</load_address>
         <run_address>0x8ed3</run_address>
         <size>0xdc</size>
         <input_file_ref idref="fl-9"/>
      </object_component>
      <object_component id="oc-1a2">
         <name>.debug_info</name>
         <load_address>0x8faf</load_address>
         <run_address>0x8faf</run_address>
         <size>0xdc</size>
         <input_file_ref idref="fl-9"/>
      </object_component>
      <object_component id="oc-1a5">
         <name>.debug_info</name>
         <load_address>0x908b</load_address>
         <run_address>0x908b</run_address>
         <size>0xdc</size>
         <input_file_ref idref="fl-9"/>
      </object_component>
      <object_component id="oc-1a8">
         <name>.debug_info</name>
         <load_address>0x9167</load_address>
         <run_address>0x9167</run_address>
         <size>0xdc</size>
         <input_file_ref idref="fl-9"/>
      </object_component>
      <object_component id="oc-1ab">
         <name>.debug_info</name>
         <load_address>0x9243</load_address>
         <run_address>0x9243</run_address>
         <size>0xdc</size>
         <input_file_ref idref="fl-9"/>
      </object_component>
      <object_component id="oc-1ae">
         <name>.debug_info</name>
         <load_address>0x931f</load_address>
         <run_address>0x931f</run_address>
         <size>0xdc</size>
         <input_file_ref idref="fl-9"/>
      </object_component>
      <object_component id="oc-1b1">
         <name>.debug_info</name>
         <load_address>0x93fb</load_address>
         <run_address>0x93fb</run_address>
         <size>0xdc</size>
         <input_file_ref idref="fl-9"/>
      </object_component>
      <object_component id="oc-e2">
         <name>.debug_info</name>
         <load_address>0x94d7</load_address>
         <run_address>0x94d7</run_address>
         <size>0x3df</size>
         <input_file_ref idref="fl-9"/>
      </object_component>
      <object_component id="oc-293">
         <name>.debug_info</name>
         <load_address>0x98b6</load_address>
         <run_address>0x98b6</run_address>
         <size>0x37cd</size>
         <input_file_ref idref="fl-9"/>
      </object_component>
      <object_component id="oc-1d9">
         <name>.debug_info</name>
         <load_address>0xd083</load_address>
         <run_address>0xd083</run_address>
         <size>0x609</size>
         <input_file_ref idref="fl-a"/>
      </object_component>
      <object_component id="oc-1d6">
         <name>.debug_info</name>
         <load_address>0xd68c</load_address>
         <run_address>0xd68c</run_address>
         <size>0x1b3</size>
         <input_file_ref idref="fl-a"/>
      </object_component>
      <object_component id="oc-f9">
         <name>.debug_info</name>
         <load_address>0xd83f</load_address>
         <run_address>0xd83f</run_address>
         <size>0x1056</size>
         <input_file_ref idref="fl-a"/>
      </object_component>
      <object_component id="oc-149">
         <name>.debug_info</name>
         <load_address>0xe895</load_address>
         <run_address>0xe895</run_address>
         <size>0x249</size>
         <input_file_ref idref="fl-b"/>
      </object_component>
      <object_component id="oc-15b">
         <name>.debug_info</name>
         <load_address>0xeade</load_address>
         <run_address>0xeade</run_address>
         <size>0x6c7</size>
         <input_file_ref idref="fl-d"/>
      </object_component>
      <object_component id="oc-b1">
         <name>.debug_info</name>
         <load_address>0xf1a5</load_address>
         <run_address>0xf1a5</run_address>
         <size>0x395</size>
         <input_file_ref idref="fl-d"/>
      </object_component>
      <object_component id="oc-1fe">
         <name>.debug_info</name>
         <load_address>0xf53a</load_address>
         <run_address>0xf53a</run_address>
         <size>0x6f3</size>
         <input_file_ref idref="fl-e"/>
      </object_component>
      <object_component id="oc-11d">
         <name>.debug_info</name>
         <load_address>0xfc2d</load_address>
         <run_address>0xfc2d</run_address>
         <size>0xdf6</size>
         <input_file_ref idref="fl-e"/>
      </object_component>
      <object_component id="oc-1d4">
         <name>.debug_info</name>
         <load_address>0x10a23</load_address>
         <run_address>0x10a23</run_address>
         <size>0x746</size>
         <input_file_ref idref="fl-f"/>
      </object_component>
      <object_component id="oc-1bf">
         <name>.debug_info</name>
         <load_address>0x11169</load_address>
         <run_address>0x11169</run_address>
         <size>0xd1</size>
         <input_file_ref idref="fl-f"/>
      </object_component>
      <object_component id="oc-1c2">
         <name>.debug_info</name>
         <load_address>0x1123a</load_address>
         <run_address>0x1123a</run_address>
         <size>0xd1</size>
         <input_file_ref idref="fl-f"/>
      </object_component>
      <object_component id="oc-1c5">
         <name>.debug_info</name>
         <load_address>0x1130b</load_address>
         <run_address>0x1130b</run_address>
         <size>0xd1</size>
         <input_file_ref idref="fl-f"/>
      </object_component>
      <object_component id="oc-1c8">
         <name>.debug_info</name>
         <load_address>0x113dc</load_address>
         <run_address>0x113dc</run_address>
         <size>0xd1</size>
         <input_file_ref idref="fl-f"/>
      </object_component>
      <object_component id="oc-1cb">
         <name>.debug_info</name>
         <load_address>0x114ad</load_address>
         <run_address>0x114ad</run_address>
         <size>0xd1</size>
         <input_file_ref idref="fl-f"/>
      </object_component>
      <object_component id="oc-1ce">
         <name>.debug_info</name>
         <load_address>0x1157e</load_address>
         <run_address>0x1157e</run_address>
         <size>0xd1</size>
         <input_file_ref idref="fl-f"/>
      </object_component>
      <object_component id="oc-1d1">
         <name>.debug_info</name>
         <load_address>0x1164f</load_address>
         <run_address>0x1164f</run_address>
         <size>0xd1</size>
         <input_file_ref idref="fl-f"/>
      </object_component>
      <object_component id="oc-f3">
         <name>.debug_info</name>
         <load_address>0x11720</load_address>
         <run_address>0x11720</run_address>
         <size>0x608</size>
         <input_file_ref idref="fl-f"/>
      </object_component>
      <object_component id="oc-2aa">
         <name>.debug_info</name>
         <load_address>0x11d28</load_address>
         <run_address>0x11d28</run_address>
         <size>0x37cd</size>
         <input_file_ref idref="fl-f"/>
      </object_component>
      <object_component id="oc-134">
         <name>.debug_info</name>
         <load_address>0x154f5</load_address>
         <run_address>0x154f5</run_address>
         <size>0xba4</size>
         <input_file_ref idref="fl-10"/>
      </object_component>
      <object_component id="oc-114">
         <name>.debug_info</name>
         <load_address>0x16099</load_address>
         <run_address>0x16099</run_address>
         <size>0xd5</size>
         <input_file_ref idref="fl-10"/>
      </object_component>
      <object_component id="oc-117">
         <name>.debug_info</name>
         <load_address>0x1616e</load_address>
         <run_address>0x1616e</run_address>
         <size>0xd5</size>
         <input_file_ref idref="fl-10"/>
      </object_component>
      <object_component id="oc-11a">
         <name>.debug_info</name>
         <load_address>0x16243</load_address>
         <run_address>0x16243</run_address>
         <size>0xd5</size>
         <input_file_ref idref="fl-10"/>
      </object_component>
      <object_component id="oc-128">
         <name>.debug_info</name>
         <load_address>0x16318</load_address>
         <run_address>0x16318</run_address>
         <size>0xd7</size>
         <input_file_ref idref="fl-10"/>
      </object_component>
      <object_component id="oc-12b">
         <name>.debug_info</name>
         <load_address>0x163ef</load_address>
         <run_address>0x163ef</run_address>
         <size>0xd7</size>
         <input_file_ref idref="fl-10"/>
      </object_component>
      <object_component id="oc-12e">
         <name>.debug_info</name>
         <load_address>0x164c6</load_address>
         <run_address>0x164c6</run_address>
         <size>0xd7</size>
         <input_file_ref idref="fl-10"/>
      </object_component>
      <object_component id="oc-131">
         <name>.debug_info</name>
         <load_address>0x1659d</load_address>
         <run_address>0x1659d</run_address>
         <size>0xd7</size>
         <input_file_ref idref="fl-10"/>
      </object_component>
      <object_component id="oc-82">
         <name>.debug_info</name>
         <load_address>0x16674</load_address>
         <run_address>0x16674</run_address>
         <size>0x18f0</size>
         <input_file_ref idref="fl-10"/>
      </object_component>
      <object_component id="oc-20a">
         <name>.debug_info</name>
         <load_address>0x17f64</load_address>
         <run_address>0x17f64</run_address>
         <size>0x37cd</size>
         <input_file_ref idref="fl-10"/>
      </object_component>
      <object_component id="oc-222">
         <name>.debug_info</name>
         <load_address>0x1b731</load_address>
         <run_address>0x1b731</run_address>
         <size>0xde</size>
         <input_file_ref idref="fl-11"/>
      </object_component>
      <object_component id="oc-14f">
         <name>.debug_info</name>
         <load_address>0x1b80f</load_address>
         <run_address>0x1b80f</run_address>
         <size>0x32d</size>
         <input_file_ref idref="fl-11"/>
      </object_component>
      <object_component id="oc-27">
         <name>.debug_info</name>
         <load_address>0x1bb3c</load_address>
         <run_address>0x1bb3c</run_address>
         <size>0x160</size>
         <input_file_ref idref="fl-cb"/>
      </object_component>
      <object_component id="oc-8f">
         <name>.debug_info</name>
         <load_address>0x1bc9c</load_address>
         <run_address>0x1bc9c</run_address>
         <size>0x293</size>
         <input_file_ref idref="fl-cc"/>
      </object_component>
      <object_component id="oc-17">
         <name>.debug_info</name>
         <load_address>0x1bf2f</load_address>
         <run_address>0x1bf2f</run_address>
         <size>0x245</size>
         <input_file_ref idref="fl-cc"/>
      </object_component>
      <object_component id="oc-31">
         <name>.debug_info</name>
         <load_address>0x1c174</load_address>
         <run_address>0x1c174</run_address>
         <size>0x60</size>
         <input_file_ref idref="fl-cc"/>
      </object_component>
      <object_component id="oc-8a">
         <name>.debug_info</name>
         <load_address>0x1c1d4</load_address>
         <run_address>0x1c1d4</run_address>
         <size>0x46</size>
         <input_file_ref idref="fl-cc"/>
      </object_component>
      <object_component id="oc-46">
         <name>.debug_info</name>
         <load_address>0x1c21a</load_address>
         <run_address>0x1c21a</run_address>
         <size>0x2da</size>
         <input_file_ref idref="fl-cd"/>
      </object_component>
      <object_component id="oc-1d">
         <name>.debug_info</name>
         <load_address>0x1c4f4</load_address>
         <run_address>0x1c4f4</run_address>
         <size>0x1df</size>
         <input_file_ref idref="fl-cd"/>
      </object_component>
      <object_component id="oc-41">
         <name>.debug_info</name>
         <load_address>0x1c6d3</load_address>
         <run_address>0x1c6d3</run_address>
         <size>0x46</size>
         <input_file_ref idref="fl-cd"/>
      </object_component>
      <object_component id="oc-91">
         <name>.debug_info</name>
         <load_address>0x1c719</load_address>
         <run_address>0x1c719</run_address>
         <size>0x2c</size>
         <input_file_ref idref="fl-cd"/>
      </object_component>
      <object_component id="oc-52">
         <name>.debug_info</name>
         <load_address>0x1c745</load_address>
         <run_address>0x1c745</run_address>
         <size>0x2c9</size>
         <input_file_ref idref="fl-ce"/>
      </object_component>
      <object_component id="oc-22">
         <name>.debug_info</name>
         <load_address>0x1ca0e</load_address>
         <run_address>0x1ca0e</run_address>
         <size>0x1aa</size>
         <input_file_ref idref="fl-ce"/>
      </object_component>
      <object_component id="oc-4d">
         <name>.debug_info</name>
         <load_address>0x1cbb8</load_address>
         <run_address>0x1cbb8</run_address>
         <size>0x46</size>
         <input_file_ref idref="fl-ce"/>
      </object_component>
      <object_component id="oc-99">
         <name>.debug_info</name>
         <load_address>0x1cbfe</load_address>
         <run_address>0x1cbfe</run_address>
         <size>0x2c</size>
         <input_file_ref idref="fl-ce"/>
      </object_component>
      <object_component id="oc-1f3">
         <name>.debug_info</name>
         <load_address>0x1cc2a</load_address>
         <run_address>0x1cc2a</run_address>
         <size>0x39b</size>
         <input_file_ref idref="fl-cf"/>
      </object_component>
      <object_component id="oc-1e5">
         <name>.debug_info</name>
         <load_address>0x1cfc5</load_address>
         <run_address>0x1cfc5</run_address>
         <size>0x11d</size>
         <input_file_ref idref="fl-cf"/>
      </object_component>
      <object_component id="oc-106">
         <name>.debug_info</name>
         <load_address>0x1d0e2</load_address>
         <run_address>0x1d0e2</run_address>
         <size>0xb75</size>
         <input_file_ref idref="fl-cf"/>
      </object_component>
      <object_component id="oc-1ee">
         <name>.debug_info</name>
         <load_address>0x1dc57</load_address>
         <run_address>0x1dc57</run_address>
         <size>0x39</size>
         <input_file_ref idref="fl-cf"/>
      </object_component>
      <object_component id="oc-2b4">
         <name>.debug_info</name>
         <load_address>0x1dc90</load_address>
         <run_address>0x1dc90</run_address>
         <size>0x2e3</size>
         <input_file_ref idref="fl-d0"/>
      </object_component>
      <object_component id="oc-1df">
         <name>.debug_info</name>
         <load_address>0x1df73</load_address>
         <run_address>0x1df73</run_address>
         <size>0x240</size>
         <input_file_ref idref="fl-d0"/>
      </object_component>
      <object_component id="oc-1e2">
         <name>.debug_info</name>
         <load_address>0x1e1b3</load_address>
         <run_address>0x1e1b3</run_address>
         <size>0xf3</size>
         <input_file_ref idref="fl-d1"/>
      </object_component>
      <object_component id="oc-bf">
         <name>.debug_info</name>
         <load_address>0x1e2a6</load_address>
         <run_address>0x1e2a6</run_address>
         <size>0x3ce</size>
         <input_file_ref idref="fl-d2"/>
      </object_component>
      <object_component id="oc-b9">
         <name>.debug_info</name>
         <load_address>0x1e674</load_address>
         <run_address>0x1e674</run_address>
         <size>0x185</size>
         <input_file_ref idref="fl-d2"/>
      </object_component>
      <object_component id="oc-6d">
         <name>.debug_info</name>
         <load_address>0x1e7f9</load_address>
         <run_address>0x1e7f9</run_address>
         <size>0x214</size>
         <input_file_ref idref="fl-d2"/>
      </object_component>
      <object_component id="oc-124">
         <name>.debug_info</name>
         <load_address>0x1ea0d</load_address>
         <run_address>0x1ea0d</run_address>
         <size>0x144</size>
         <input_file_ref idref="fl-d3"/>
      </object_component>
      <object_component id="oc-198">
         <name>.debug_info</name>
         <load_address>0x1eb51</load_address>
         <run_address>0x1eb51</run_address>
         <size>0x120</size>
         <input_file_ref idref="fl-d4"/>
      </object_component>
      <object_component id="oc-192">
         <name>.debug_info</name>
         <load_address>0x1ec71</load_address>
         <run_address>0x1ec71</run_address>
         <size>0x122</size>
         <input_file_ref idref="fl-d4"/>
      </object_component>
      <object_component id="oc-18d">
         <name>.debug_info</name>
         <load_address>0x1ed93</load_address>
         <run_address>0x1ed93</run_address>
         <size>0x132</size>
         <input_file_ref idref="fl-d5"/>
      </object_component>
      <object_component id="oc-10c">
         <name>.debug_info</name>
         <load_address>0x1eec5</load_address>
         <run_address>0x1eec5</run_address>
         <size>0x132</size>
         <input_file_ref idref="fl-d6"/>
      </object_component>
      <object_component id="oc-10f">
         <name>.debug_info</name>
         <load_address>0x1eff7</load_address>
         <run_address>0x1eff7</run_address>
         <size>0x136</size>
         <input_file_ref idref="fl-d7"/>
      </object_component>
      <object_component id="oc-f0">
         <name>.debug_info</name>
         <load_address>0x1f12d</load_address>
         <run_address>0x1f12d</run_address>
         <size>0x124</size>
         <input_file_ref idref="fl-d8"/>
      </object_component>
      <object_component id="oc-100">
         <name>.debug_info</name>
         <load_address>0x1f251</load_address>
         <run_address>0x1f251</run_address>
         <size>0x124</size>
         <input_file_ref idref="fl-d9"/>
      </object_component>
      <object_component id="oc-3c">
         <name>.debug_info</name>
         <load_address>0x1f375</load_address>
         <run_address>0x1f375</run_address>
         <size>0x111</size>
         <input_file_ref idref="fl-da"/>
      </object_component>
      <object_component id="oc-48">
         <name>.debug_info</name>
         <load_address>0x1f486</load_address>
         <run_address>0x1f486</run_address>
         <size>0x13f</size>
         <input_file_ref idref="fl-db"/>
      </object_component>
      <object_component id="oc-54">
         <name>.debug_info</name>
         <load_address>0x1f5c5</load_address>
         <run_address>0x1f5c5</run_address>
         <size>0x138</size>
         <input_file_ref idref="fl-dc"/>
      </object_component>
      <object_component id="oc-5a">
         <name>.debug_info</name>
         <load_address>0x1f6fd</load_address>
         <run_address>0x1f6fd</run_address>
         <size>0x148</size>
         <input_file_ref idref="fl-dd"/>
      </object_component>
      <object_component id="oc-180">
         <name>.debug_info</name>
         <load_address>0x1f845</load_address>
         <run_address>0x1f845</run_address>
         <size>0x3c6</size>
         <input_file_ref idref="fl-de"/>
      </object_component>
      <object_component id="oc-d6">
         <name>.debug_info</name>
         <load_address>0x1fc0b</load_address>
         <run_address>0x1fc0b</run_address>
         <size>0x284</size>
         <input_file_ref idref="fl-de"/>
      </object_component>
      <object_component id="oc-274">
         <name>.debug_info</name>
         <load_address>0x1fe8f</load_address>
         <run_address>0x1fe8f</run_address>
         <size>0xae</size>
         <input_file_ref idref="fl-de"/>
      </object_component>
      <object_component id="oc-2c0">
         <name>.debug_info</name>
         <load_address>0x1ff3d</load_address>
         <run_address>0x1ff3d</run_address>
         <size>0x316</size>
         <input_file_ref idref="fl-df"/>
      </object_component>
      <object_component id="oc-1e8">
         <name>.debug_info</name>
         <load_address>0x20253</load_address>
         <run_address>0x20253</run_address>
         <size>0x1d5</size>
         <input_file_ref idref="fl-df"/>
      </object_component>
      <object_component id="oc-2c1">
         <name>.debug_info</name>
         <load_address>0x20428</load_address>
         <run_address>0x20428</run_address>
         <size>0x2c</size>
         <input_file_ref idref="fl-df"/>
      </object_component>
      <object_component id="oc-72">
         <name>.debug_info</name>
         <load_address>0x20454</load_address>
         <run_address>0x20454</run_address>
         <size>0x109</size>
         <input_file_ref idref="fl-e0"/>
      </object_component>
      <object_component id="oc-226">
         <name>.debug_info</name>
         <load_address>0x2055d</load_address>
         <run_address>0x2055d</run_address>
         <size>0x284</size>
         <input_file_ref idref="fl-e1"/>
      </object_component>
      <object_component id="oc-155">
         <name>.debug_info</name>
         <load_address>0x207e1</load_address>
         <run_address>0x207e1</run_address>
         <size>0x22a</size>
         <input_file_ref idref="fl-e1"/>
      </object_component>
      <object_component id="oc-188">
         <name>.debug_info</name>
         <load_address>0x20a0b</load_address>
         <run_address>0x20a0b</run_address>
         <size>0x126</size>
         <input_file_ref idref="fl-e2"/>
      </object_component>
      <object_component id="oc-16d">
         <name>.debug_info</name>
         <load_address>0x20b31</load_address>
         <run_address>0x20b31</run_address>
         <size>0x2be</size>
         <input_file_ref idref="fl-e3"/>
      </object_component>
      <object_component id="oc-bc">
         <name>.debug_info</name>
         <load_address>0x20def</load_address>
         <run_address>0x20def</run_address>
         <size>0x113</size>
         <input_file_ref idref="fl-e3"/>
      </object_component>
      <object_component id="oc-169">
         <name>.debug_info</name>
         <load_address>0x20f02</load_address>
         <run_address>0x20f02</run_address>
         <size>0x21f</size>
         <input_file_ref idref="fl-e3"/>
      </object_component>
      <object_component id="oc-25e">
         <name>.debug_info</name>
         <load_address>0x21121</load_address>
         <run_address>0x21121</run_address>
         <size>0x51f</size>
         <input_file_ref idref="fl-e4"/>
      </object_component>
      <object_component id="oc-178">
         <name>.debug_info</name>
         <load_address>0x21640</load_address>
         <run_address>0x21640</run_address>
         <size>0x1543</size>
         <input_file_ref idref="fl-e4"/>
      </object_component>
      <object_component id="oc-25f">
         <name>.debug_info</name>
         <load_address>0x22b83</load_address>
         <run_address>0x22b83</run_address>
         <size>0x86</size>
         <input_file_ref idref="fl-e4"/>
      </object_component>
      <object_component id="oc-269">
         <name>.debug_info</name>
         <load_address>0x22c09</load_address>
         <run_address>0x22c09</run_address>
         <size>0x2c</size>
         <input_file_ref idref="fl-e4"/>
      </object_component>
      <object_component id="oc-2e4">
         <name>.debug_info</name>
         <load_address>0x22c35</load_address>
         <run_address>0x22c35</run_address>
         <size>0x46</size>
         <input_file_ref idref="fl-e4"/>
      </object_component>
      <object_component id="oc-264">
         <name>.debug_info</name>
         <load_address>0x22c7b</load_address>
         <run_address>0x22c7b</run_address>
         <size>0x39</size>
         <input_file_ref idref="fl-e4"/>
      </object_component>
      <object_component id="oc-b7">
         <name>.debug_info</name>
         <load_address>0x22cb4</load_address>
         <run_address>0x22cb4</run_address>
         <size>0x300</size>
         <input_file_ref idref="fl-e5"/>
      </object_component>
      <object_component id="oc-69">
         <name>.debug_info</name>
         <load_address>0x22fb4</load_address>
         <run_address>0x22fb4</run_address>
         <size>0x167</size>
         <input_file_ref idref="fl-e5"/>
      </object_component>
      <object_component id="oc-15e">
         <name>.debug_info</name>
         <load_address>0x2311b</load_address>
         <run_address>0x2311b</run_address>
         <size>0x5e</size>
         <input_file_ref idref="fl-e5"/>
      </object_component>
      <object_component id="oc-2df">
         <name>.debug_info</name>
         <load_address>0x23179</load_address>
         <run_address>0x23179</run_address>
         <size>0x2ae</size>
         <input_file_ref idref="fl-e6"/>
      </object_component>
      <object_component id="oc-252">
         <name>.debug_info</name>
         <load_address>0x23427</load_address>
         <run_address>0x23427</run_address>
         <size>0x171</size>
         <input_file_ref idref="fl-e6"/>
      </object_component>
      <object_component id="oc-af">
         <name>.debug_info</name>
         <load_address>0x23598</load_address>
         <run_address>0x23598</run_address>
         <size>0x483</size>
         <input_file_ref idref="fl-e7"/>
      </object_component>
      <object_component id="oc-60">
         <name>.debug_info</name>
         <load_address>0x23a1b</load_address>
         <run_address>0x23a1b</run_address>
         <size>0x190</size>
         <input_file_ref idref="fl-e7"/>
      </object_component>
      <object_component id="oc-13e">
         <name>.debug_info</name>
         <load_address>0x23bab</load_address>
         <run_address>0x23bab</run_address>
         <size>0x39</size>
         <input_file_ref idref="fl-e7"/>
      </object_component>
      <object_component id="oc-21b">
         <name>.debug_info</name>
         <load_address>0x23be4</load_address>
         <run_address>0x23be4</run_address>
         <size>0x39</size>
         <input_file_ref idref="fl-e7"/>
      </object_component>
      <object_component id="oc-143">
         <name>.debug_info</name>
         <load_address>0x23c1d</load_address>
         <run_address>0x23c1d</run_address>
         <size>0xcd</size>
         <input_file_ref idref="fl-e7"/>
      </object_component>
      <object_component id="oc-13a">
         <name>.debug_info</name>
         <load_address>0x23cea</load_address>
         <run_address>0x23cea</run_address>
         <size>0x37a</size>
         <input_file_ref idref="fl-e8"/>
      </object_component>
      <object_component id="oc-a5">
         <name>.debug_info</name>
         <load_address>0x24064</load_address>
         <run_address>0x24064</run_address>
         <size>0x183</size>
         <input_file_ref idref="fl-e8"/>
      </object_component>
      <object_component id="oc-216">
         <name>.debug_info</name>
         <load_address>0x241e7</load_address>
         <run_address>0x241e7</run_address>
         <size>0x2c</size>
         <input_file_ref idref="fl-e8"/>
      </object_component>
      <object_component id="oc-2f8">
         <name>.debug_info</name>
         <load_address>0x24213</load_address>
         <run_address>0x24213</run_address>
         <size>0xee</size>
         <input_file_ref idref="fl-e9"/>
      </object_component>
      <object_component id="oc-2dc">
         <name>.debug_info</name>
         <load_address>0x24301</load_address>
         <run_address>0x24301</run_address>
         <size>0xfa</size>
         <input_file_ref idref="fl-e9"/>
      </object_component>
      <object_component id="oc-270">
         <name>.debug_info</name>
         <load_address>0x243fb</load_address>
         <run_address>0x243fb</run_address>
         <size>0x139</size>
         <input_file_ref idref="fl-ea"/>
      </object_component>
      <object_component id="oc-17d">
         <name>.debug_info</name>
         <load_address>0x24534</load_address>
         <run_address>0x24534</run_address>
         <size>0xf7</size>
         <input_file_ref idref="fl-ea"/>
      </object_component>
      <object_component id="oc-23c">
         <name>.debug_info</name>
         <load_address>0x2462b</load_address>
         <run_address>0x2462b</run_address>
         <size>0x126</size>
         <input_file_ref idref="fl-eb"/>
      </object_component>
      <object_component id="oc-2d6">
         <name>.debug_info</name>
         <load_address>0x24751</load_address>
         <run_address>0x24751</run_address>
         <size>0x2e6</size>
         <input_file_ref idref="fl-ec"/>
      </object_component>
      <object_component id="oc-243">
         <name>.debug_info</name>
         <load_address>0x24a37</load_address>
         <run_address>0x24a37</run_address>
         <size>0x1c2</size>
         <input_file_ref idref="fl-ec"/>
      </object_component>
      <object_component id="oc-2e1">
         <name>.debug_info</name>
         <load_address>0x24bf9</load_address>
         <run_address>0x24bf9</run_address>
         <size>0x28b</size>
         <input_file_ref idref="fl-ed"/>
      </object_component>
      <object_component id="oc-258">
         <name>.debug_info</name>
         <load_address>0x24e84</load_address>
         <run_address>0x24e84</run_address>
         <size>0x1ab</size>
         <input_file_ref idref="fl-ed"/>
      </object_component>
      <object_component id="oc-2bb">
         <name>.debug_info</name>
         <load_address>0x2502f</load_address>
         <run_address>0x2502f</run_address>
         <size>0x156</size>
         <input_file_ref idref="fl-ee"/>
      </object_component>
      <object_component id="oc-2d8">
         <name>.debug_info</name>
         <load_address>0x25185</load_address>
         <run_address>0x25185</run_address>
         <size>0x2d9</size>
         <input_file_ref idref="fl-ef"/>
      </object_component>
      <object_component id="oc-247">
         <name>.debug_info</name>
         <load_address>0x2545e</load_address>
         <run_address>0x2545e</run_address>
         <size>0x18a</size>
         <input_file_ref idref="fl-ef"/>
      </object_component>
      <object_component id="oc-aa">
         <name>.debug_info</name>
         <load_address>0x255e8</load_address>
         <run_address>0x255e8</run_address>
         <size>0x145</size>
         <input_file_ref idref="fl-f0"/>
      </object_component>
      <object_component id="oc-2da">
         <name>.debug_info</name>
         <load_address>0x2572d</load_address>
         <run_address>0x2572d</run_address>
         <size>0x28f</size>
         <input_file_ref idref="fl-f1"/>
      </object_component>
      <object_component id="oc-24e">
         <name>.debug_info</name>
         <load_address>0x259bc</load_address>
         <run_address>0x259bc</run_address>
         <size>0x244</size>
         <input_file_ref idref="fl-f1"/>
      </object_component>
      <object_component id="oc-236">
         <name>.debug_info</name>
         <load_address>0x25c00</load_address>
         <run_address>0x25c00</run_address>
         <size>0x17d</size>
         <input_file_ref idref="fl-f2"/>
      </object_component>
      <object_component id="oc-329">
         <name>.debug_info</name>
         <load_address>0x25d7d</load_address>
         <run_address>0x25d7d</run_address>
         <size>0x9d</size>
      </object_component>
      <object_component id="oc-136">
         <name>.debug_line</name>
         <load_address>0x0</load_address>
         <run_address>0x0</run_address>
         <size>0x40</size>
         <input_file_ref idref="fl-2"/>
      </object_component>
      <object_component id="oc-88">
         <name>.debug_line</name>
         <load_address>0x40</load_address>
         <run_address>0x40</run_address>
         <size>0x40</size>
         <input_file_ref idref="fl-2"/>
      </object_component>
      <object_component id="oc-79">
         <name>.debug_line</name>
         <load_address>0x80</load_address>
         <run_address>0x80</run_address>
         <size>0x71</size>
         <input_file_ref idref="fl-2"/>
      </object_component>
      <object_component id="oc-39">
         <name>.debug_line</name>
         <load_address>0xf1</load_address>
         <run_address>0xf1</run_address>
         <size>0x20</size>
         <input_file_ref idref="fl-2"/>
      </object_component>
      <object_component id="oc-ce">
         <name>.debug_line</name>
         <load_address>0x111</load_address>
         <run_address>0x111</run_address>
         <size>0x65</size>
         <input_file_ref idref="fl-2"/>
      </object_component>
      <object_component id="oc-234">
         <name>.debug_line</name>
         <load_address>0x176</load_address>
         <run_address>0x176</run_address>
         <size>0x20</size>
         <input_file_ref idref="fl-3"/>
      </object_component>
      <object_component id="oc-232">
         <name>.debug_line</name>
         <load_address>0x196</load_address>
         <run_address>0x196</run_address>
         <size>0x3b</size>
         <input_file_ref idref="fl-3"/>
      </object_component>
      <object_component id="oc-c7">
         <name>.debug_line</name>
         <load_address>0x1d1</load_address>
         <run_address>0x1d1</run_address>
         <size>0x146</size>
         <input_file_ref idref="fl-3"/>
      </object_component>
      <object_component id="oc-d3">
         <name>.debug_line</name>
         <load_address>0x317</load_address>
         <run_address>0x317</run_address>
         <size>0x52</size>
         <input_file_ref idref="fl-3"/>
      </object_component>
      <object_component id="oc-212">
         <name>.debug_line</name>
         <load_address>0x369</load_address>
         <run_address>0x369</run_address>
         <size>0x55</size>
         <input_file_ref idref="fl-3"/>
      </object_component>
      <object_component id="oc-299">
         <name>.debug_line</name>
         <load_address>0x3be</load_address>
         <run_address>0x3be</run_address>
         <size>0xb5</size>
         <input_file_ref idref="fl-4"/>
      </object_component>
      <object_component id="oc-eb">
         <name>.debug_line</name>
         <load_address>0x473</load_address>
         <run_address>0x473</run_address>
         <size>0x434</size>
         <input_file_ref idref="fl-4"/>
      </object_component>
      <object_component id="oc-22c">
         <name>.debug_line</name>
         <load_address>0x8a7</load_address>
         <run_address>0x8a7</run_address>
         <size>0x64</size>
         <input_file_ref idref="fl-4"/>
      </object_component>
      <object_component id="oc-184">
         <name>.debug_line</name>
         <load_address>0x90b</load_address>
         <run_address>0x90b</run_address>
         <size>0x65</size>
         <input_file_ref idref="fl-4"/>
      </object_component>
      <object_component id="oc-2cf">
         <name>.debug_line</name>
         <load_address>0x970</load_address>
         <run_address>0x970</run_address>
         <size>0x5f</size>
         <input_file_ref idref="fl-4"/>
      </object_component>
      <object_component id="oc-df">
         <name>.debug_line</name>
         <load_address>0x9cf</load_address>
         <run_address>0x9cf</run_address>
         <size>0x707</size>
         <input_file_ref idref="fl-5"/>
      </object_component>
      <object_component id="oc-7f">
         <name>.debug_line</name>
         <load_address>0x10d6</load_address>
         <run_address>0x10d6</run_address>
         <size>0xc5</size>
         <input_file_ref idref="fl-8"/>
      </object_component>
      <object_component id="oc-292">
         <name>.debug_line</name>
         <load_address>0x119b</load_address>
         <run_address>0x119b</run_address>
         <size>0xda</size>
         <input_file_ref idref="fl-9"/>
      </object_component>
      <object_component id="oc-28e">
         <name>.debug_line</name>
         <load_address>0x1275</load_address>
         <run_address>0x1275</run_address>
         <size>0x41</size>
         <input_file_ref idref="fl-9"/>
      </object_component>
      <object_component id="oc-290">
         <name>.debug_line</name>
         <load_address>0x12b6</load_address>
         <run_address>0x12b6</run_address>
         <size>0x41</size>
         <input_file_ref idref="fl-9"/>
      </object_component>
[...]
      </symbol>
      <symbol id="sm-777">
         <name>gpio_config</name>
         <value>0x2e35</value>
         <object_component_ref idref="oc-81"/>
      </symbol>
      <symbol id="sm-778">
         <name>Get_cmd</name>
         <value>0x1e6d</value>
         <object_component_ref idref="oc-81"/>
      </symbol>
      <symbol id="sm-779">
         <name>voltage_regulator_menu</name>
         <value>0x2703</value>
         <object_component_ref idref="oc-81"/>
      </symbol>
      <symbol id="sm-77a">
         <name>adc_menu</name>
         <value>0x1f89</value>
         <object_component_ref idref="oc-81"/>
      </symbol>
      <symbol id="sm-77b">
         <name>gpio_menu</name>
         <value>0x22a5</value>
         <object_component_ref idref="oc-81"/>
      </symbol>
      <symbol id="sm-77c">
         <name>ping_menu</name>
         <value>0x2f79</value>
         <object_component_ref idref="oc-81"/>
      </symbol>
      <symbol id="sm-77d">
         <name>remote_fan_temp</name>
         <value>0x31b5</value>
         <object_component_ref idref="oc-81"/>
      </symbol>
      <symbol id="sm-77e">
         <name>adc_channel_menu</name>
         <value>0x25f7</value>
         <object_component_ref idref="oc-81"/>
      </symbol>
      <symbol id="sm-77f">
         <name>bsl_mode</name>
         <value>0x389f</value>
         <object_component_ref idref="oc-81"/>
      </symbol>
      <symbol id="sm-780">
         <name>HFXT_test_on</name>
         <value>0x301f</value>
         <object_component_ref idref="oc-81"/>
      </symbol>
      <symbol id="sm-781">
         <name>current_reading</name>
         <value>0x2b95</value>
         <object_component_ref idref="oc-81"/>
      </symbol>
      <symbol id="sm-7ae">
         <name>UART_putchar</name>
         <value>0x8d37</value>
         <object_component_ref idref="oc-14e"/>
      </symbol>
      <symbol id="sm-7af">
         <name>UART1_getchar</name>
         <value>0x8db9</value>
         <object_component_ref idref="oc-14e"/>
      </symbol>
      <symbol id="sm-7b0">
         <name>UART_init</name>
         <value>0x8c89</value>
         <object_component_ref idref="oc-14e"/>
      </symbol>
      <symbol id="sm-7b1">
         <name>UART1_putchar</name>
         <value>0x8d5d</value>
         <object_component_ref idref="oc-14e"/>
      </symbol>
      <symbol id="sm-7b2">
         <name>UART_getchar</name>
         <value>0x8d83</value>
         <object_component_ref idref="oc-14e"/>
      </symbol>
      <symbol id="sm-7c3">
         <name>_c_int00</name>
         <value>0x9a15</value>
         <object_component_ref idref="oc-26"/>
      </symbol>
      <symbol id="sm-7c4">
         <name>__stack</name>
         <value>0x2000f800</value>
         <object_component_ref idref="oc-2f"/>
      </symbol>
      <symbol id="sm-7e2">
         <name>__TI_decompress_lzss</name>
         <value>0x9947</value>
         <object_component_ref idref="oc-14"/>
      </symbol>
      <symbol id="sm-7f9">
         <name>__TI_decompress_none</name>
         <value>0x9d01</value>
         <object_component_ref idref="oc-1a"/>
      </symbol>
      <symbol id="sm-810">
         <name>__TI_zero_init</name>
         <value>0x9d1d</value>
         <object_component_ref idref="oc-20"/>
      </symbol>
      <symbol id="sm-8a0">
         <name>pow</name>
         <value>0x75ed</value>
         <object_component_ref idref="oc-103"/>
      </symbol>
      <symbol id="sm-8a1">
         <name>powl</name>
         <value>0x75ed</value>
         <object_component_ref idref="oc-103"/>
      </symbol>
      <symbol id="sm-8c5">
         <name>sqrtl</name>
         <value>0x8e39</value>
         <object_component_ref idref="oc-1db"/>
      </symbol>
      <symbol id="sm-8c6">
         <name>sqrt</name>
         <value>0x8e39</value>
         <object_component_ref idref="oc-1db"/>
      </symbol>
      <symbol id="sm-8ce">
         <name>errno</name>
         <value>0x2000011c</value>
         <object_component_ref idref="oc-1e1"/>
      </symbol>
      <symbol id="sm-8ef">
         <name>C$$EXIT</name>
         <value>0x9a69</value>
         <object_component_ref idref="oc-6b"/>
      </symbol>
      <symbol id="sm-8f0">
         <name>abort</name>
         <value>0x9a6d</value>
         <object_component_ref idref="oc-6b"/>
      </symbol>
      <symbol id="sm-8f1">
         <name>exit</name>
         <value>0x9a75</value>
         <object_component_ref idref="oc-6b"/>
      </symbol>
      <symbol id="sm-8f2">
         <name>__TI_dtors_ptr</name>
         <value>0x200000f4</value>
         <object_component_ref idref="oc-b8"/>
      </symbol>
      <symbol id="sm-8f3">
         <name>__TI_cleanup_ptr</name>
         <value>0x200000f0</value>
         <object_component_ref idref="oc-b8"/>
      </symbol>
      <symbol id="sm-8f4">
         <name>__TI_enable_exit_profile_output</name>
         <value>0x200000f8</value>
         <object_component_ref idref="oc-b8"/>
      </symbol>
      <symbol id="sm-90b">
         <name>__aeabi_dsub</name>
         <value>0x8ad1</value>
         <object_component_ref idref="oc-122"/>
      </symbol>
      <symbol id="sm-90c">
         <name>__aeabi_dadd</name>
         <value>0x8adb</value>
         <object_component_ref idref="oc-122"/>
      </symbol>
      <symbol id="sm-92e">
         <name>__aeabi_cdcmpeq</name>
         <value>0x9671</value>
         <object_component_ref idref="oc-195"/>
      </symbol>
      <symbol id="sm-92f">
         <name>__aeabi_cdcmple</name>
         <value>0x9671</value>
         <object_component_ref idref="oc-195"/>
      </symbol>
      <symbol id="sm-930">
         <name>__aeabi_cdrcmple</name>
         <value>0x96f7</value>
         <object_component_ref idref="oc-190"/>
      </symbol>
      <symbol id="sm-944">
         <name>__aeabi_ddiv</name>
         <value>0x9115</value>
         <object_component_ref idref="oc-18b"/>
      </symbol>
      <symbol id="sm-94f">
         <name>__aeabi_dmul</name>
         <value>0x9355</value>
         <object_component_ref idref="oc-109"/>
      </symbol>
      <symbol id="sm-95b">
         <name>__aeabi_d2f</name>
         <value>0x98d9</value>
         <object_component_ref idref="oc-10e"/>
      </symbol>
      <symbol id="sm-966">
         <name>__aeabi_f2d</name>
         <value>0x9bf1</value>
         <object_component_ref idref="oc-ed"/>
      </symbol>
      <symbol id="sm-970">
         <name>__aeabi_i2d</name>
         <value>0x9c29</value>
         <object_component_ref idref="oc-fe"/>
      </symbol>
      <symbol id="sm-98b">
         <name>memcpy</name>
         <value>0x954d</value>
         <object_component_ref idref="oc-3b"/>
      </symbol>
      <symbol id="sm-98c">
         <name>__aeabi_memcpy</name>
         <value>0x954d</value>
         <object_component_ref idref="oc-3b"/>
      </symbol>
      <symbol id="sm-98d">
         <name>__aeabi_memcpy8</name>
         <value>0x954d</value>
         <object_component_ref idref="oc-3b"/>
      </symbol>
      <symbol id="sm-98e">
         <name>__aeabi_memcpy4</name>
         <value>0x954d</value>
         <object_component_ref idref="oc-3b"/>
      </symbol>
      <symbol id="sm-99d">
         <name>__aeabi_memset</name>
         <value>0x977f</value>
         <object_component_ref idref="oc-47"/>
      </symbol>
      <symbol id="sm-99e">
         <name>memset</name>
         <value>0x9785</value>
         <object_component_ref idref="oc-47"/>
      </symbol>
      <symbol id="sm-99f">
         <name>__aeabi_memset8</name>
         <value>0x977f</value>
         <object_component_ref idref="oc-47"/>
      </symbol>
      <symbol id="sm-9a0">
         <name>__aeabi_memset4</name>
         <value>0x977f</value>
         <object_component_ref idref="oc-47"/>
      </symbol>
      <symbol id="sm-9a1">
         <name>__aeabi_memclr8</name>
         <value>0x977d</value>
         <object_component_ref idref="oc-47"/>
      </symbol>
      <symbol id="sm-9a2">
         <name>__aeabi_memclr4</name>
         <value>0x977d</value>
         <object_component_ref idref="oc-47"/>
      </symbol>
      <symbol id="sm-9a3">
         <name>__aeabi_memclr</name>
         <value>0x977d</value>
         <object_component_ref idref="oc-47"/>
      </symbol>
      <symbol id="sm-9ad">
         <name>__mpu_init</name>
         <value>0x4a83</value>
         <object_component_ref idref="oc-53"/>
      </symbol>
      <symbol id="sm-9b7">
         <name>_system_pre_init</name>
         <value>0x9d29</value>
         <object_component_ref idref="oc-59"/>
      </symbol>
      <symbol id="sm-9d5">
         <name>printf</name>
         <value>0x9871</value>
         <object_component_ref idref="oc-d5"/>
      </symbol>
      <symbol id="sm-9f7">
         <name>scalbn</name>
         <value>0x9451</value>
         <object_component_ref idref="oc-1e7"/>
      </symbol>
      <symbol id="sm-9f8">
         <name>scalbnl</name>
         <value>0x9451</value>
         <object_component_ref idref="oc-1e7"/>
      </symbol>
      <symbol id="sm-9f9">
         <name>ldexpl</name>
         <value>0x9451</value>
         <object_component_ref idref="oc-1e7"/>
      </symbol>
      <symbol id="sm-9fa">
         <name>ldexp</name>
         <value>0x9451</value>
         <object_component_ref idref="oc-1e7"/>
      </symbol>
      <symbol id="sm-a02">
         <name>main_func_sp</name>
         <value>0x20000120</value>
         <object_component_ref idref="oc-71"/>
      </symbol>
      <symbol id="sm-a10">
         <name>strlen</name>
         <value>0x9ced</value>
         <object_component_ref idref="oc-154"/>
      </symbol>
      <symbol id="sm-a1a">
         <name>__aeabi_ui2d</name>
         <value>0x9c57</value>
         <object_component_ref idref="oc-186"/>
      </symbol>
      <symbol id="sm-a33">
         <name>_nop</name>
         <value>0x9cd3</value>
         <object_component_ref idref="oc-165"/>
      </symbol>
      <symbol id="sm-a34">
         <name>_lock</name>
         <value>0x20000114</value>
         <object_component_ref idref="oc-bb"/>
      </symbol>
      <symbol id="sm-a35">
         <name>_unlock</name>
         <value>0x20000118</value>
         <object_component_ref idref="oc-bb"/>
      </symbol>
      <symbol id="sm-a36">
         <name>_register_lock</name>
         <value>0x9ccb</value>
         <object_component_ref idref="oc-165"/>
      </symbol>
      <symbol id="sm-a37">
         <name>_register_unlock</name>
         <value>0x9cc5</value>
         <object_component_ref idref="oc-165"/>
      </symbol>
      <symbol id="sm-b3d">
         <name>__TI_printfi</name>
         <value>0x4189</value>
         <object_component_ref idref="oc-176"/>
      </symbol>
      <symbol id="sm-b51">
         <name>_args_main</name>
         <value>0x9c95</value>
         <object_component_ref idref="oc-65"/>
      </symbol>
      <symbol id="sm-b67">
         <name>atoi</name>
         <value>0x9b11</value>
         <object_component_ref idref="oc-251"/>
      </symbol>
      <symbol id="sm-b91">
         <name>__TI_auto_init</name>
         <value>0x97f9</value>
         <object_component_ref idref="oc-5f"/>
      </symbol>
      <symbol id="sm-bab">
         <name>copy_in</name>
         <value>0x9b5d</value>
         <object_component_ref idref="oc-a2"/>
      </symbol>
      <symbol id="sm-bb6">
         <name>_ctypes_</name>
         <value>0x9d30</value>
         <object_component_ref idref="oc-2db"/>
      </symbol>
      <symbol id="sm-bc2">
         <name>_ftable</name>
         <value>0x20000000</value>
         <object_component_ref idref="oc-17c"/>
      </symbol>
      <symbol id="sm-bcc">
         <name>__aeabi_d2iz</name>
         <value>0x9ba9</value>
         <object_component_ref idref="oc-23a"/>
      </symbol>
      <symbol id="sm-bdb">
         <name>ltoa</name>
         <value>0x9abd</value>
         <object_component_ref idref="oc-23f"/>
      </symbol>
      <symbol id="sm-beb">
         <name>memccpy</name>
         <value>0x9c77</value>
         <object_component_ref idref="oc-257"/>
      </symbol>
      <symbol id="sm-bf5">
         <name>copysign</name>
         <value>0x9cd9</value>
         <object_component_ref idref="oc-2b9"/>
      </symbol>
      <symbol id="sm-bf6">
         <name>copysignl</name>
         <value>0x9cd9</value>
         <object_component_ref idref="oc-2b9"/>
      </symbol>
      <symbol id="sm-c0c">
         <name>frexpl</name>
         <value>0x99b1</value>
         <object_component_ref idref="oc-245"/>
      </symbol>
      <symbol id="sm-c0d">
         <name>frexp</name>
         <value>0x99b1</value>
         <object_component_ref idref="oc-245"/>
      </symbol>
      <symbol id="sm-c17">
         <name>_system_post_cinit</name>
         <value>0x8c87</value>
         <object_component_ref idref="oc-a8"/>
      </symbol>
      <symbol id="sm-c27">
         <name>strchr</name>
         <value>0x9cad</value>
         <object_component_ref idref="oc-24b"/>
      </symbol>
      <symbol id="sm-c43">
         <name>__aeabi_uldivmod</name>
         <value>0x88dd</value>
         <object_component_ref idref="oc-235"/>
      </symbol>
      <symbol id="sm-c44">
         <name>__TI_static_base__</name>
         <value>0x0</value>
      </symbol>
      <symbol id="sm-c47">
         <name>SHT$$INIT_ARRAY$$Limit</name>
         <value>0x0</value>
      </symbol>
      <symbol id="sm-c48">
         <name>SHT$$INIT_ARRAY$$Base</name>
         <value>0x0</value>
      </symbol>
      <symbol id="sm-c49">
         <name>NMI_Handler</name>
         <value>0x9d1b</value>
      </symbol>
      <symbol id="sm-c4a">
         <name>HardFault_Handler</name>
         <value>0x9d1b</value>
      </symbol>
      <symbol id="sm-c4b">
         <name>MemManage_Handler</name>
         <value>0x9d1b</value>
      </symbol>
      <symbol id="sm-c4c">
         <name>BusFault_Handler</name>
         <value>0x9d1b</value>
      </symbol>
      <symbol id="sm-c4d">
         <name>UsageFault_Handler</name>
         <value>0x9d1b</value>
      </symbol>
      <symbol id="sm-c4e">
         <name>SVC_Handler</name>
         <value>0x9d1b</value>
      </symbol>
      <symbol id="sm-c4f">
         <name>DebugMon_Handler</name>
         <value>0x9d1b</value>
      </symbol>
      <symbol id="sm-c50">
         <name>PendSV_Handler</name>
         <value>0x9d1b</value>
      </symbol>
      <symbol id="sm-c51">
         <name>SysTick_Handler</name>
         <value>0x9d1b</value>
      </symbol>
      <symbol id="sm-c52">
         <name>PSS_IRQHandler</name>
         <value>0x9d1b</value>
      </symbol>
      <symbol id="sm-c53">
         <name>CS_IRQHandler</name>
         <value>0x9d1b</value>
      </symbol>
      <symbol id="sm-c54">
         <name>PCM_IRQHandler</name>
         <value>0x9d1b</value>
      </symbol>
      <symbol id="sm-c55">
         <name>WDT_A_IRQHandler</name>
         <value>0x9d1b</value>
      </symbol>
      <symbol id="sm-c56">
         <name>FPU_IRQHandler</name>
         <value>0x9d1b</value>
      </symbol>
      <symbol id="sm-c57">
         <name>FLCTL_IRQHandler</name>
         <value>0x9d1b</value>
      </symbol>
      <symbol id="sm-c58">
         <name>COMP_E0_IRQHandler</name>
         <value>0x9d1b</value>
      </symbol>
      <symbol id="sm-c59">
         <name>COMP_E1_IRQHandler</name>
         <value>0x9d1b</value>
      </symbol>
      <symbol id="sm-c5a">
         <name>TA0_0_IRQHandler</name>
         <value>0x9d1b</value>
      </symbol>
      <symbol id="sm-c5b">
         <name>TA0_N_IRQHandler</name>
         <value>0x9d1b</value>
      </symbol>
      <symbol id="sm-c5c">
         <name>TA1_0_IRQHandler</name>
         <value>0x9d1b</value>
      </symbol>
      <symbol id="sm-c5d">
         <name>TA1_N_IRQHandler</name>
         <value>0x9d1b</value>
      </symbol>
      <symbol id="sm-c5e">
         <name>TA2_0_IRQHandler</name>
         <value>0x9d1b</value>
      </symbol>
      <symbol id="sm-c5f">
         <name>TA2_N_IRQHandler</name>
         <value>0x9d1b</value>
      </symbol>
      <symbol id="sm-c60">
         <name>TA3_0_IRQHandler</name>
         <value>0x9d1b</value>
      </symbol>
      <symbol id="sm-c61">
         <name>TA3_N_IRQHandler</name>
         <value>0x9d1b</value>
      </symbol>
      <symbol id="sm-c62">
         <name>EUSCIA0_IRQHandler</name>
         <value>0x9d1b</value>
      </symbol>
      <symbol id="sm-c63">
         <name>EUSCIA1_IRQHandler</name>
         <value>0x9d1b</value>
      </symbol>
      <symbol id="sm-c64">
         <name>EUSCIA2_IRQHandler</name>
         <value>0x9d1b</value>
      </symbol>
      <symbol id="sm-c65">
         <name>EUSCIA3_IRQHandler</name>
         <value>0x9d1b</value>
      </symbol>
      <symbol id="sm-c66">
         <name>EUSCIB0_IRQHandler</name>
         <value>0x9d1b</value>
      </symbol>
      <symbol id="sm-c67">
         <name>EUSCIB1_IRQHandler</name>
         <value>0x9d1b</value>
      </symbol>
      <symbol id="sm-c68">
         <name>EUSCIB2_IRQHandler</name>
         <value>0x9d1b</value>
      </symbol>
      <symbol id="sm-c69">
         <name>EUSCIB3_IRQHandler</name>
         <value>0x9d1b</value>
      </symbol>
      <symbol id="sm-c6a">
         <name>ADC14_IRQHandler</name>
         <value>0x9d1b</value>
      </symbol>
      <symbol id="sm-c6b">
         <name>T32_INT1_IRQHandler</name>
         <value>0x9649</value>
      </symbol>
      <symbol id="sm-c6c">
         <name>T32_INT2_IRQHandler</name>
         <value>0x9d1b</value>
      </symbol>
      <symbol id="sm-c6d">
         <name>T32_INTC_IRQHandler</name>
         <value>0x9d1b</value>
      </symbol>
      <symbol id="sm-c6e">
         <name>AES256_IRQHandler</name>
         <value>0x9d1b</value>
      </symbol>
      <symbol id="sm-c6f">
         <name>RTC_C_IRQHandler</name>
         <value>0x2f21</value>
      </symbol>
      <symbol id="sm-c70">
         <name>DMA_ERR_IRQHandler</name>
         <value>0x9d1b</value>
      </symbol>
      <symbol id="sm-c71">
         <name>DMA_INT3_IRQHandler</name>
         <value>0x9d1b</value>
      </symbol>
      <symbol id="sm-c72">
         <name>DMA_INT2_IRQHandler</name>
         <value>0x9d1b</value>
      </symbol>
      <symbol id="sm-c73">
         <name>DMA_INT1_IRQHandler</name>
         <value>0x9d1b</value>
      </symbol>
      <symbol id="sm-c74">
         <name>DMA_INT0_IRQHandler</name>
         <value>0x9d1b</value>
      </symbol>
      <symbol id="sm-c75">
         <name>PORT1_IRQHandler</name>
         <value>0x9d1b</value>
      </symbol>
      <symbol id="sm-c76">
         <name>PORT2_IRQHandler</name>
         <value>0x9d1b</value>
      </symbol>
      <symbol id="sm-c77">
         <name>PORT3_IRQHandler</name>
         <value>0x9d1b</value>
      </symbol>
      <symbol id="sm-c78">
         <name>PORT4_IRQHandler</name>
         <value>0x9d1b</value>
      </symbol>
      <symbol id="sm-c79">
         <name>PORT5_IRQHandler</name>
         <value>0x9d1b</value>
      </symbol>
      <symbol id="sm-c7a">
         <name>PORT6_IRQHandler</name>
         <value>0x9d1b</value>
      </symbol>
   </symbol_table>
   <title>Link successful</title>
</link_info>
