******************************************************************************
                  TI ARM Linker PC v16.9.3                     
******************************************************************************
>> Linked Thu Aug 17 10:07:26 2017

OUTPUT FILE NAME:   <MSP432_bridge_lib.out>
ENTRY POINT SYMBOL: "_c_int00"  address: 00007a8d


MEMORY CONFIGURATION

         name            origin    length      used     unused   attr    fill
----------------------  --------  ---------  --------  --------  ----  --------
  MAIN                  00000000   00040000  00007f01  000380ff  R  X
  INFO                  00200000   00004000  00000000  00004000  R  X
  SRAM_CODE             01000000   00010000  00000546  0000faba  RW X
  SRAM_DATA             20000000   00010000  00000546  0000faba  RW  


SEGMENT ALLOCATION MAP

run origin  load origin   length   init length attrs members
----------  ----------- ---------- ----------- ----- -------
00000000    00000000    00007f08   00007f08    r-x
  00000000    00000000    000000e4   000000e4    r-- .intvecs
  000000e4    000000e4    00007cc0   00007cc0    r-x .text
  00007da4    00007da4    0000010d   0000010d    r-- .const
  00007eb8    00007eb8    00000050   00000050    r-- .cinit
20000000    20000000    00000146   00000000    rw-
  20000000    20000000    00000110   00000000    rw- .data
  20000110    20000110    00000036   00000000    rw- .bss
2000fc00    2000fc00    00000400   00000000    rw-
  2000fc00    2000fc00    00000400   00000000    rw- .stack


SECTION ALLOCATION MAP

 output                                  attributes/
section   page    origin      length       input sections
--------  ----  ----------  ----------   ----------------
.intvecs   0    00000000    000000e4     
                  00000000    000000e4     startup_msp432p401r_ccs.obj (.intvecs:retain)

.binit     0    00000000    00000000     

.text      0    000000e4    00007cc0     
                  000000e4    0000114c     GPIO.obj (.text)
                  00001230    0000113e     rtsv7M4_T_le_v4SPD16_eabi.lib : _printfi.obj (.text)
                  0000236e    00000002                                   : mpu_init.obj (.text)
                  00002370    00000ed0     i2c.obj (.text)
                  00003240    00000c88     protocol.obj (.text)
                  00003ec8    00000c80     ping_i2c.obj (.text)
                  00004b48    00000c30     pmbus.obj (.text)
                  00005778    00000908     adc.obj (.text)
                  00006080    00000824     main.obj (.text)
                  000068a4    0000032c     system_msp432p401r.obj (.text)
                  00006bd0    000001f4     rtsv7M4_T_le_v4SPD16_eabi.lib : ull_div_t2.obj (.text)
                  00006dc4    000001b6                                   : fd_add_t2.obj (.text)
                  00006f7a    00000002                                   : startup.obj (.text)
                  00006f7c    000001b0     uart.obj (.text)
                  0000712c    00000168     init.obj (.text)
                  00007294    00000136     rtsv7M4_T_le_v4SPD16_eabi.lib : fd_div_t2.obj (.text)
                  000073ca    000000fc                                   : fd_mul_t2.obj (.text)
                  000074c6    00000002     --HOLE-- [fill = 0]
                  000074c8    000000fc                                   : s_scalbn.obj (.text)
                  000075c4    0000009c                                   : memcpy_t2.obj (.text)
                  00007660    00000088     delay.obj (.text)
                  000076e8    00000086     rtsv7M4_T_le_v4SPD16_eabi.lib : fd_cmp_t2.obj (.text:__aeabi_cdcmple)
                  0000776e    00000086                                   : fd_cmp_t2.obj (.text:__aeabi_cdrcmple)
                  000077f4    0000007a                                   : memset_t2.obj (.text)
                  0000786e    00000002     --HOLE-- [fill = 0]
                  00007870    00000070                                   : autoinit.obj (.text)
                  000078e0    00000070                                   : printf.obj (.text)
                  00007950    0000006e                                   : fd_tos_t2.obj (.text)
                  000079be    00000068                                   : copy_decompress_lzss.obj (.text:decompress:lzss)
                  00007a26    00000002     --HOLE-- [fill = 0]
                  00007a28    00000064                                   : s_frexp.obj (.text)
                  00007a8c    00000054                                   : boot.obj (.text)
                  00007ae0    00000054                                   : exit.obj (.text)
                  00007b34    00000054                                   : ltoa.obj (.text)
                  00007b88    0000004c                                   : atoi.obj (.text)
                  00007bd4    0000004c                                   : cpy_tbl.obj (.text)
                  00007c20    00000048                                   : fd_toi_t2.obj (.text)
                  00007c68    00000038                                   : fs_tod_t2.obj (.text)
                  00007ca0    0000002e                                   : i_tofd_t2.obj (.text)
                  00007cce    00000020                                   : u_tofd_t2.obj (.text)
                  00007cee    0000001c                                   : memccpy.obj (.text)
                  00007d0a    00000002     --HOLE-- [fill = 0]
                  00007d0c    00000018                                   : args_main.obj (.text)
                  00007d24    00000016                                   : strchr.obj (.text)
                  00007d3a    00000002     --HOLE-- [fill = 0]
                  00007d3c    00000014                                   : _lock.obj (.text)
                  00007d50    00000014                                   : s_copysign.obj (.text)
                  00007d64    00000014                                   : strlen.obj (.text)
                  00007d78    0000000e                                   : copy_decompress_none.obj (.text:decompress:none)
                  00007d86    0000000e     startup_msp432p401r_ccs.obj (.text)
                  00007d94    0000000c     rtsv7M4_T_le_v4SPD16_eabi.lib : copy_zero_init.obj (.text:decompress:ZI)
                  00007da0    00000004                                   : pre_init.obj (.text)

.const     0    00007da4    0000010d     
                  00007da4    00000101     rtsv7M4_T_le_v4SPD16_eabi.lib : ctype.obj (.const:.string:_ctypes_)
                  00007ea5    00000003     pmbus.obj (.const:.string:$P$T3$4)
                  00007ea8    00000002     pmbus.obj (.const:.string:$P$T1$2)
                  00007eaa    00000002     pmbus.obj (.const:.string:$P$T2$3)
                  00007eac    00000002     pmbus.obj (.const:.string:$P$T4$5)
                  00007eae    00000001     main.obj (.const:.string:$P$T0$1)
                  00007eaf    00000001     pmbus.obj (.const:.string:$P$T0$1)
                  00007eb0    00000001     main.obj (.const:.string:$P$T1$2)

.cinit     0    00007eb8    00000050     
                  00007eb8    0000002c     (.cinit..data.load) [load image, compression = lzss]
                  00007ee4    0000000c     (__TI_handler_table)
                  00007ef0    00000008     (.cinit..bss.load) [load image, compression = zero_init]
                  00007ef8    00000010     (__TI_cinit_table)

.init_array 
*          0    00000000    00000000     UNINITIALIZED

.data      0    20000000    00000110     UNINITIALIZED
                  20000000    000000f0     rtsv7M4_T_le_v4SPD16_eabi.lib : defs.obj (.data:_ftable)
                  200000f0    0000000c                                   : exit.obj (.data:$O1$$)
                  200000fc    00000008                                   : _lock.obj (.data:$O1$$)
                  20000104    00000004                                   : errno.obj (.data)
                  20000108    00000004                                   : stkdepth_vars.obj (.data)
                  2000010c    00000004     system_msp432p401r.obj (.data)

.bss       0    20000110    00000036     UNINITIALIZED
                  20000110    00000030     uart.obj (.bss:UART_RX_buffer)
                  20000140    00000006     i2c.obj (.bss)

.stack     0    2000fc00    00000400     UNINITIALIZED
                  2000fc00    00000400     --HOLE--

MODULE SUMMARY

       Module                        code    ro data   rw data
       ------                        ----    -------   -------
    .\
       system_msp432p401r.obj        812     0         8      
       startup_msp432p401r_ccs.obj   14      228       0      
    +--+-----------------------------+-------+---------+---------+
       Total:                        826     228       8      
                                                              
    .\Sources\
       GPIO.obj                      4428    0         0      
       i2c.obj                       3792    0         12     
       protocol.obj                  3208    0         0      
       ping_i2c.obj                  3200    0         0      
       pmbus.obj                     3120    10        0      
       adc.obj                       2312    0         0      
       main.obj                      2084    2         0      
       uart.obj                      432     0         96     
       init.obj                      360     0         0      
       delay.obj                     136     0         0      
    +--+-----------------------------+-------+---------+---------+
       Total:                        23072   12        108    
                                                              
    C:\ti\ccsv7\tools\compiler\ti-cgt-arm_16.9.3.LTS\lib\rtsv7M4_T_le_v4SPD16_eabi.lib
       _printfi.obj                  4414    0         0      
       ull_div_t2.obj                500     0         0      
       defs.obj                      0       0         480    
       fd_add_t2.obj                 438     0         0      
       fd_div_t2.obj                 310     0         0      
       fd_cmp_t2.obj                 268     0         0      
       ctype.obj                     0       257       0      
       fd_mul_t2.obj                 252     0         0      
       s_scalbn.obj                  252     0         0      
       memcpy_t2.obj                 156     0         0      
       memset_t2.obj                 122     0         0      
       autoinit.obj                  112     0         0      
       printf.obj                    112     0         0      
       fd_tos_t2.obj                 110     0         0      
       exit.obj                      84      0         24     
       copy_decompress_lzss.obj      104     0         0      
       s_frexp.obj                   100     0         0      
       boot.obj                      84      0         0      
       ltoa.obj                      84      0         0      
       atoi.obj                      76      0         0      
       cpy_tbl.obj                   76      0         0      
       fd_toi_t2.obj                 72      0         0      
       fs_tod_t2.obj                 56      0         0      
       i_tofd_t2.obj                 46      0         0      
       _lock.obj                     20      0         16     
       u_tofd_t2.obj                 32      0         0      
       memccpy.obj                   28      0         0      
       args_main.obj                 24      0         0      
       strchr.obj                    22      0         0      
       s_copysign.obj                20      0         0      
       strlen.obj                    20      0         0      
       copy_decompress_none.obj      14      0         0      
       copy_zero_init.obj            12      0         0      
       errno.obj                     0       0         8      
       stkdepth_vars.obj             0       0         8      
       pre_init.obj                  4       0         0      
       mpu_init.obj                  2       0         0      
       startup.obj                   2       0         0      
    +--+-----------------------------+-------+---------+---------+
       Total:                        8028    257       536    
                                                              
       Stack:                        0       0         2048   
       Linker Generated:             0       80        0      
    +--+-----------------------------+-------+---------+---------+
       Grand Total:                  31926   577       2700   


LINKER GENERATED COPY TABLES

__TI_cinit_table @ 00007ef8 records: 2, size/record: 8, table size: 16
	.data: load addr=00007eb8, load size=0000002c bytes, run addr=20000000, run size=00000110 bytes, compression=lzss
	.bss: load addr=00007ef0, load size=00000008 bytes, run addr=20000110, run size=00000036 bytes, compression=zero_init


LINKER GENERATED HANDLER TABLE

__TI_handler_table @ 00007ee4 records: 3, size/record: 4, table size: 12
	index: 0, handler: __TI_decompress_lzss
	index: 1, handler: __TI_decompress_none
	index: 2, handler: __TI_zero_init


GLOBAL SYMBOLS: SORTED ALPHABETICALLY BY Name 

address   name                           
-------   ----                           
00007d93  ADC14_IRQHandler               
00007d93  AES256_IRQHandler              
00007d93  BusFault_Handler               
00007ae1  C$$EXIT                        
00007d93  COMP_E0_IRQHandler             
00007d93  COMP_E1_IRQHandler             
00007d93  CS_IRQHandler                  
00007d93  DMA_ERR_IRQHandler             
00007d93  DMA_INT0_IRQHandler            
00007d93  DMA_INT1_IRQHandler            
00007d93  DMA_INT2_IRQHandler            
00007d93  DMA_INT3_IRQHandler            
00007d93  DebugMon_Handler               
00007d93  Default_Handler                
00007d93  EUSCIA0_IRQHandler             
00007d93  EUSCIA1_IRQHandler             
00007d93  EUSCIA2_IRQHandler             
00007d93  EUSCIA3_IRQHandler             
00007d93  EUSCIB0_IRQHandler             
00007d93  EUSCIB1_IRQHandler             
00007d93  EUSCIB2_IRQHandler             
00007d93  EUSCIB3_IRQHandler             
00007d93  FLCTL_IRQHandler               
00007d93  FPU_IRQHandler                 
000000e5  GPIO_init                      
00003241  Get_cmd                        
00007d93  HardFault_Handler              
00007d93  MemManage_Handler              
00007d93  NMI_Handler                    
00007d93  PCM_IRQHandler                 
00007d93  PORT1_IRQHandler               
00007d93  PORT2_IRQHandler               
00007d93  PORT3_IRQHandler               
00007d93  PORT4_IRQHandler               
00007d93  PORT5_IRQHandler               
00007d93  PORT6_IRQHandler               
00007d93  PSS_IRQHandler                 
00007d93  PendSV_Handler                 
0000712d  Periph_init                    
000039ed  RTC_C_IRQHandler               
000039ed  RTC_C_IRQHandler               
00007d87  Reset_Handler                  
UNDEFED   SHT$$INIT_ARRAY$$Base          
UNDEFED   SHT$$INIT_ARRAY$$Limit         
00007d93  SVC_Handler                    
000071df  SetMCLK25MHz                   
00007d93  SysTick_Handler                
2000010c  SystemCoreClock                
000068a5  SystemCoreClockUpdate          
00006b19  SystemInit                     
000076c3  T32_INT1_IRQHandler            
000076c3  T32_INT1_IRQHandler            
00007d93  T32_INT2_IRQHandler            
00007d93  T32_INTC_IRQHandler            
00007d93  TA0_0_IRQHandler               
00007d93  TA0_N_IRQHandler               
00007d93  TA1_0_IRQHandler               
00007d93  TA1_N_IRQHandler               
00007d93  TA2_0_IRQHandler               
00007d93  TA2_N_IRQHandler               
00007d93  TA3_0_IRQHandler               
00007d93  TA3_N_IRQHandler               
000070ad  UART1_getchar                  
00007051  UART1_putchar                  
00007077  UART_getchar                   
00006f7d  UART_init                      
0000702b  UART_putchar                   
00007d93  UsageFault_Handler             
4000480c  WDTCTL_SYM                     
00007d93  WDT_A_IRQHandler               
20010000  __STACK_END                    
00000400  __STACK_SIZE                   
00007ef8  __TI_CINIT_Base                
00007f08  __TI_CINIT_Limit               
00007ee4  __TI_Handler_Table_Base        
00007ef0  __TI_Handler_Table_Limit       
00007871  __TI_auto_init                 
200000f0  __TI_cleanup_ptr               
000079bf  __TI_decompress_lzss           
00007d79  __TI_decompress_none           
200000f4  __TI_dtors_ptr                 
200000f8  __TI_enable_exit_profile_output
ffffffff  __TI_pprof_out_hndl            
00001a75  __TI_printfi                   
ffffffff  __TI_prof_data_size            
ffffffff  __TI_prof_data_start           
00000000  __TI_static_base__             
00007d95  __TI_zero_init                 
000076e9  __aeabi_cdcmpeq                
000076e9  __aeabi_cdcmple                
0000776f  __aeabi_cdrcmple               
00007951  __aeabi_d2f                    
00007c21  __aeabi_d2iz                   
00006dcf  __aeabi_dadd                   
00007295  __aeabi_ddiv                   
000073cb  __aeabi_dmul                   
00006dc5  __aeabi_dsub                   
00007c69  __aeabi_f2d                    
00007ca1  __aeabi_i2d                    
000077f5  __aeabi_memclr                 
000077f5  __aeabi_memclr4                
000077f5  __aeabi_memclr8                
000075c5  __aeabi_memcpy                 
000075c5  __aeabi_memcpy4                
000075c5  __aeabi_memcpy8                
000077f7  __aeabi_memset                 
000077f7  __aeabi_memset4                
000077f7  __aeabi_memset8                
00007ccf  __aeabi_ui2d                   
00006bd1  __aeabi_uldivmod               
ffffffff  __binit__                      
ffffffff  __c_args__                     
0000236f  __mpu_init                     
2000fc00  __stack                        
00007d0d  _args_main                     
00007a8d  _c_int00                       
00007da4  _ctypes_                       
20000000  _ftable                        
200000fc  _lock                          
00007d4b  _nop                           
00007d43  _register_lock                 
00007d3d  _register_unlock               
00006f7b  _system_post_cinit             
00007da1  _system_pre_init               
20000100  _unlock                        
00007ae5  abort                          
00005f15  adc_all_channels               
00003841  adc_channel_menu               
000032eb  adc_menu                       
00005779  adc_single_channel             
00007b89  atoi                           
ffffffff  binit                          
00003f13  config_disable_rs_pca9536      
00003fbf  config_enable_rs_pca9536       
00007bd5  copy_in                        
00007d51  copysign                       
00007d51  copysignl                      
0000768d  delay_cycles                   
000005ad  dipsw_in                       
20000104  errno                          
00007aed  exit                           
00006865  fputc                          
00006871  fputs                          
00007a29  frexp                          
00007a29  frexpl                         
0000685d  getchar                        
0000395b  gpio_config                    
00000c95  gpio_fpga_loopback             
000004e1  gpio_get_12vaux                
0000052d  gpio_get_fan_alert             
00000439  gpio_get_pwr_enable            
000003b5  gpio_get_pwr_good              
000008bb  gpio_in                        
000034ed  gpio_menu                      
00000ea9  gpio_out_JTAG_toggle           
00000f2d  gpio_out_PEX_I2C_toggle        
00000a71  gpio_out_fpga                  
000009db  gpio_out_toggle                
00000329  gpio_pwr_enable_off            
000002c5  gpio_pwr_enable_on             
00002371  i2c0_init                      
000029e5  i2c0_recv                      
000023ed  i2c0_send                      
00002549  i2c0_send_rs_recv              
00002397  i2c2_init                      
00002add  i2c2_recv                      
000026f9  i2c2_send                      
00002841  i2c2_send_rs_recv              
000023c7  i2c3_init                      
00002f2d  i2c3_recv                      
00002da9  i2c3_send                      
0000304d  i2c3_send_rs_recv              
00000000  interruptVectors               
0000025f  jtag_oe_high                   
00000253  jtag_oe_low                    
000074c9  ldexp                          
000074c9  ldexpl                         
0000026b  led_toggle                     
00004a9d  loop_delay                     
00007b35  ltoa                           
00006081  main                           
20000108  main_func_sp                   
00007cef  memccpy                        
000075c5  memcpy                         
000077fd  memset                         
00002bd7  ping_i2c0                      
00002c69  ping_i2c2                      
00002d01  ping_i2c3                      
00003d4d  ping_menu                      
000042dd  pingtest_i2c3                  
00003ec9  pingtest_pca9536               
0000406b  pingtest_rs_pca9536            
000040db  pingtest_rs_sysmon             
000038f7  pmbus_menu                     
00004b49  pmbus_read                     
000054f1  pmbus_voltage_read             
000055c5  pmbus_voltage_write            
00005015  pmbus_write                    
00007211  pre_init                       
000078e9  printf                         
0000684b  putchar                        
00003967  rtc_test_on                    
000074c9  scalbn                         
000074c9  scalbnl                        
00007d25  strchr                         
00007d65  strlen                         


GLOBAL SYMBOLS: SORTED BY Symbol Address 

address   name                           
-------   ----                           
00000000  __TI_static_base__             
00000000  interruptVectors               
000000e5  GPIO_init                      
00000253  jtag_oe_low                    
0000025f  jtag_oe_high                   
0000026b  led_toggle                     
000002c5  gpio_pwr_enable_on             
00000329  gpio_pwr_enable_off            
000003b5  gpio_get_pwr_good              
00000400  __STACK_SIZE                   
00000439  gpio_get_pwr_enable            
000004e1  gpio_get_12vaux                
0000052d  gpio_get_fan_alert             
000005ad  dipsw_in                       
000008bb  gpio_in                        
000009db  gpio_out_toggle                
00000a71  gpio_out_fpga                  
00000c95  gpio_fpga_loopback             
00000ea9  gpio_out_JTAG_toggle           
00000f2d  gpio_out_PEX_I2C_toggle        
00001a75  __TI_printfi                   
0000236f  __mpu_init                     
00002371  i2c0_init                      
00002397  i2c2_init                      
000023c7  i2c3_init                      
000023ed  i2c0_send                      
00002549  i2c0_send_rs_recv              
000026f9  i2c2_send                      
00002841  i2c2_send_rs_recv              
000029e5  i2c0_recv                      
00002add  i2c2_recv                      
00002bd7  ping_i2c0                      
00002c69  ping_i2c2                      
00002d01  ping_i2c3                      
00002da9  i2c3_send                      
00002f2d  i2c3_recv                      
0000304d  i2c3_send_rs_recv              
00003241  Get_cmd                        
000032eb  adc_menu                       
000034ed  gpio_menu                      
00003841  adc_channel_menu               
000038f7  pmbus_menu                     
0000395b  gpio_config                    
00003967  rtc_test_on                    
000039ed  RTC_C_IRQHandler               
000039ed  RTC_C_IRQHandler               
00003d4d  ping_menu                      
00003ec9  pingtest_pca9536               
00003f13  config_disable_rs_pca9536      
00003fbf  config_enable_rs_pca9536       
0000406b  pingtest_rs_pca9536            
000040db  pingtest_rs_sysmon             
000042dd  pingtest_i2c3                  
00004a9d  loop_delay                     
00004b49  pmbus_read                     
00005015  pmbus_write                    
000054f1  pmbus_voltage_read             
000055c5  pmbus_voltage_write            
00005779  adc_single_channel             
00005f15  adc_all_channels               
00006081  main                           
0000684b  putchar                        
0000685d  getchar                        
00006865  fputc                          
00006871  fputs                          
000068a5  SystemCoreClockUpdate          
00006b19  SystemInit                     
00006bd1  __aeabi_uldivmod               
00006dc5  __aeabi_dsub                   
00006dcf  __aeabi_dadd                   
00006f7b  _system_post_cinit             
00006f7d  UART_init                      
0000702b  UART_putchar                   
00007051  UART1_putchar                  
00007077  UART_getchar                   
000070ad  UART1_getchar                  
0000712d  Periph_init                    
000071df  SetMCLK25MHz                   
00007211  pre_init                       
00007295  __aeabi_ddiv                   
000073cb  __aeabi_dmul                   
000074c9  ldexp                          
000074c9  ldexpl                         
000074c9  scalbn                         
000074c9  scalbnl                        
000075c5  __aeabi_memcpy                 
000075c5  __aeabi_memcpy4                
000075c5  __aeabi_memcpy8                
000075c5  memcpy                         
0000768d  delay_cycles                   
000076c3  T32_INT1_IRQHandler            
000076c3  T32_INT1_IRQHandler            
000076e9  __aeabi_cdcmpeq                
000076e9  __aeabi_cdcmple                
0000776f  __aeabi_cdrcmple               
000077f5  __aeabi_memclr                 
000077f5  __aeabi_memclr4                
000077f5  __aeabi_memclr8                
000077f7  __aeabi_memset                 
000077f7  __aeabi_memset4                
000077f7  __aeabi_memset8                
000077fd  memset                         
00007871  __TI_auto_init                 
000078e9  printf                         
00007951  __aeabi_d2f                    
000079bf  __TI_decompress_lzss           
00007a29  frexp                          
00007a29  frexpl                         
00007a8d  _c_int00                       
00007ae1  C$$EXIT                        
00007ae5  abort                          
00007aed  exit                           
00007b35  ltoa                           
00007b89  atoi                           
00007bd5  copy_in                        
00007c21  __aeabi_d2iz                   
00007c69  __aeabi_f2d                    
00007ca1  __aeabi_i2d                    
00007ccf  __aeabi_ui2d                   
00007cef  memccpy                        
00007d0d  _args_main                     
00007d25  strchr                         
00007d3d  _register_unlock               
00007d43  _register_lock                 
00007d4b  _nop                           
00007d51  copysign                       
00007d51  copysignl                      
00007d65  strlen                         
00007d79  __TI_decompress_none           
00007d87  Reset_Handler                  
00007d93  ADC14_IRQHandler               
00007d93  AES256_IRQHandler              
00007d93  BusFault_Handler               
00007d93  COMP_E0_IRQHandler             
00007d93  COMP_E1_IRQHandler             
00007d93  CS_IRQHandler                  
00007d93  DMA_ERR_IRQHandler             
00007d93  DMA_INT0_IRQHandler            
00007d93  DMA_INT1_IRQHandler            
00007d93  DMA_INT2_IRQHandler            
00007d93  DMA_INT3_IRQHandler            
00007d93  DebugMon_Handler               
00007d93  Default_Handler                
00007d93  EUSCIA0_IRQHandler             
00007d93  EUSCIA1_IRQHandler             
00007d93  EUSCIA2_IRQHandler             
00007d93  EUSCIA3_IRQHandler             
00007d93  EUSCIB0_IRQHandler             
00007d93  EUSCIB1_IRQHandler             
00007d93  EUSCIB2_IRQHandler             
00007d93  EUSCIB3_IRQHandler             
00007d93  FLCTL_IRQHandler               
00007d93  FPU_IRQHandler                 
00007d93  HardFault_Handler              
00007d93  MemManage_Handler              
00007d93  NMI_Handler                    
00007d93  PCM_IRQHandler                 
00007d93  PORT1_IRQHandler               
00007d93  PORT2_IRQHandler               
00007d93  PORT3_IRQHandler               
00007d93  PORT4_IRQHandler               
00007d93  PORT5_IRQHandler               
00007d93  PORT6_IRQHandler               
00007d93  PSS_IRQHandler                 
00007d93  PendSV_Handler                 
00007d93  SVC_Handler                    
00007d93  SysTick_Handler                
00007d93  T32_INT2_IRQHandler            
00007d93  T32_INTC_IRQHandler            
00007d93  TA0_0_IRQHandler               
00007d93  TA0_N_IRQHandler               
00007d93  TA1_0_IRQHandler               
00007d93  TA1_N_IRQHandler               
00007d93  TA2_0_IRQHandler               
00007d93  TA2_N_IRQHandler               
00007d93  TA3_0_IRQHandler               
00007d93  TA3_N_IRQHandler               
00007d93  UsageFault_Handler             
00007d93  WDT_A_IRQHandler               
00007d95  __TI_zero_init                 
00007da1  _system_pre_init               
00007da4  _ctypes_                       
00007ee4  __TI_Handler_Table_Base        
00007ef0  __TI_Handler_Table_Limit       
00007ef8  __TI_CINIT_Base                
00007f08  __TI_CINIT_Limit               
20000000  _ftable                        
200000f0  __TI_cleanup_ptr               
200000f4  __TI_dtors_ptr                 
200000f8  __TI_enable_exit_profile_output
200000fc  _lock                          
20000100  _unlock                        
20000104  errno                          
20000108  main_func_sp                   
2000010c  SystemCoreClock                
2000fc00  __stack                        
20010000  __STACK_END                    
4000480c  WDTCTL_SYM                     
ffffffff  __TI_pprof_out_hndl            
ffffffff  __TI_prof_data_size            
ffffffff  __TI_prof_data_start           
ffffffff  __binit__                      
ffffffff  __c_args__                     
ffffffff  binit                          
UNDEFED   SHT$$INIT_ARRAY$$Base          
UNDEFED   SHT$$INIT_ARRAY$$Limit         

[206 symbols]
