<?xml version="1.0"?>
<link_info>
   <banner>TI ARM Linker PC v16.9.3.LTS</banner>
   <copyright>Copyright (c) 1996-2017 Texas Instruments Incorporated</copyright>
   <link_time>0x5995bf3e</link_time>
   <link_errors>0x0</link_errors>
   <output_file>MSP432_bridge_lib.out</output_file>
   <entry_point>
      <name>_c_int00</name>
      <address>0x7a8d</address>
   </entry_point>
   <input_file_list>
      <input_file id="fl-2">
         <path>.\</path>
         <kind>object</kind>
         <file>startup_msp432p401r_ccs.obj</file>
         <name>startup_msp432p401r_ccs.obj</name>
      </input_file>
      <input_file id="fl-3">
         <path>.\</path>
         <kind>object</kind>
         <file>system_msp432p401r.obj</file>
         <name>system_msp432p401r.obj</name>
      </input_file>
      <input_file id="fl-4">
         <path>.\Sources\</path>
         <kind>object</kind>
         <file>GPIO.obj</file>
         <name>GPIO.obj</name>
      </input_file>
      <input_file id="fl-5">
         <path>.\Sources\</path>
         <kind>object</kind>
         <file>adc.obj</file>
         <name>adc.obj</name>
      </input_file>
      <input_file id="fl-6">
         <path>.\Sources\</path>
         <kind>object</kind>
         <file>circbuff.obj</file>
         <name>circbuff.obj</name>
      </input_file>
      <input_file id="fl-7">
         <path>.\Sources\</path>
         <kind>object</kind>
         <file>data.obj</file>
         <name>data.obj</name>
      </input_file>
      <input_file id="fl-8">
         <path>.\Sources\</path>
         <kind>object</kind>
         <file>delay.obj</file>
         <name>delay.obj</name>
      </input_file>
      <input_file id="fl-9">
         <path>.\Sources\</path>
         <kind>object</kind>
         <file>i2c.obj</file>
         <name>i2c.obj</name>
      </input_file>
      <input_file id="fl-a">
         <path>.\Sources\</path>
         <kind>object</kind>
         <file>init.obj</file>
         <name>init.obj</name>
      </input_file>
      <input_file id="fl-b">
         <path>.\Sources\</path>
         <kind>object</kind>
         <file>log.obj</file>
         <name>log.obj</name>
      </input_file>
      <input_file id="fl-c">
         <path>.\Sources\</path>
         <kind>object</kind>
         <file>main.obj</file>
         <name>main.obj</name>
      </input_file>
      <input_file id="fl-d">
         <path>.\Sources\</path>
         <kind>object</kind>
         <file>ping_i2c.obj</file>
         <name>ping_i2c.obj</name>
      </input_file>
      <input_file id="fl-e">
         <path>.\Sources\</path>
         <kind>object</kind>
         <file>pmbus.obj</file>
         <name>pmbus.obj</name>
      </input_file>
      <input_file id="fl-f">
         <path>.\Sources\</path>
         <kind>object</kind>
         <file>protocol.obj</file>
         <name>protocol.obj</name>
      </input_file>
      <input_file id="fl-10">
         <path>.\Sources\</path>
         <kind>object</kind>
         <file>uart.obj</file>
         <name>uart.obj</name>
      </input_file>
      <input_file id="fl-14">
         <kind>object</kind>
         <file>&lt;internal&gt;</file>
         <name>&lt;internal&gt;</name>
      </input_file>
      <input_file id="fl-ca">
         <path>C:\ti\ccsv7\tools\compiler\ti-cgt-arm_16.9.3.LTS\lib\</path>
         <kind>archive</kind>
         <file>rtsv7M4_T_le_v4SPD16_eabi.lib</file>
         <name>boot.obj</name>
      </input_file>
      <input_file id="fl-cb">
         <path>C:\ti\ccsv7\tools\compiler\ti-cgt-arm_16.9.3.LTS\lib\</path>
         <kind>archive</kind>
         <file>rtsv7M4_T_le_v4SPD16_eabi.lib</file>
         <name>copy_decompress_lzss.obj</name>
      </input_file>
      <input_file id="fl-cc">
         <path>C:\ti\ccsv7\tools\compiler\ti-cgt-arm_16.9.3.LTS\lib\</path>
         <kind>archive</kind>
         <file>rtsv7M4_T_le_v4SPD16_eabi.lib</file>
         <name>copy_decompress_none.obj</name>
      </input_file>
      <input_file id="fl-cd">
         <path>C:\ti\ccsv7\tools\compiler\ti-cgt-arm_16.9.3.LTS\lib\</path>
         <kind>archive</kind>
         <file>rtsv7M4_T_le_v4SPD16_eabi.lib</file>
         <name>copy_zero_init.obj</name>
      </input_file>
      <input_file id="fl-ce">
         <path>C:\ti\ccsv7\tools\compiler\ti-cgt-arm_16.9.3.LTS\lib\</path>
         <kind>archive</kind>
         <file>rtsv7M4_T_le_v4SPD16_eabi.lib</file>
         <name>e_pow.obj</name>
      </input_file>
      <input_file id="fl-cf">
         <path>C:\ti\ccsv7\tools\compiler\ti-cgt-arm_16.9.3.LTS\lib\</path>
         <kind>archive</kind>
         <file>rtsv7M4_T_le_v4SPD16_eabi.lib</file>
         <name>e_sqrt.obj</name>
      </input_file>
      <input_file id="fl-d0">
         <path>C:\ti\ccsv7\tools\compiler\ti-cgt-arm_16.9.3.LTS\lib\</path>
         <kind>archive</kind>
         <file>rtsv7M4_T_le_v4SPD16_eabi.lib</file>
         <name>errno.obj</name>
      </input_file>
      <input_file id="fl-d1">
         <path>C:\ti\ccsv7\tools\compiler\ti-cgt-arm_16.9.3.LTS\lib\</path>
         <kind>archive</kind>
         <file>rtsv7M4_T_le_v4SPD16_eabi.lib</file>
         <name>exit.obj</name>
      </input_file>
      <input_file id="fl-d2">
         <path>C:\ti\ccsv7\tools\compiler\ti-cgt-arm_16.9.3.LTS\lib\</path>
         <kind>archive</kind>
         <file>rtsv7M4_T_le_v4SPD16_eabi.lib</file>
         <name>fd_add_t2.obj</name>
      </input_file>
      <input_file id="fl-d3">
         <path>C:\ti\ccsv7\tools\compiler\ti-cgt-arm_16.9.3.LTS\lib\</path>
         <kind>archive</kind>
         <file>rtsv7M4_T_le_v4SPD16_eabi.lib</file>
         <name>fd_cmp_t2.obj</name>
      </input_file>
      <input_file id="fl-d4">
         <path>C:\ti\ccsv7\tools\compiler\ti-cgt-arm_16.9.3.LTS\lib\</path>
         <kind>archive</kind>
         <file>rtsv7M4_T_le_v4SPD16_eabi.lib</file>
         <name>fd_div_t2.obj</name>
      </input_file>
      <input_file id="fl-d5">
         <path>C:\ti\ccsv7\tools\compiler\ti-cgt-arm_16.9.3.LTS\lib\</path>
         <kind>archive</kind>
         <file>rtsv7M4_T_le_v4SPD16_eabi.lib</file>
         <name>fd_mul_t2.obj</name>
      </input_file>
      <input_file id="fl-d6">
         <path>C:\ti\ccsv7\tools\compiler\ti-cgt-arm_16.9.3.LTS\lib\</path>
         <kind>archive</kind>
         <file>rtsv7M4_T_le_v4SPD16_eabi.lib</file>
         <name>fd_tos_t2.obj</name>
      </input_file>
      <input_file id="fl-d7">
         <path>C:\ti\ccsv7\tools\compiler\ti-cgt-arm_16.9.3.LTS\lib\</path>
         <kind>archive</kind>
         <file>rtsv7M4_T_le_v4SPD16_eabi.lib</file>
         <name>fs_tod_t2.obj</name>
      </input_file>
      <input_file id="fl-d8">
         <path>C:\ti\ccsv7\tools\compiler\ti-cgt-arm_16.9.3.LTS\lib\</path>
         <kind>archive</kind>
         <file>rtsv7M4_T_le_v4SPD16_eabi.lib</file>
         <name>i_tofd_t2.obj</name>
      </input_file>
      <input_file id="fl-d9">
         <path>C:\ti\ccsv7\tools\compiler\ti-cgt-arm_16.9.3.LTS\lib\</path>
         <kind>archive</kind>
         <file>rtsv7M4_T_le_v4SPD16_eabi.lib</file>
         <name>memcpy_t2.obj</name>
      </input_file>
      <input_file id="fl-da">
         <path>C:\ti\ccsv7\tools\compiler\ti-cgt-arm_16.9.3.LTS\lib\</path>
         <kind>archive</kind>
         <file>rtsv7M4_T_le_v4SPD16_eabi.lib</file>
         <name>memset_t2.obj</name>
      </input_file>
      <input_file id="fl-db">
         <path>C:\ti\ccsv7\tools\compiler\ti-cgt-arm_16.9.3.LTS\lib\</path>
         <kind>archive</kind>
         <file>rtsv7M4_T_le_v4SPD16_eabi.lib</file>
         <name>mpu_init.obj</name>
      </input_file>
      <input_file id="fl-dc">
         <path>C:\ti\ccsv7\tools\compiler\ti-cgt-arm_16.9.3.LTS\lib\</path>
         <kind>archive</kind>
         <file>rtsv7M4_T_le_v4SPD16_eabi.lib</file>
         <name>pre_init.obj</name>
      </input_file>
      <input_file id="fl-dd">
         <path>C:\ti\ccsv7\tools\compiler\ti-cgt-arm_16.9.3.LTS\lib\</path>
         <kind>archive</kind>
         <file>rtsv7M4_T_le_v4SPD16_eabi.lib</file>
         <name>printf.obj</name>
      </input_file>
      <input_file id="fl-de">
         <path>C:\ti\ccsv7\tools\compiler\ti-cgt-arm_16.9.3.LTS\lib\</path>
         <kind>archive</kind>
         <file>rtsv7M4_T_le_v4SPD16_eabi.lib</file>
         <name>s_scalbn.obj</name>
      </input_file>
      <input_file id="fl-df">
         <path>C:\ti\ccsv7\tools\compiler\ti-cgt-arm_16.9.3.LTS\lib\</path>
         <kind>archive</kind>
         <file>rtsv7M4_T_le_v4SPD16_eabi.lib</file>
         <name>stkdepth_vars.obj</name>
      </input_file>
      <input_file id="fl-e0">
         <path>C:\ti\ccsv7\tools\compiler\ti-cgt-arm_16.9.3.LTS\lib\</path>
         <kind>archive</kind>
         <file>rtsv7M4_T_le_v4SPD16_eabi.lib</file>
         <name>strlen.obj</name>
      </input_file>
      <input_file id="fl-e1">
         <path>C:\ti\ccsv7\tools\compiler\ti-cgt-arm_16.9.3.LTS\lib\</path>
         <kind>archive</kind>
         <file>rtsv7M4_T_le_v4SPD16_eabi.lib</file>
         <name>u_tofd_t2.obj</name>
      </input_file>
      <input_file id="fl-e2">
         <path>C:\ti\ccsv7\tools\compiler\ti-cgt-arm_16.9.3.LTS\lib\</path>
         <kind>archive</kind>
         <file>rtsv7M4_T_le_v4SPD16_eabi.lib</file>
         <name>_lock.obj</name>
      </input_file>
      <input_file id="fl-e3">
         <path>C:\ti\ccsv7\tools\compiler\ti-cgt-arm_16.9.3.LTS\lib\</path>
         <kind>archive</kind>
         <file>rtsv7M4_T_le_v4SPD16_eabi.lib</file>
         <name>_printfi.obj</name>
      </input_file>
      <input_file id="fl-e4">
         <path>C:\ti\ccsv7\tools\compiler\ti-cgt-arm_16.9.3.LTS\lib\</path>
         <kind>archive</kind>
         <file>rtsv7M4_T_le_v4SPD16_eabi.lib</file>
         <name>args_main.obj</name>
      </input_file>
      <input_file id="fl-e5">
         <path>C:\ti\ccsv7\tools\compiler\ti-cgt-arm_16.9.3.LTS\lib\</path>
         <kind>archive</kind>
         <file>rtsv7M4_T_le_v4SPD16_eabi.lib</file>
         <name>atoi.obj</name>
      </input_file>
      <input_file id="fl-e6">
         <path>C:\ti\ccsv7\tools\compiler\ti-cgt-arm_16.9.3.LTS\lib\</path>
         <kind>archive</kind>
         <file>rtsv7M4_T_le_v4SPD16_eabi.lib</file>
         <name>autoinit.obj</name>
      </input_file>
      <input_file id="fl-e7">
         <path>C:\ti\ccsv7\tools\compiler\ti-cgt-arm_16.9.3.LTS\lib\</path>
         <kind>archive</kind>
         <file>rtsv7M4_T_le_v4SPD16_eabi.lib</file>
         <name>cpy_tbl.obj</name>
      </input_file>
      <input_file id="fl-e8">
         <path>C:\ti\ccsv7\tools\compiler\ti-cgt-arm_16.9.3.LTS\lib\</path>
         <kind>archive</kind>
         <file>rtsv7M4_T_le_v4SPD16_eabi.lib</file>
         <name>ctype.obj</name>
      </input_file>
      <input_file id="fl-e9">
         <path>C:\ti\ccsv7\tools\compiler\ti-cgt-arm_16.9.3.LTS\lib\</path>
         <kind>archive</kind>
         <file>rtsv7M4_T_le_v4SPD16_eabi.lib</file>
         <name>defs.obj</name>
      </input_file>
      <input_file id="fl-ea">
         <path>C:\ti\ccsv7\tools\compiler\ti-cgt-arm_16.9.3.LTS\lib\</path>
         <kind>archive</kind>
         <file>rtsv7M4_T_le_v4SPD16_eabi.lib</file>
         <name>fd_toi_t2.obj</name>
      </input_file>
      <input_file id="fl-eb">
         <path>C:\ti\ccsv7\tools\compiler\ti-cgt-arm_16.9.3.LTS\lib\</path>
         <kind>archive</kind>
         <file>rtsv7M4_T_le_v4SPD16_eabi.lib</file>
         <name>ltoa.obj</name>
      </input_file>
      <input_file id="fl-ec">
         <path>C:\ti\ccsv7\tools\compiler\ti-cgt-arm_16.9.3.LTS\lib\</path>
         <kind>archive</kind>
         <file>rtsv7M4_T_le_v4SPD16_eabi.lib</file>
         <name>memccpy.obj</name>
      </input_file>
      <input_file id="fl-ed">
         <path>C:\ti\ccsv7\tools\compiler\ti-cgt-arm_16.9.3.LTS\lib\</path>
         <kind>archive</kind>
         <file>rtsv7M4_T_le_v4SPD16_eabi.lib</file>
         <name>s_copysign.obj</name>
      </input_file>
      <input_file id="fl-ee">
         <path>C:\ti\ccsv7\tools\compiler\ti-cgt-arm_16.9.3.LTS\lib\</path>
         <kind>archive</kind>
         <file>rtsv7M4_T_le_v4SPD16_eabi.lib</file>
         <name>s_frexp.obj</name>
      </input_file>
      <input_file id="fl-ef">
         <path>C:\ti\ccsv7\tools\compiler\ti-cgt-arm_16.9.3.LTS\lib\</path>
         <kind>archive</kind>
         <file>rtsv7M4_T_le_v4SPD16_eabi.lib</file>
         <name>startup.obj</name>
      </input_file>
      <input_file id="fl-f0">
         <path>C:\ti\ccsv7\tools\compiler\ti-cgt-arm_16.9.3.LTS\lib\</path>
         <kind>archive</kind>
         <file>rtsv7M4_T_le_v4SPD16_eabi.lib</file>
         <name>strchr.obj</name>
      </input_file>
      <input_file id="fl-f1">
         <path>C:\ti\ccsv7\tools\compiler\ti-cgt-arm_16.9.3.LTS\lib\</path>
         <kind>archive</kind>
         <file>rtsv7M4_T_le_v4SPD16_eabi.lib</file>
         <name>ull_div_t2.obj</name>
      </input_file>
   </input_file_list>
   <object_component_list>
      <object_component id="oc-2c">
         <name>.intvecs:retain</name>
         <load_address>0x0</load_address>
         <run_address>0x0</run_address>
         <size>0xe4</size>
         <input_file_ref idref="fl-2"/>
      </object_component>
      <object_component id="oc-e1">
         <name>.text</name>
         <load_address>0xe4</load_address>
         <run_address>0xe4</run_address>
         <size>0x114c</size>
         <input_file_ref idref="fl-4"/>
      </object_component>
      <object_component id="oc-141">
         <name>.text</name>
         <load_address>0x1230</load_address>
         <run_address>0x1230</run_address>
         <size>0x113e</size>
         <input_file_ref idref="fl-e3"/>
      </object_component>
      <object_component id="oc-53">
         <name>.text</name>
         <load_address>0x236e</load_address>
         <run_address>0x236e</run_address>
         <size>0x2</size>
         <input_file_ref idref="fl-db"/>
      </object_component>
      <object_component id="oc-113">
         <name>.text</name>
         <load_address>0x2370</load_address>
         <run_address>0x2370</run_address>
         <size>0xed0</size>
         <input_file_ref idref="fl-9"/>
      </object_component>
      <object_component id="oc-81">
         <name>.text</name>
         <load_address>0x3240</load_address>
         <run_address>0x3240</run_address>
         <size>0xc88</size>
         <input_file_ref idref="fl-f"/>
      </object_component>
      <object_component id="oc-ed">
         <name>.text</name>
         <load_address>0x3ec8</load_address>
         <run_address>0x3ec8</run_address>
         <size>0xc80</size>
         <input_file_ref idref="fl-d"/>
      </object_component>
      <object_component id="oc-e7">
         <name>.text</name>
         <load_address>0x4b48</load_address>
         <run_address>0x4b48</run_address>
         <size>0xc30</size>
         <input_file_ref idref="fl-e"/>
      </object_component>
      <object_component id="oc-db">
         <name>.text</name>
         <load_address>0x5778</load_address>
         <run_address>0x5778</run_address>
         <size>0x908</size>
         <input_file_ref idref="fl-5"/>
      </object_component>
      <object_component id="oc-b0">
         <name>.text</name>
         <load_address>0x6080</load_address>
         <run_address>0x6080</run_address>
         <size>0x824</size>
         <input_file_ref idref="fl-c"/>
      </object_component>
      <object_component id="oc-c3">
         <name>.text</name>
         <load_address>0x68a4</load_address>
         <run_address>0x68a4</run_address>
         <size>0x32c</size>
         <input_file_ref idref="fl-3"/>
      </object_component>
      <object_component id="oc-1b5">
         <name>.text</name>
         <load_address>0x6bd0</load_address>
         <run_address>0x6bd0</run_address>
         <size>0x1f4</size>
         <input_file_ref idref="fl-f1"/>
      </object_component>
      <object_component id="oc-1d4">
         <name>.text</name>
         <load_address>0x6dc4</load_address>
         <run_address>0x6dc4</run_address>
         <size>0x1b6</size>
         <input_file_ref idref="fl-d2"/>
      </object_component>
      <object_component id="oc-a8">
         <name>.text</name>
         <load_address>0x6f7a</load_address>
         <run_address>0x6f7a</run_address>
         <size>0x2</size>
         <input_file_ref idref="fl-ef"/>
      </object_component>
      <object_component id="oc-119">
         <name>.text</name>
         <load_address>0x6f7c</load_address>
         <run_address>0x6f7c</run_address>
         <size>0x1b0</size>
         <input_file_ref idref="fl-10"/>
      </object_component>
      <object_component id="oc-107">
         <name>.text</name>
         <load_address>0x712c</load_address>
         <run_address>0x712c</run_address>
         <size>0x168</size>
         <input_file_ref idref="fl-a"/>
      </object_component>
      <object_component id="oc-15b">
         <name>.text</name>
         <load_address>0x7294</load_address>
         <run_address>0x7294</run_address>
         <size>0x136</size>
         <input_file_ref idref="fl-d4"/>
      </object_component>
      <object_component id="oc-156">
         <name>.text</name>
         <load_address>0x73ca</load_address>
         <run_address>0x73ca</run_address>
         <size>0xfc</size>
         <input_file_ref idref="fl-d5"/>
      </object_component>
      <object_component id="oc-1df">
         <name>.text</name>
         <load_address>0x74c8</load_address>
         <run_address>0x74c8</run_address>
         <size>0xfc</size>
         <input_file_ref idref="fl-de"/>
      </object_component>
      <object_component id="oc-3b">
         <name>.text</name>
         <load_address>0x75c4</load_address>
         <run_address>0x75c4</run_address>
         <size>0x9c</size>
         <input_file_ref idref="fl-d9"/>
      </object_component>
      <object_component id="oc-7b">
         <name>.text</name>
         <load_address>0x7660</load_address>
         <run_address>0x7660</run_address>
         <size>0x88</size>
         <input_file_ref idref="fl-8"/>
      </object_component>
      <object_component id="oc-1ba">
         <name>.text:__aeabi_cdcmple</name>
         <load_address>0x76e8</load_address>
         <run_address>0x76e8</run_address>
         <size>0x86</size>
         <input_file_ref idref="fl-d3"/>
      </object_component>
      <object_component id="oc-1bf">
         <name>.text:__aeabi_cdrcmple</name>
         <load_address>0x776e</load_address>
         <run_address>0x776e</run_address>
         <size>0x86</size>
         <input_file_ref idref="fl-d3"/>
      </object_component>
      <object_component id="oc-47">
         <name>.text</name>
         <load_address>0x77f4</load_address>
         <run_address>0x77f4</run_address>
         <size>0x7a</size>
         <input_file_ref idref="fl-da"/>
      </object_component>
      <object_component id="oc-5f">
         <name>.text</name>
         <load_address>0x7870</load_address>
         <run_address>0x7870</run_address>
         <size>0x70</size>
         <input_file_ref idref="fl-e6"/>
      </object_component>
      <object_component id="oc-d5">
         <name>.text</name>
         <load_address>0x78e0</load_address>
         <run_address>0x78e0</run_address>
         <size>0x70</size>
         <input_file_ref idref="fl-dd"/>
      </object_component>
      <object_component id="oc-160">
         <name>.text</name>
         <load_address>0x7950</load_address>
         <run_address>0x7950</run_address>
         <size>0x6e</size>
         <input_file_ref idref="fl-d6"/>
      </object_component>
      <object_component id="oc-14">
         <name>.text:decompress:lzss</name>
         <load_address>0x79be</load_address>
         <run_address>0x79be</run_address>
         <size>0x68</size>
         <input_file_ref idref="fl-cb"/>
      </object_component>
      <object_component id="oc-1d9">
         <name>.text</name>
         <load_address>0x7a28</load_address>
         <run_address>0x7a28</run_address>
         <size>0x64</size>
         <input_file_ref idref="fl-ee"/>
      </object_component>
      <object_component id="oc-26">
         <name>.text</name>
         <load_address>0x7a8c</load_address>
         <run_address>0x7a8c</run_address>
         <size>0x54</size>
         <input_file_ref idref="fl-ca"/>
      </object_component>
      <object_component id="oc-6b">
         <name>.text</name>
         <load_address>0x7ae0</load_address>
         <run_address>0x7ae0</run_address>
         <size>0x54</size>
         <input_file_ref idref="fl-d1"/>
      </object_component>
      <object_component id="oc-1c9">
         <name>.text</name>
         <load_address>0x7b34</load_address>
         <run_address>0x7b34</run_address>
         <size>0x54</size>
         <input_file_ref idref="fl-eb"/>
      </object_component>
      <object_component id="oc-1eb">
         <name>.text</name>
         <load_address>0x7b88</load_address>
         <run_address>0x7b88</run_address>
         <size>0x4c</size>
         <input_file_ref idref="fl-e5"/>
      </object_component>
      <object_component id="oc-a2">
         <name>.text</name>
         <load_address>0x7bd4</load_address>
         <run_address>0x7bd4</run_address>
         <size>0x4c</size>
         <input_file_ref idref="fl-e7"/>
      </object_component>
      <object_component id="oc-1c4">
         <name>.text</name>
         <load_address>0x7c20</load_address>
         <run_address>0x7c20</run_address>
         <size>0x48</size>
         <input_file_ref idref="fl-ea"/>
      </object_component>
      <object_component id="oc-165">
         <name>.text</name>
         <load_address>0x7c68</load_address>
         <run_address>0x7c68</run_address>
         <size>0x38</size>
         <input_file_ref idref="fl-d7"/>
      </object_component>
      <object_component id="oc-1cf">
         <name>.text</name>
         <load_address>0x7ca0</load_address>
         <run_address>0x7ca0</run_address>
         <size>0x2e</size>
         <input_file_ref idref="fl-d8"/>
      </object_component>
      <object_component id="oc-151">
         <name>.text</name>
         <load_address>0x7cce</load_address>
         <run_address>0x7cce</run_address>
         <size>0x20</size>
         <input_file_ref idref="fl-e1"/>
      </object_component>
      <object_component id="oc-1f1">
         <name>.text</name>
         <load_address>0x7cee</load_address>
         <run_address>0x7cee</run_address>
         <size>0x1c</size>
         <input_file_ref idref="fl-ec"/>
      </object_component>
      <object_component id="oc-65">
         <name>.text</name>
         <load_address>0x7d0c</load_address>
         <run_address>0x7d0c</run_address>
         <size>0x18</size>
         <input_file_ref idref="fl-e4"/>
      </object_component>
      <object_component id="oc-1e5">
         <name>.text</name>
         <load_address>0x7d24</load_address>
         <run_address>0x7d24</run_address>
         <size>0x16</size>
         <input_file_ref idref="fl-f0"/>
      </object_component>
      <object_component id="oc-130">
         <name>.text</name>
         <load_address>0x7d3c</load_address>
         <run_address>0x7d3c</run_address>
         <size>0x14</size>
         <input_file_ref idref="fl-e2"/>
      </object_component>
      <object_component id="oc-24b">
         <name>.text</name>
         <load_address>0x7d50</load_address>
         <run_address>0x7d50</run_address>
         <size>0x14</size>
         <input_file_ref idref="fl-ed"/>
      </object_component>
      <object_component id="oc-11f">
         <name>.text</name>
         <load_address>0x7d64</load_address>
         <run_address>0x7d64</run_address>
         <size>0x14</size>
         <input_file_ref idref="fl-e0"/>
      </object_component>
      <object_component id="oc-1a">
         <name>.text:decompress:none</name>
         <load_address>0x7d78</load_address>
         <run_address>0x7d78</run_address>
         <size>0xe</size>
         <input_file_ref idref="fl-cc"/>
      </object_component>
      <object_component id="oc-75">
         <name>.text</name>
         <load_address>0x7d86</load_address>
         <run_address>0x7d86</run_address>
         <size>0xe</size>
         <input_file_ref idref="fl-2"/>
      </object_component>
      <object_component id="oc-20">
         <name>.text:decompress:ZI</name>
         <load_address>0x7d94</load_address>
         <run_address>0x7d94</run_address>
         <size>0xc</size>
         <input_file_ref idref="fl-cd"/>
      </object_component>
      <object_component id="oc-59">
         <name>.text</name>
         <load_address>0x7da0</load_address>
         <run_address>0x7da0</run_address>
         <size>0x4</size>
         <input_file_ref idref="fl-dc"/>
      </object_component>
      <object_component id="oc-258">
         <name>.const:.string:_ctypes_</name>
         <load_address>0x7da4</load_address>
         <run_address>0x7da4</run_address>
         <size>0x101</size>
         <input_file_ref idref="fl-e8"/>
      </object_component>
      <object_component id="oc-177">
         <name>.const:.string:$P$T3$4</name>
         <load_address>0x7ea5</load_address>
         <run_address>0x7ea5</run_address>
         <size>0x3</size>
         <input_file_ref idref="fl-e"/>
      </object_component>
      <object_component id="oc-171">
         <name>.const:.string:$P$T1$2</name>
         <load_address>0x7ea8</load_address>
         <run_address>0x7ea8</run_address>
         <size>0x2</size>
         <input_file_ref idref="fl-e"/>
      </object_component>
      <object_component id="oc-174">
         <name>.const:.string:$P$T2$3</name>
         <load_address>0x7eaa</load_address>
         <run_address>0x7eaa</run_address>
         <size>0x2</size>
         <input_file_ref idref="fl-e"/>
      </object_component>
      <object_component id="oc-17a">
         <name>.const:.string:$P$T4$5</name>
         <load_address>0x7eac</load_address>
         <run_address>0x7eac</run_address>
         <size>0x2</size>
         <input_file_ref idref="fl-e"/>
      </object_component>
      <object_component id="oc-10d">
         <name>.const:.string:$P$T0$1</name>
         <load_address>0x7eae</load_address>
         <run_address>0x7eae</run_address>
         <size>0x1</size>
         <input_file_ref idref="fl-c"/>
      </object_component>
      <object_component id="oc-16e">
         <name>.const:.string:$P$T0$1</name>
         <load_address>0x7eaf</load_address>
         <run_address>0x7eaf</run_address>
         <size>0x1</size>
         <input_file_ref idref="fl-e"/>
      </object_component>
      <object_component id="oc-110">
         <name>.const:.string:$P$T1$2</name>
         <load_address>0x7eb0</load_address>
         <run_address>0x7eb0</run_address>
         <size>0x1</size>
         <input_file_ref idref="fl-c"/>
      </object_component>
      <object_component id="oc-2a3">
         <name>.cinit..data.load</name>
         <load_address>0x7eb8</load_address>
         <run_address>0x7eb8</run_address>
         <size>0x2c</size>
      </object_component>
      <object_component id="oc-2a1">
         <name>__TI_handler_table</name>
         <load_address>0x7ee4</load_address>
         <run_address>0x7ee4</run_address>
         <size>0xc</size>
      </object_component>
      <object_component id="oc-2a4">
         <name>.cinit..bss.load</name>
         <load_address>0x7ef0</load_address>
         <run_address>0x7ef0</run_address>
         <size>0x8</size>
      </object_component>
      <object_component id="oc-2a2">
         <name>__TI_cinit_table</name>
         <load_address>0x7ef8</load_address>
         <run_address>0x7ef8</run_address>
         <size>0x10</size>
      </object_component>
      <object_component id="oc-27e">
         <name>.binit</name>
         <load_address>0x0</load_address>
         <run_address>0x0</run_address>
         <size>0x0</size>
      </object_component>
      <object_component id="oc-13c">
         <name>.data</name>
         <load_address>0x2000010c</load_address>
         <run_address>0x2000010c</run_address>
         <size>0x4</size>
         <input_file_ref idref="fl-3"/>
      </object_component>
      <object_component id="oc-251">
         <name>.data</name>
         <load_address>0x20000104</load_address>
         <run_address>0x20000104</run_address>
         <size>0x4</size>
         <input_file_ref idref="fl-d0"/>
      </object_component>
      <object_component id="oc-b8">
         <name>.data:$O1$$</name>
         <load_address>0x200000f0</load_address>
         <run_address>0x200000f0</run_address>
         <size>0xc</size>
         <input_file_ref idref="fl-d1"/>
      </object_component>
      <object_component id="oc-71">
         <name>.data</name>
         <load_address>0x20000108</load_address>
         <run_address>0x20000108</run_address>
         <size>0x4</size>
         <input_file_ref idref="fl-df"/>
      </object_component>
      <object_component id="oc-bb">
         <name>.data:$O1$$</name>
         <load_address>0x200000fc</load_address>
         <run_address>0x200000fc</run_address>
         <size>0x8</size>
         <input_file_ref idref="fl-e2"/>
      </object_component>
      <object_component id="oc-147">
         <name>.data:_ftable</name>
         <load_address>0x20000000</load_address>
         <run_address>0x20000000</run_address>
         <size>0xf0</size>
         <input_file_ref idref="fl-e9"/>
      </object_component>
      <object_component id="oc-192">
         <name>.bss</name>
         <uninitialized>true</uninitialized>
         <run_address>0x20000140</run_address>
         <size>0x6</size>
         <input_file_ref idref="fl-9"/>
      </object_component>
      <object_component id="oc-197">
         <name>.bss:UART_RX_buffer</name>
         <uninitialized>true</uninitialized>
         <run_address>0x20000110</run_address>
         <size>0x30</size>
         <input_file_ref idref="fl-10"/>
      </object_component>
      <object_component id="oc-2f">
         <name>.stack</name>
         <uninitialized>true</uninitialized>
         <run_address>0x2000fc00</run_address>
         <size>0x0</size>
         <input_file_ref idref="fl-ca"/>
      </object_component>
      <object_component id="oc-2a5">
         <name>.stack</name>
         <uninitialized>true</uninitialized>
         <run_address>0x2000fc00</run_address>
         <size>0x0</size>
      </object_component>
      <object_component id="oc-89">
         <name>.debug_info</name>
         <load_address>0x0</load_address>
         <run_address>0x0</run_address>
         <size>0x2b0</size>
         <input_file_ref idref="fl-2"/>
      </object_component>
      <object_component id="oc-2d">
         <name>.debug_info</name>
         <load_address>0x2b0</load_address>
         <run_address>0x2b0</run_address>
         <size>0xee</size>
         <input_file_ref idref="fl-2"/>
      </object_component>
      <object_component id="oc-76">
         <name>.debug_info</name>
         <load_address>0x39e</load_address>
         <run_address>0x39e</run_address>
         <size>0x1b5</size>
         <input_file_ref idref="fl-2"/>
      </object_component>
      <object_component id="oc-36">
         <name>.debug_info</name>
         <load_address>0x553</load_address>
         <run_address>0x553</run_address>
         <size>0x84</size>
         <input_file_ref idref="fl-2"/>
      </object_component>
      <object_component id="oc-cb">
         <name>.debug_info</name>
         <load_address>0x5d7</load_address>
         <run_address>0x5d7</run_address>
         <size>0x18b</size>
         <input_file_ref idref="fl-2"/>
      </object_component>
      <object_component id="oc-140">
         <name>.debug_info</name>
         <load_address>0x762</load_address>
         <run_address>0x762</run_address>
         <size>0x51e</size>
         <input_file_ref idref="fl-3"/>
      </object_component>
      <object_component id="oc-13d">
         <name>.debug_info</name>
         <load_address>0xc80</load_address>
         <run_address>0xc80</run_address>
         <size>0xe7</size>
         <input_file_ref idref="fl-3"/>
      </object_component>
      <object_component id="oc-c4">
         <name>.debug_info</name>
         <load_address>0xd67</load_address>
         <run_address>0xd67</run_address>
         <size>0x259</size>
         <input_file_ref idref="fl-3"/>
      </object_component>
      <object_component id="oc-d0">
         <name>.debug_info</name>
         <load_address>0xfc0</load_address>
         <run_address>0xfc0</run_address>
         <size>0x37cd</size>
         <input_file_ref idref="fl-3"/>
      </object_component>
      <object_component id="oc-1a9">
         <name>.debug_info</name>
         <load_address>0x478d</load_address>
         <run_address>0x478d</run_address>
         <size>0x1055</size>
         <input_file_ref idref="fl-3"/>
      </object_component>
      <object_component id="oc-16d">
         <name>.debug_info</name>
         <load_address>0x57e2</load_address>
         <run_address>0x57e2</run_address>
         <size>0x682</size>
         <input_file_ref idref="fl-4"/>
      </object_component>
      <object_component id="oc-e2">
         <name>.debug_info</name>
         <load_address>0x5e64</load_address>
         <run_address>0x5e64</run_address>
         <size>0x1196</size>
         <input_file_ref idref="fl-4"/>
      </object_component>
      <object_component id="oc-19f">
         <name>.debug_info</name>
         <load_address>0x6ffa</load_address>
         <run_address>0x6ffa</run_address>
         <size>0xc8</size>
         <input_file_ref idref="fl-4"/>
      </object_component>
      <object_component id="oc-14c">
         <name>.debug_info</name>
         <load_address>0x70c2</load_address>
         <run_address>0x70c2</run_address>
         <size>0x4e</size>
         <input_file_ref idref="fl-4"/>
      </object_component>
      <object_component id="oc-235">
         <name>.debug_info</name>
         <load_address>0x7110</load_address>
         <run_address>0x7110</run_address>
         <size>0xc6</size>
         <input_file_ref idref="fl-4"/>
      </object_component>
      <object_component id="oc-16b">
         <name>.debug_info</name>
         <load_address>0x71d6</load_address>
         <run_address>0x71d6</run_address>
         <size>0x5eb</size>
         <input_file_ref idref="fl-5"/>
      </object_component>
      <object_component id="oc-dc">
         <name>.debug_info</name>
         <load_address>0x77c1</load_address>
         <run_address>0x77c1</run_address>
         <size>0x428</size>
         <input_file_ref idref="fl-5"/>
      </object_component>
      <object_component id="oc-7c">
         <name>.debug_info</name>
         <load_address>0x7be9</load_address>
         <run_address>0x7be9</run_address>
         <size>0x289</size>
         <input_file_ref idref="fl-8"/>
      </object_component>
      <object_component id="oc-196">
         <name>.debug_info</name>
         <load_address>0x7e72</load_address>
         <run_address>0x7e72</run_address>
         <size>0x637</size>
         <input_file_ref idref="fl-9"/>
      </object_component>
      <object_component id="oc-193">
         <name>.debug_info</name>
         <load_address>0x84a9</load_address>
         <run_address>0x84a9</run_address>
         <size>0x1b3</size>
         <input_file_ref idref="fl-9"/>
      </object_component>
      <object_component id="oc-114">
         <name>.debug_info</name>
         <load_address>0x865c</load_address>
         <run_address>0x865c</run_address>
         <size>0x10be</size>
         <input_file_ref idref="fl-9"/>
      </object_component>
      <object_component id="oc-108">
         <name>.debug_info</name>
         <load_address>0x971a</load_address>
         <run_address>0x971a</run_address>
         <size>0x236</size>
         <input_file_ref idref="fl-a"/>
      </object_component>
      <object_component id="oc-126">
         <name>.debug_info</name>
         <load_address>0x9950</load_address>
         <run_address>0x9950</run_address>
         <size>0x7fb</size>
         <input_file_ref idref="fl-c"/>
      </object_component>
      <object_component id="oc-10e">
         <name>.debug_info</name>
         <load_address>0xa14b</load_address>
         <run_address>0xa14b</run_address>
         <size>0xd0</size>
         <input_file_ref idref="fl-c"/>
      </object_component>
      <object_component id="oc-111">
         <name>.debug_info</name>
         <load_address>0xa21b</load_address>
         <run_address>0xa21b</run_address>
         <size>0xd0</size>
         <input_file_ref idref="fl-c"/>
      </object_component>
      <object_component id="oc-b1">
         <name>.debug_info</name>
         <load_address>0xa2eb</load_address>
         <run_address>0xa2eb</run_address>
         <size>0x585</size>
         <input_file_ref idref="fl-c"/>
      </object_component>
      <object_component id="oc-1a4">
         <name>.debug_info</name>
         <load_address>0xa870</load_address>
         <run_address>0xa870</run_address>
         <size>0x37cd</size>
         <input_file_ref idref="fl-c"/>
      </object_component>
      <object_component id="oc-180">
         <name>.debug_info</name>
         <load_address>0xe03d</load_address>
         <run_address>0xe03d</run_address>
         <size>0x6f3</size>
         <input_file_ref idref="fl-d"/>
      </object_component>
      <object_component id="oc-ee">
         <name>.debug_info</name>
         <load_address>0xe730</load_address>
         <run_address>0xe730</run_address>
         <size>0xdf6</size>
         <input_file_ref idref="fl-d"/>
      </object_component>
      <object_component id="oc-17e">
         <name>.debug_info</name>
         <load_address>0xf526</load_address>
         <run_address>0xf526</run_address>
         <size>0x715</size>
         <input_file_ref idref="fl-e"/>
      </object_component>
      <object_component id="oc-16f">
         <name>.debug_info</name>
         <load_address>0xfc3b</load_address>
         <run_address>0xfc3b</run_address>
         <size>0xd1</size>
         <input_file_ref idref="fl-e"/>
      </object_component>
      <object_component id="oc-172">
         <name>.debug_info</name>
         <load_address>0xfd0c</load_address>
         <run_address>0xfd0c</run_address>
         <size>0xd1</size>
         <input_file_ref idref="fl-e"/>
      </object_component>
      <object_component id="oc-175">
         <name>.debug_info</name>
         <load_address>0xfddd</load_address>
         <run_address>0xfddd</run_address>
         <size>0xd1</size>
         <input_file_ref idref="fl-e"/>
      </object_component>
      <object_component id="oc-178">
         <name>.debug_info</name>
         <load_address>0xfeae</load_address>
         <run_address>0xfeae</run_address>
         <size>0xd1</size>
         <input_file_ref idref="fl-e"/>
      </object_component>
      <object_component id="oc-17b">
         <name>.debug_info</name>
         <load_address>0xff7f</load_address>
         <run_address>0xff7f</run_address>
         <size>0xd1</size>
         <input_file_ref idref="fl-e"/>
      </object_component>
      <object_component id="oc-e8">
         <name>.debug_info</name>
         <load_address>0x10050</load_address>
         <run_address>0x10050</run_address>
         <size>0xa3d</size>
         <input_file_ref idref="fl-e"/>
      </object_component>
      <object_component id="oc-228">
         <name>.debug_info</name>
         <load_address>0x10a8d</load_address>
         <run_address>0x10a8d</run_address>
         <size>0x37cd</size>
         <input_file_ref idref="fl-e"/>
      </object_component>
      <object_component id="oc-82">
         <name>.debug_info</name>
         <load_address>0x1425a</load_address>
         <run_address>0x1425a</run_address>
         <size>0xbf7</size>
         <input_file_ref idref="fl-f"/>
      </object_component>
      <object_component id="oc-198">
         <name>.debug_info</name>
         <load_address>0x14e51</load_address>
         <run_address>0x14e51</run_address>
         <size>0xde</size>
         <input_file_ref idref="fl-10"/>
      </object_component>
      <object_component id="oc-11a">
         <name>.debug_info</name>
         <load_address>0x14f2f</load_address>
         <run_address>0x14f2f</run_address>
         <size>0x32d</size>
         <input_file_ref idref="fl-10"/>
      </object_component>
      <object_component id="oc-28">
         <name>.debug_info</name>
         <load_address>0x1525c</load_address>
         <run_address>0x1525c</run_address>
         <size>0x160</size>
         <input_file_ref idref="fl-ca"/>
      </object_component>
      <object_component id="oc-8f">
         <name>.debug_info</name>
         <load_address>0x153bc</load_address>
         <run_address>0x153bc</run_address>
         <size>0x293</size>
         <input_file_ref idref="fl-cb"/>
      </object_component>
      <object_component id="oc-16">
         <name>.debug_info</name>
         <load_address>0x1564f</load_address>
         <run_address>0x1564f</run_address>
         <size>0x245</size>
         <input_file_ref idref="fl-cb"/>
      </object_component>
      <object_component id="oc-31">
         <name>.debug_info</name>
         <load_address>0x15894</load_address>
         <run_address>0x15894</run_address>
         <size>0x60</size>
         <input_file_ref idref="fl-cb"/>
      </object_component>
      <object_component id="oc-8a">
         <name>.debug_info</name>
         <load_address>0x158f4</load_address>
         <run_address>0x158f4</run_address>
         <size>0x46</size>
         <input_file_ref idref="fl-cb"/>
      </object_component>
      <object_component id="oc-46">
         <name>.debug_info</name>
         <load_address>0x1593a</load_address>
         <run_address>0x1593a</run_address>
         <size>0x2da</size>
         <input_file_ref idref="fl-cc"/>
      </object_component>
      <object_component id="oc-1b">
         <name>.debug_info</name>
         <load_address>0x15c14</load_address>
         <run_address>0x15c14</run_address>
         <size>0x1df</size>
         <input_file_ref idref="fl-cc"/>
      </object_component>
      <object_component id="oc-41">
         <name>.debug_info</name>
         <load_address>0x15df3</load_address>
         <run_address>0x15df3</run_address>
         <size>0x46</size>
         <input_file_ref idref="fl-cc"/>
      </object_component>
      <object_component id="oc-91">
         <name>.debug_info</name>
         <load_address>0x15e39</load_address>
         <run_address>0x15e39</run_address>
         <size>0x2c</size>
         <input_file_ref idref="fl-cc"/>
      </object_component>
      <object_component id="oc-52">
         <name>.debug_info</name>
         <load_address>0x15e65</load_address>
         <run_address>0x15e65</run_address>
         <size>0x2c9</size>
         <input_file_ref idref="fl-cd"/>
      </object_component>
      <object_component id="oc-21">
         <name>.debug_info</name>
         <load_address>0x1612e</load_address>
         <run_address>0x1612e</run_address>
         <size>0x1aa</size>
         <input_file_ref idref="fl-cd"/>
      </object_component>
      <object_component id="oc-4d">
         <name>.debug_info</name>
         <load_address>0x162d8</load_address>
         <run_address>0x162d8</run_address>
         <size>0x46</size>
         <input_file_ref idref="fl-cd"/>
      </object_component>
      <object_component id="oc-99">
         <name>.debug_info</name>
         <load_address>0x1631e</load_address>
         <run_address>0x1631e</run_address>
         <size>0x2c</size>
         <input_file_ref idref="fl-cd"/>
      </object_component>
      <object_component id="oc-252">
         <name>.debug_info</name>
         <load_address>0x1634a</load_address>
         <run_address>0x1634a</run_address>
         <size>0xf3</size>
         <input_file_ref idref="fl-d0"/>
      </object_component>
      <object_component id="oc-bf">
         <name>.debug_info</name>
         <load_address>0x1643d</load_address>
         <run_address>0x1643d</run_address>
         <size>0x3ce</size>
         <input_file_ref idref="fl-d1"/>
      </object_component>
      <object_component id="oc-b9">
         <name>.debug_info</name>
         <load_address>0x1680b</load_address>
         <run_address>0x1680b</run_address>
         <size>0x185</size>
         <input_file_ref idref="fl-d1"/>
      </object_component>
      <object_component id="oc-6d">
         <name>.debug_info</name>
         <load_address>0x16990</load_address>
         <run_address>0x16990</run_address>
         <size>0x214</size>
         <input_file_ref idref="fl-d1"/>
      </object_component>
      <object_component id="oc-1d7">
         <name>.debug_info</name>
         <load_address>0x16ba4</load_address>
         <run_address>0x16ba4</run_address>
         <size>0x144</size>
         <input_file_ref idref="fl-d2"/>
      </object_component>
      <object_component id="oc-1bd">
         <name>.debug_info</name>
         <load_address>0x16ce8</load_address>
         <run_address>0x16ce8</run_address>
         <size>0x120</size>
         <input_file_ref idref="fl-d3"/>
      </object_component>
      <object_component id="oc-1c2">
         <name>.debug_info</name>
         <load_address>0x16e08</load_address>
         <run_address>0x16e08</run_address>
         <size>0x122</size>
         <input_file_ref idref="fl-d3"/>
      </object_component>
      <object_component id="oc-15e">
         <name>.debug_info</name>
         <load_address>0x16f2a</load_address>
         <run_address>0x16f2a</run_address>
         <size>0x132</size>
         <input_file_ref idref="fl-d4"/>
      </object_component>
      <object_component id="oc-158">
         <name>.debug_info</name>
         <load_address>0x1705c</load_address>
         <run_address>0x1705c</run_address>
         <size>0x132</size>
         <input_file_ref idref="fl-d5"/>
      </object_component>
      <object_component id="oc-161">
         <name>.debug_info</name>
         <load_address>0x1718e</load_address>
         <run_address>0x1718e</run_address>
         <size>0x136</size>
         <input_file_ref idref="fl-d6"/>
      </object_component>
      <object_component id="oc-166">
         <name>.debug_info</name>
         <load_address>0x172c4</load_address>
         <run_address>0x172c4</run_address>
         <size>0x124</size>
         <input_file_ref idref="fl-d7"/>
      </object_component>
      <object_component id="oc-1d0">
         <name>.debug_info</name>
         <load_address>0x173e8</load_address>
         <run_address>0x173e8</run_address>
         <size>0x124</size>
         <input_file_ref idref="fl-d8"/>
      </object_component>
      <object_component id="oc-3c">
         <name>.debug_info</name>
         <load_address>0x1750c</load_address>
         <run_address>0x1750c</run_address>
         <size>0x111</size>
         <input_file_ref idref="fl-d9"/>
      </object_component>
      <object_component id="oc-48">
         <name>.debug_info</name>
         <load_address>0x1761d</load_address>
         <run_address>0x1761d</run_address>
         <size>0x13f</size>
         <input_file_ref idref="fl-da"/>
      </object_component>
      <object_component id="oc-54">
         <name>.debug_info</name>
         <load_address>0x1775c</load_address>
         <run_address>0x1775c</run_address>
         <size>0x138</size>
         <input_file_ref idref="fl-db"/>
      </object_component>
      <object_component id="oc-5a">
         <name>.debug_info</name>
         <load_address>0x17894</load_address>
         <run_address>0x17894</run_address>
         <size>0x148</size>
         <input_file_ref idref="fl-dc"/>
      </object_component>
      <object_component id="oc-14b">
         <name>.debug_info</name>
         <load_address>0x179dc</load_address>
         <run_address>0x179dc</run_address>
         <size>0x3c6</size>
         <input_file_ref idref="fl-dd"/>
      </object_component>
      <object_component id="oc-d6">
         <name>.debug_info</name>
         <load_address>0x17da2</load_address>
         <run_address>0x17da2</run_address>
         <size>0x284</size>
         <input_file_ref idref="fl-dd"/>
      </object_component>
      <object_component id="oc-20e">
         <name>.debug_info</name>
         <load_address>0x18026</load_address>
         <run_address>0x18026</run_address>
         <size>0xae</size>
         <input_file_ref idref="fl-dd"/>
      </object_component>
      <object_component id="oc-255">
         <name>.debug_info</name>
         <load_address>0x180d4</load_address>
         <run_address>0x180d4</run_address>
         <size>0x316</size>
         <input_file_ref idref="fl-de"/>
      </object_component>
      <object_component id="oc-1e0">
         <name>.debug_info</name>
         <load_address>0x183ea</load_address>
         <run_address>0x183ea</run_address>
         <size>0x1d5</size>
         <input_file_ref idref="fl-de"/>
      </object_component>
      <object_component id="oc-246">
         <name>.debug_info</name>
         <load_address>0x185bf</load_address>
         <run_address>0x185bf</run_address>
         <size>0x2c</size>
         <input_file_ref idref="fl-de"/>
      </object_component>
      <object_component id="oc-72">
         <name>.debug_info</name>
         <load_address>0x185eb</load_address>
         <run_address>0x185eb</run_address>
         <size>0x109</size>
         <input_file_ref idref="fl-df"/>
      </object_component>
      <object_component id="oc-19c">
         <name>.debug_info</name>
         <load_address>0x186f4</load_address>
         <run_address>0x186f4</run_address>
         <size>0x284</size>
         <input_file_ref idref="fl-e0"/>
      </object_component>
      <object_component id="oc-120">
         <name>.debug_info</name>
         <load_address>0x18978</load_address>
         <run_address>0x18978</run_address>
         <size>0x22a</size>
         <input_file_ref idref="fl-e0"/>
      </object_component>
      <object_component id="oc-153">
         <name>.debug_info</name>
         <load_address>0x18ba2</load_address>
         <run_address>0x18ba2</run_address>
         <size>0x126</size>
         <input_file_ref idref="fl-e1"/>
      </object_component>
      <object_component id="oc-138">
         <name>.debug_info</name>
         <load_address>0x18cc8</load_address>
         <run_address>0x18cc8</run_address>
         <size>0x2be</size>
         <input_file_ref idref="fl-e2"/>
      </object_component>
      <object_component id="oc-bc">
         <name>.debug_info</name>
         <load_address>0x18f86</load_address>
         <run_address>0x18f86</run_address>
         <size>0x113</size>
         <input_file_ref idref="fl-e2"/>
      </object_component>
      <object_component id="oc-131">
         <name>.debug_info</name>
         <load_address>0x19099</load_address>
         <run_address>0x19099</run_address>
         <size>0x21f</size>
         <input_file_ref idref="fl-e2"/>
      </object_component>
      <object_component id="oc-1f8">
         <name>.debug_info</name>
         <load_address>0x192b8</load_address>
         <run_address>0x192b8</run_address>
         <size>0x51f</size>
         <input_file_ref idref="fl-e3"/>
      </object_component>
      <object_component id="oc-144">
         <name>.debug_info</name>
         <load_address>0x197d7</load_address>
         <run_address>0x197d7</run_address>
         <size>0x1543</size>
         <input_file_ref idref="fl-e3"/>
      </object_component>
      <object_component id="oc-1f9">
         <name>.debug_info</name>
         <load_address>0x1ad1a</load_address>
         <run_address>0x1ad1a</run_address>
         <size>0x86</size>
         <input_file_ref idref="fl-e3"/>
      </object_component>
      <object_component id="oc-203">
         <name>.debug_info</name>
         <load_address>0x1ada0</load_address>
         <run_address>0x1ada0</run_address>
         <size>0x2c</size>
         <input_file_ref idref="fl-e3"/>
      </object_component>
      <object_component id="oc-261">
         <name>.debug_info</name>
         <load_address>0x1adcc</load_address>
         <run_address>0x1adcc</run_address>
         <size>0x46</size>
         <input_file_ref idref="fl-e3"/>
      </object_component>
      <object_component id="oc-1fe">
         <name>.debug_info</name>
         <load_address>0x1ae12</load_address>
         <run_address>0x1ae12</run_address>
         <size>0x39</size>
         <input_file_ref idref="fl-e3"/>
      </object_component>
      <object_component id="oc-b7">
         <name>.debug_info</name>
         <load_address>0x1ae4b</load_address>
         <run_address>0x1ae4b</run_address>
         <size>0x300</size>
         <input_file_ref idref="fl-e4"/>
      </object_component>
      <object_component id="oc-67">
         <name>.debug_info</name>
         <load_address>0x1b14b</load_address>
         <run_address>0x1b14b</run_address>
         <size>0x167</size>
         <input_file_ref idref="fl-e4"/>
      </object_component>
      <object_component id="oc-129">
         <name>.debug_info</name>
         <load_address>0x1b2b2</load_address>
         <run_address>0x1b2b2</run_address>
         <size>0x5e</size>
         <input_file_ref idref="fl-e4"/>
      </object_component>
      <object_component id="oc-25c">
         <name>.debug_info</name>
         <load_address>0x1b310</load_address>
         <run_address>0x1b310</run_address>
         <size>0x2ae</size>
         <input_file_ref idref="fl-e5"/>
      </object_component>
      <object_component id="oc-1ec">
         <name>.debug_info</name>
         <load_address>0x1b5be</load_address>
         <run_address>0x1b5be</run_address>
         <size>0x171</size>
         <input_file_ref idref="fl-e5"/>
      </object_component>
      <object_component id="oc-af">
         <name>.debug_info</name>
         <load_address>0x1b72f</load_address>
         <run_address>0x1b72f</run_address>
         <size>0x483</size>
         <input_file_ref idref="fl-e6"/>
      </object_component>
      <object_component id="oc-60">
         <name>.debug_info</name>
         <load_address>0x1bbb2</load_address>
         <run_address>0x1bbb2</run_address>
         <size>0x190</size>
         <input_file_ref idref="fl-e6"/>
      </object_component>
      <object_component id="oc-fd">
         <name>.debug_info</name>
         <load_address>0x1bd42</load_address>
         <run_address>0x1bd42</run_address>
         <size>0x39</size>
         <input_file_ref idref="fl-e6"/>
      </object_component>
      <object_component id="oc-188">
         <name>.debug_info</name>
         <load_address>0x1bd7b</load_address>
         <run_address>0x1bd7b</run_address>
         <size>0x39</size>
         <input_file_ref idref="fl-e6"/>
      </object_component>
      <object_component id="oc-102">
         <name>.debug_info</name>
         <load_address>0x1bdb4</load_address>
         <run_address>0x1bdb4</run_address>
         <size>0xcd</size>
         <input_file_ref idref="fl-e6"/>
      </object_component>
      <object_component id="oc-f9">
         <name>.debug_info</name>
         <load_address>0x1be81</load_address>
         <run_address>0x1be81</run_address>
         <size>0x37a</size>
         <input_file_ref idref="fl-e7"/>
      </object_component>
      <object_component id="oc-a4">
         <name>.debug_info</name>
         <load_address>0x1c1fb</load_address>
         <run_address>0x1c1fb</run_address>
         <size>0x183</size>
         <input_file_ref idref="fl-e7"/>
      </object_component>
      <object_component id="oc-183">
         <name>.debug_info</name>
         <load_address>0x1c37e</load_address>
         <run_address>0x1c37e</run_address>
         <size>0x2c</size>
         <input_file_ref idref="fl-e7"/>
      </object_component>
      <object_component id="oc-275">
         <name>.debug_info</name>
         <load_address>0x1c3aa</load_address>
         <run_address>0x1c3aa</run_address>
         <size>0xee</size>
         <input_file_ref idref="fl-e8"/>
      </object_component>
      <object_component id="oc-259">
         <name>.debug_info</name>
         <load_address>0x1c498</load_address>
         <run_address>0x1c498</run_address>
         <size>0xfa</size>
         <input_file_ref idref="fl-e8"/>
      </object_component>
      <object_component id="oc-20a">
         <name>.debug_info</name>
         <load_address>0x1c592</load_address>
         <run_address>0x1c592</run_address>
         <size>0x139</size>
         <input_file_ref idref="fl-e9"/>
      </object_component>
      <object_component id="oc-148">
         <name>.debug_info</name>
         <load_address>0x1c6cb</load_address>
         <run_address>0x1c6cb</run_address>
         <size>0xf7</size>
         <input_file_ref idref="fl-e9"/>
      </object_component>
      <object_component id="oc-1c6">
         <name>.debug_info</name>
         <load_address>0x1c7c2</load_address>
         <run_address>0x1c7c2</run_address>
         <size>0x126</size>
         <input_file_ref idref="fl-ea"/>
      </object_component>
      <object_component id="oc-241">
         <name>.debug_info</name>
         <load_address>0x1c8e8</load_address>
         <run_address>0x1c8e8</run_address>
         <size>0x2e6</size>
         <input_file_ref idref="fl-eb"/>
      </object_component>
      <object_component id="oc-1cc">
         <name>.debug_info</name>
         <load_address>0x1cbce</load_address>
         <run_address>0x1cbce</run_address>
         <size>0x1c2</size>
         <input_file_ref idref="fl-eb"/>
      </object_component>
      <object_component id="oc-25e">
         <name>.debug_info</name>
         <load_address>0x1cd90</load_address>
         <run_address>0x1cd90</run_address>
         <size>0x28b</size>
         <input_file_ref idref="fl-ec"/>
      </object_component>
      <object_component id="oc-1f4">
         <name>.debug_info</name>
         <load_address>0x1d01b</load_address>
         <run_address>0x1d01b</run_address>
         <size>0x1ab</size>
         <input_file_ref idref="fl-ec"/>
      </object_component>
      <object_component id="oc-24d">
         <name>.debug_info</name>
         <load_address>0x1d1c6</load_address>
         <run_address>0x1d1c6</run_address>
         <size>0x156</size>
         <input_file_ref idref="fl-ed"/>
      </object_component>
      <object_component id="oc-245">
         <name>.debug_info</name>
         <load_address>0x1d31c</load_address>
         <run_address>0x1d31c</run_address>
         <size>0x2d9</size>
         <input_file_ref idref="fl-ee"/>
      </object_component>
      <object_component id="oc-1dc">
         <name>.debug_info</name>
         <load_address>0x1d5f5</load_address>
         <run_address>0x1d5f5</run_address>
         <size>0x18a</size>
         <input_file_ref idref="fl-ee"/>
      </object_component>
      <object_component id="oc-ac">
         <name>.debug_info</name>
         <load_address>0x1d77f</load_address>
         <run_address>0x1d77f</run_address>
         <size>0x145</size>
         <input_file_ref idref="fl-ef"/>
      </object_component>
      <object_component id="oc-257">
         <name>.debug_info</name>
         <load_address>0x1d8c4</load_address>
         <run_address>0x1d8c4</run_address>
         <size>0x28f</size>
         <input_file_ref idref="fl-f0"/>
      </object_component>
      <object_component id="oc-1e6">
         <name>.debug_info</name>
         <load_address>0x1db53</load_address>
         <run_address>0x1db53</run_address>
         <size>0x244</size>
         <input_file_ref idref="fl-f0"/>
      </object_component>
      <object_component id="oc-1b8">
         <name>.debug_info</name>
         <load_address>0x1dd97</load_address>
         <run_address>0x1dd97</run_address>
         <size>0x17d</size>
         <input_file_ref idref="fl-f1"/>
      </object_component>
      <object_component id="oc-2a6">
         <name>.debug_info</name>
         <load_address>0x1df14</load_address>
         <run_address>0x1df14</run_address>
         <size>0x9d</size>
      </object_component>
      <object_component id="oc-f5">
         <name>.debug_line</name>
         <load_address>0x0</load_address>
         <run_address>0x0</run_address>
         <size>0x40</size>
         <input_file_ref idref="fl-2"/>
      </object_component>
      <object_component id="oc-88">
         <name>.debug_line</name>
         <load_address>0x40</load_address>
         <run_address>0x40</run_address>
         <size>0x40</size>
         <input_file_ref idref="fl-2"/>
      </object_component>
      <object_component id="oc-79">
         <name>.debug_line</name>
         <load_address>0x80</load_address>
         <run_address>0x80</run_address>
         <size>0x71</size>
         <input_file_ref idref="fl-2"/>
      </object_component>
      <object_component id="oc-39">
         <name>.debug_line</name>
         <load_address>0xf1</load_address>
         <run_address>0xf1</run_address>
         <size>0x20</size>
         <input_file_ref idref="fl-2"/>
      </object_component>
      <object_component id="oc-ce">
         <name>.debug_line</name>
         <load_address>0x111</load_address>
         <run_address>0x111</run_address>
         <size>0x65</size>
         <input_file_ref idref="fl-2"/>
      </object_component>
      <object_component id="oc-1b4">
         <name>.debug_line</name>
         <load_address>0x176</load_address>
         <run_address>0x176</run_address>
         <size>0x20</size>
         <input_file_ref idref="fl-3"/>
      </object_component>
      <object_component id="oc-1b2">
         <name>.debug_line</name>
         <load_address>0x196</load_address>
         <run_address>0x196</run_address>
         <size>0x3b</size>
         <input_file_ref idref="fl-3"/>
      </object_component>
      <object_component id="oc-c7">
         <name>.debug_line</name>
         <load_address>0x1d1</load_address>
         <run_address>0x1d1</run_address>
         <size>0x146</size>
         <input_file_ref idref="fl-3"/>
      </object_component>
      <object_component id="oc-d3">
         <name>.debug_line</name>
         <load_address>0x317</load_address>
         <run_address>0x317</run_address>
         <size>0x52</size>
         <input_file_ref idref="fl-3"/>
      </object_component>
      <object_component id="oc-1ac">
         <name>.debug_line</name>
         <load_address>0x369</load_address>
         <run_address>0x369</run_address>
         <size>0x55</size>
         <input_file_ref idref="fl-3"/>
      </object_component>
      <object_component id="oc-21b">
         <name>.debug_line</name>
         <load_address>0x3be</load_address>
         <run_address>0x3be</run_address>
         <size>0xb5</size>
         <input_file_ref idref="fl-4"/>
      </object_component>
      <object_component id="oc-e5">
         <name>.debug_line</name>
         <load_address>0x473</load_address>
         <run_address>0x473</run_address>
         <size>0x43e</size>
         <input_file_ref idref="fl-4"/>
      </object_component>
      <object_component id="oc-1a2">
         <name>.debug_line</name>
         <load_address>0x8b1</load_address>
         <run_address>0x8b1</run_address>
         <size>0x64</size>
         <input_file_ref idref="fl-4"/>
      </object_component>
      <object_component id="oc-14f">
         <name>.debug_line</name>
         <load_address>0x915</load_address>
         <run_address>0x915</run_address>
         <size>0x65</size>
         <input_file_ref idref="fl-4"/>
      </object_component>
      <object_component id="oc-238">
         <name>.debug_line</name>
         <load_address>0x97a</load_address>
         <run_address>0x97a</run_address>
         <size>0x5f</size>
         <input_file_ref idref="fl-4"/>
      </object_component>
      <object_component id="oc-219">
         <name>.debug_line</name>
         <load_address>0x9d9</load_address>
         <run_address>0x9d9</run_address>
         <size>0x64</size>
         <input_file_ref idref="fl-5"/>
      </object_component>
      <object_component id="oc-df">
         <name>.debug_line</name>
         <load_address>0xa3d</load_address>
         <run_address>0xa3d</run_address>
         <size>0x414</size>
         <input_file_ref idref="fl-5"/>
      </object_component>
      <object_component id="oc-7f">
         <name>.debug_line</name>
         <load_address>0xe51</load_address>
         <run_address>0xe51</run_address>
         <size>0xc6</size>
         <input_file_ref idref="fl-8"/>
      </object_component>
      <object_component id="oc-232">
         <name>.debug_line</name>
         <load_address>0xf17</load_address>
         <run_address>0xf17</run_address>
         <size>0xa0</size>
         <input_file_ref idref="fl-9"/>
      </object_component>
      <object_component id="oc-230">
         <name>.debug_line</name>
         <load_address>0xfb7</load_address>
         <run_address>0xfb7</run_address>
         <size>0x34</size>
         <input_file_ref idref="fl-9"/>
      </object_component>
      <object_component id="oc-117">
         <name>.debug_line</name>
         <load_address>0xfeb</load_address>
         <run_address>0xfeb</run_address>
         <size>0x48d</size>
         <input_file_ref idref="fl-9"/>
      </object_component>
      <object_component id="oc-10b">
         <name>.debug_line</name>
         <load_address>0x1478</load_address>
         <run_address>0x1478</run_address>
         <size>0xa9</size>
         <input_file_ref idref="fl-a"/>
      </object_component>
      <object_component id="oc-19e">
         <name>.debug_line</name>
         <load_address>0x1521</load_address>
         <run_address>0x1521</run_address>
         <size>0x1d4</size>
         <input_file_ref idref="fl-c"/>
      </object_component>
      <object_component id="oc-18f">
         <name>.debug_line</name>
         <load_address>0x16f5</load_address>
         <run_address>0x16f5</run_address>
         <size>0x35</size>
         <input_file_ref idref="fl-c"/>
      </object_component>
      <object_component id="oc-191">
         <name>.debug_line</name>
         <load_address>0x172a</load_address>
         <run_address>0x172a</run_address>
         <size>0x35</size>
         <input_file_ref idref="fl-c"/>
      </object_component>
      <object_component id="oc-b4">
         <name>.debug_line</name>
         <load_address>0x175f</load_address>
         <run_address>0x175f</run_address>
         <size>0x155</size>
         <input_file_ref idref="fl-c"/>
      </object_component>
      <object_component id="oc-1a7">
         <name>.debug_line</name>
         <load_address>0x18b4</load_address>
         <run_address>0x18b4</run_address>
         <size>0x52</size>
         <input_file_ref idref="fl-c"/>
      </object_component>
      <object_component id="oc-22e">
         <name>.debug_line</name>
         <load_address>0x1906</load_address>
         <run_address>0x1906</run_address>
         <size>0xf3</size>
         <input_file_ref idref="fl-d"/>
      </object_component>
      <object_component id="oc-f1">
         <name>.debug_line</name>
         <load_address>0x19f9</load_address>
         <run_address>0x19f9</run_address>
         <size>0x26c</size>
         <input_file_ref idref="fl-d"/>
      </object_component>
      <object_component id="oc-227">
         <name>.debug_line</name>
         <load_address>0x1c65</load_address>
         <run_address>0x1c65</run_address>
         <size>0xda</size>
         <input_file_ref idref="fl-e"/>
      </object_component>
      <object_component id="oc-21d">
         <name>.debug_line</name>
         <load_address>0x1d3f</load_address>
         <run_address>0x1d3f</run_address>
         <size>0x36</size>
         <input_file_ref idref="fl-e"/>
      </object_component>
      <object_component id="oc-21f">
         <name>.debug_line</name>
         <load_address>0x1d75</load_address>
         <run_address>0x1d75</run_address>
         <size>0x36</size>
         <input_file_ref idref="fl-e"/>
      </object_component>
      <object_component id="oc-221">
         <name>.debug_line</name>
         <load_address>0x1dab</load_address>
         <run_address>0x1dab</run_address>
         <size>0x36</size>
         <input_file_ref idref="fl-e"/>
      </object_component>
      <object_component id="oc-223">
         <name>.debug_line</name>
         <load_address>0x1de1</load_address>
         <run_address>0x1de1</run_address>
         <size>0x36</size>
         <input_file_ref idref="fl-e"/>
      </object_component>
      <object_component id="oc-225">
         <name>.debug_line</name>
         <load_address>0x1e17</load_address>
         <run_address>0x1e17</run_address>
         <size>0x36</size>
         <input_file_ref idref="fl-e"/>
      </object_component>
      <object_component id="oc-eb">
         <name>.debug_line</name>
         <load_address>0x1e4d</load_address>
         <run_address>0x1e4d</run_address>
         <size>0x204</size>
         <input_file_ref idref="fl-e"/>
      </object_component>
      <object_component id="oc-22b">
         <name>.debug_line</name>
         <load_address>0x2051</load_address>
         <run_address>0x2051</run_address>
         <size>0x52</size>
         <input_file_ref idref="fl-e"/>
      </object_component>
      <object_component id="oc-85">
         <name>.debug_line</name>
         <load_address>0x20a3</load_address>
         <run_address>0x20a3</run_address>
         <size>0x3b7</size>
         <input_file_ref idref="fl-f"/>
      </object_component>
      <object_component id="oc-234">
         <name>.debug_line</name>
         <load_address>0x245a</load_address>
         <run_address>0x245a</run_address>
         <size>0x35</size>
         <input_file_ref idref="fl-10"/>
      </object_component>
      <object_component id="oc-11d">
         <name>.debug_line</name>
         <load_address>0x248f</load_address>
         <run_address>0x248f</run_address>
         <size>0xf6</size>
         <input_file_ref idref="fl-10"/>
      </object_component>
      <object_component id="oc-27">
         <name>.debug_line</name>
         <load_address>0x2585</load_address>
         <run_address>0x2585</run_address>
         <size>0x53</size>
         <input_file_ref idref="fl-ca"/>
      </object_component>
      <object_component id="oc-f7">
         <name>.debug_line</name>
         <load_address>0x25d8</load_address>
         <run_address>0x25d8</run_address>
         <size>0x20</size>
         <input_file_ref idref="fl-cb"/>
      </object_component>
      <object_component id="oc-19">
         <name>.debug_line</name>
         <load_address>0x25f8</load_address>
         <run_address>0x25f8</run_address>
         <size>0xa9</size>
         <input_file_ref idref="fl-cb"/>
      </object_component>
      <object_component id="oc-34">
         <name>.debug_line</name>
         <load_address>0x26a1</load_address>
         <run_address>0x26a1</run_address>
         <size>0x3a</size>
         <input_file_ref idref="fl-cb"/>
      </object_component>
      <object_component id="oc-8d">
         <name>.debug_line</name>
         <load_address>0x26db</load_address>
         <run_address>0x26db</run_address>
         <size>0x8a</size>
         <input_file_ref idref="fl-cb"/>
      </object_component>
      <object_component id="oc-97">
         <name>.debug_line</name>
         <load_address>0x2765</load_address>
         <run_address>0x2765</run_address>
         <size>0x8a</size>
         <input_file_ref idref="fl-cc"/>
      </object_component>
      <object_component id="oc-1e">
         <name>.debug_line</name>
         <load_address>0x27ef</load_address>
         <run_address>0x27ef</run_address>
         <size>0x55</size>
         <input_file_ref idref="fl-cc"/>
      </object_component>
      <object_component id="oc-44">
         <name>.debug_line</name>
         <load_address>0x2844</load_address>
         <run_address>0x2844</run_address>
         <size>0x3a</size>
         <input_file_ref idref="fl-cc"/>
      </object_component>
      <object_component id="oc-94">
         <name>.debug_line</name>
         <load_address>0x287e</load_address>
         <run_address>0x287e</run_address>
         <size>0x8a</size>
         <input_file_ref idref="fl-cc"/>
      </object_component>
      <object_component id="oc-9f">
         <name>.debug_line</name>
         <load_address>0x2908</load_address>
         <run_address>0x2908</run_address>
         <size>0x8a</size>
         <input_file_ref idref="fl-cd"/>
      </object_component>
      <object_component id="oc-24">
         <name>.debug_line</name>
         <load_address>0x2992</load_address>
         <run_address>0x2992</run_address>
         <size>0x4f</size>
         <input_file_ref idref="fl-cd"/>
      </object_component>
      <object_component id="oc-50">
         <name>.debug_line</name>
         <load_address>0x29e1</load_address>
         <run_address>0x29e1</run_address>
         <size>0x34</size>
         <input_file_ref idref="fl-cd"/>
      </object_component>
      <object_component id="oc-9c">
         <name>.debug_line</name>
         <load_address>0x2a15</load_address>
         <run_address>0x2a15</run_address>
         <size>0x8a</size>
         <input_file_ref idref="fl-cd"/>
      </object_component>
      <object_component id="oc-26e">
         <name>.debug_line</name>
         <load_address>0x2a9f</load_address>
         <run_address>0x2a9f</run_address>
         <size>0x2b</size>
         <input_file_ref idref="fl-d0"/>
      </object_component>
      <object_component id="oc-13b">
         <name>.debug_line</name>
         <load_address>0x2aca</load_address>
         <run_address>0x2aca</run_address>
         <size>0xf2</size>
         <input_file_ref idref="fl-d1"/>
      </object_component>
      <object_component id="oc-12f">
         <name>.debug_line</name>
         <load_address>0x2bbc</load_address>
         <run_address>0x2bbc</run_address>
         <size>0x2a</size>
         <input_file_ref idref="fl-d1"/>
      </object_component>
      <object_component id="oc-6f">
         <name>.debug_line</name>
         <load_address>0x2be6</load_address>
         <run_address>0x2be6</run_address>
         <size>0x86</size>
         <input_file_ref idref="fl-d1"/>
      </object_component>
      <object_component id="oc-1d6">
         <name>.debug_line</name>
         <load_address>0x2c6c</load_address>
         <run_address>0x2c6c</run_address>
         <size>0xd2</size>
         <input_file_ref idref="fl-d2"/>
      </object_component>
      <object_component id="oc-1bc">
         <name>.debug_line</name>
         <load_address>0x2d3e</load_address>
         <run_address>0x2d3e</run_address>
         <size>0x77</size>
         <input_file_ref idref="fl-d3"/>
      </object_component>
      <object_component id="oc-1c1">
         <name>.debug_line</name>
         <load_address>0x2db5</load_address>
         <run_address>0x2db5</run_address>
         <size>0x77</size>
         <input_file_ref idref="fl-d3"/>
      </object_component>
      <object_component id="oc-15d">
         <name>.debug_line</name>
         <load_address>0x2e2c</load_address>
         <run_address>0x2e2c</run_address>
         <size>0xa8</size>
         <input_file_ref idref="fl-d4"/>
      </object_component>
      <object_component id="oc-157">
         <name>.debug_line</name>
         <load_address>0x2ed4</load_address>
         <run_address>0x2ed4</run_address>
         <size>0x8e</size>
         <input_file_ref idref="fl-d5"/>
      </object_component>
      <object_component id="oc-164">
         <name>.debug_line</name>
         <load_address>0x2f62</load_address>
         <run_address>0x2f62</run_address>
         <size>0x67</size>
         <input_file_ref idref="fl-d6"/>
      </object_component>
      <object_component id="oc-169">
         <name>.debug_line</name>
         <load_address>0x2fc9</load_address>
         <run_address>0x2fc9</run_address>
         <size>0x57</size>
         <input_file_ref idref="fl-d7"/>
      </object_component>
      <object_component id="oc-1d3">
         <name>.debug_line</name>
         <load_address>0x3020</load_address>
         <run_address>0x3020</run_address>
         <size>0x50</size>
         <input_file_ref idref="fl-d8"/>
      </object_component>
      <object_component id="oc-3f">
         <name>.debug_line</name>
         <load_address>0x3070</load_address>
         <run_address>0x3070</run_address>
         <size>0x88</size>
         <input_file_ref idref="fl-d9"/>
      </object_component>
      <object_component id="oc-4b">
         <name>.debug_line</name>
         <load_address>0x30f8</load_address>
         <run_address>0x30f8</run_address>
         <size>0x79</size>
         <input_file_ref idref="fl-da"/>
      </object_component>
      <object_component id="oc-57">
         <name>.debug_line</name>
         <load_address>0x3171</load_address>
         <run_address>0x3171</run_address>
         <size>0x3d</size>
         <input_file_ref idref="fl-db"/>
      </object_component>
      <object_component id="oc-5d">
         <name>.debug_line</name>
         <load_address>0x31ae</load_address>
         <run_address>0x31ae</run_address>
         <size>0x40</size>
[...]
      <symbol id="sm-4bd">
         <name>pingtest_i2c3</name>
         <value>0x42dd</value>
         <object_component_ref idref="oc-ed"/>
      </symbol>
      <symbol id="sm-4be">
         <name>loop_delay</name>
         <value>0x4a9d</value>
         <object_component_ref idref="oc-ed"/>
      </symbol>
      <symbol id="sm-567">
         <name>pmbus_voltage_write</name>
         <value>0x55c5</value>
         <object_component_ref idref="oc-e7"/>
      </symbol>
      <symbol id="sm-568">
         <name>pmbus_voltage_read</name>
         <value>0x54f1</value>
         <object_component_ref idref="oc-e7"/>
      </symbol>
      <symbol id="sm-569">
         <name>pmbus_write</name>
         <value>0x5015</value>
         <object_component_ref idref="oc-e7"/>
      </symbol>
      <symbol id="sm-56a">
         <name>pmbus_read</name>
         <value>0x4b49</value>
         <object_component_ref idref="oc-e7"/>
      </symbol>
      <symbol id="sm-61b">
         <name>RTC_C_IRQHandler</name>
         <value>0x39ed</value>
         <object_component_ref idref="oc-81"/>
      </symbol>
      <symbol id="sm-61c">
         <name>gpio_config</name>
         <value>0x395b</value>
         <object_component_ref idref="oc-81"/>
      </symbol>
      <symbol id="sm-61d">
         <name>Get_cmd</name>
         <value>0x3241</value>
         <object_component_ref idref="oc-81"/>
      </symbol>
      <symbol id="sm-61e">
         <name>rtc_test_on</name>
         <value>0x3967</value>
         <object_component_ref idref="oc-81"/>
      </symbol>
      <symbol id="sm-61f">
         <name>adc_menu</name>
         <value>0x32eb</value>
         <object_component_ref idref="oc-81"/>
      </symbol>
      <symbol id="sm-620">
         <name>gpio_menu</name>
         <value>0x34ed</value>
         <object_component_ref idref="oc-81"/>
      </symbol>
      <symbol id="sm-621">
         <name>ping_menu</name>
         <value>0x3d4d</value>
         <object_component_ref idref="oc-81"/>
      </symbol>
      <symbol id="sm-622">
         <name>adc_channel_menu</name>
         <value>0x3841</value>
         <object_component_ref idref="oc-81"/>
      </symbol>
      <symbol id="sm-623">
         <name>pmbus_menu</name>
         <value>0x38f7</value>
         <object_component_ref idref="oc-81"/>
      </symbol>
      <symbol id="sm-650">
         <name>UART_putchar</name>
         <value>0x702b</value>
         <object_component_ref idref="oc-119"/>
      </symbol>
      <symbol id="sm-651">
         <name>UART1_getchar</name>
         <value>0x70ad</value>
         <object_component_ref idref="oc-119"/>
      </symbol>
      <symbol id="sm-652">
         <name>UART_init</name>
         <value>0x6f7d</value>
         <object_component_ref idref="oc-119"/>
      </symbol>
      <symbol id="sm-653">
         <name>UART1_putchar</name>
         <value>0x7051</value>
         <object_component_ref idref="oc-119"/>
      </symbol>
      <symbol id="sm-654">
         <name>UART_getchar</name>
         <value>0x7077</value>
         <object_component_ref idref="oc-119"/>
      </symbol>
      <symbol id="sm-665">
         <name>_c_int00</name>
         <value>0x7a8d</value>
         <object_component_ref idref="oc-26"/>
      </symbol>
      <symbol id="sm-666">
         <name>__stack</name>
         <value>0x2000fc00</value>
         <object_component_ref idref="oc-2f"/>
      </symbol>
      <symbol id="sm-684">
         <name>__TI_decompress_lzss</name>
         <value>0x79bf</value>
         <object_component_ref idref="oc-14"/>
      </symbol>
      <symbol id="sm-69b">
         <name>__TI_decompress_none</name>
         <value>0x7d79</value>
         <object_component_ref idref="oc-1a"/>
      </symbol>
      <symbol id="sm-6b2">
         <name>__TI_zero_init</name>
         <value>0x7d95</value>
         <object_component_ref idref="oc-20"/>
      </symbol>
      <symbol id="sm-6bc">
         <name>errno</name>
         <value>0x20000104</value>
         <object_component_ref idref="oc-251"/>
      </symbol>
      <symbol id="sm-6dd">
         <name>C$$EXIT</name>
         <value>0x7ae1</value>
         <object_component_ref idref="oc-6b"/>
      </symbol>
      <symbol id="sm-6de">
         <name>abort</name>
         <value>0x7ae5</value>
         <object_component_ref idref="oc-6b"/>
      </symbol>
      <symbol id="sm-6df">
         <name>exit</name>
         <value>0x7aed</value>
         <object_component_ref idref="oc-6b"/>
      </symbol>
      <symbol id="sm-6e0">
         <name>__TI_dtors_ptr</name>
         <value>0x200000f4</value>
         <object_component_ref idref="oc-b8"/>
      </symbol>
      <symbol id="sm-6e1">
         <name>__TI_cleanup_ptr</name>
         <value>0x200000f0</value>
         <object_component_ref idref="oc-b8"/>
      </symbol>
      <symbol id="sm-6e2">
         <name>__TI_enable_exit_profile_output</name>
         <value>0x200000f8</value>
         <object_component_ref idref="oc-b8"/>
      </symbol>
      <symbol id="sm-6f9">
         <name>__aeabi_dsub</name>
         <value>0x6dc5</value>
         <object_component_ref idref="oc-1d4"/>
      </symbol>
      <symbol id="sm-6fa">
         <name>__aeabi_dadd</name>
         <value>0x6dcf</value>
         <object_component_ref idref="oc-1d4"/>
      </symbol>
      <symbol id="sm-71c">
         <name>__aeabi_cdcmpeq</name>
         <value>0x76e9</value>
         <object_component_ref idref="oc-1ba"/>
      </symbol>
      <symbol id="sm-71d">
         <name>__aeabi_cdcmple</name>
         <value>0x76e9</value>
         <object_component_ref idref="oc-1ba"/>
      </symbol>
      <symbol id="sm-71e">
         <name>__aeabi_cdrcmple</name>
         <value>0x776f</value>
         <object_component_ref idref="oc-1bf"/>
      </symbol>
      <symbol id="sm-732">
         <name>__aeabi_ddiv</name>
         <value>0x7295</value>
         <object_component_ref idref="oc-15b"/>
      </symbol>
      <symbol id="sm-73d">
         <name>__aeabi_dmul</name>
         <value>0x73cb</value>
         <object_component_ref idref="oc-156"/>
      </symbol>
      <symbol id="sm-749">
         <name>__aeabi_d2f</name>
         <value>0x7951</value>
         <object_component_ref idref="oc-160"/>
      </symbol>
      <symbol id="sm-754">
         <name>__aeabi_f2d</name>
         <value>0x7c69</value>
         <object_component_ref idref="oc-165"/>
      </symbol>
      <symbol id="sm-75e">
         <name>__aeabi_i2d</name>
         <value>0x7ca1</value>
         <object_component_ref idref="oc-1cf"/>
      </symbol>
      <symbol id="sm-779">
         <name>memcpy</name>
         <value>0x75c5</value>
         <object_component_ref idref="oc-3b"/>
      </symbol>
      <symbol id="sm-77a">
         <name>__aeabi_memcpy</name>
         <value>0x75c5</value>
         <object_component_ref idref="oc-3b"/>
      </symbol>
      <symbol id="sm-77b">
         <name>__aeabi_memcpy8</name>
         <value>0x75c5</value>
         <object_component_ref idref="oc-3b"/>
      </symbol>
      <symbol id="sm-77c">
         <name>__aeabi_memcpy4</name>
         <value>0x75c5</value>
         <object_component_ref idref="oc-3b"/>
      </symbol>
      <symbol id="sm-78b">
         <name>__aeabi_memset</name>
         <value>0x77f7</value>
         <object_component_ref idref="oc-47"/>
      </symbol>
      <symbol id="sm-78c">
         <name>memset</name>
         <value>0x77fd</value>
         <object_component_ref idref="oc-47"/>
      </symbol>
      <symbol id="sm-78d">
         <name>__aeabi_memset8</name>
         <value>0x77f7</value>
         <object_component_ref idref="oc-47"/>
      </symbol>
      <symbol id="sm-78e">
         <name>__aeabi_memset4</name>
         <value>0x77f7</value>
         <object_component_ref idref="oc-47"/>
      </symbol>
      <symbol id="sm-78f">
         <name>__aeabi_memclr8</name>
         <value>0x77f5</value>
         <object_component_ref idref="oc-47"/>
      </symbol>
      <symbol id="sm-790">
         <name>__aeabi_memclr4</name>
         <value>0x77f5</value>
         <object_component_ref idref="oc-47"/>
      </symbol>
      <symbol id="sm-791">
         <name>__aeabi_memclr</name>
         <value>0x77f5</value>
         <object_component_ref idref="oc-47"/>
      </symbol>
      <symbol id="sm-79b">
         <name>__mpu_init</name>
         <value>0x236f</value>
         <object_component_ref idref="oc-53"/>
      </symbol>
      <symbol id="sm-7a5">
         <name>_system_pre_init</name>
         <value>0x7da1</value>
         <object_component_ref idref="oc-59"/>
      </symbol>
      <symbol id="sm-7c3">
         <name>printf</name>
         <value>0x78e9</value>
         <object_component_ref idref="oc-d5"/>
      </symbol>
      <symbol id="sm-7e5">
         <name>scalbn</name>
         <value>0x74c9</value>
         <object_component_ref idref="oc-1df"/>
      </symbol>
      <symbol id="sm-7e6">
         <name>scalbnl</name>
         <value>0x74c9</value>
         <object_component_ref idref="oc-1df"/>
      </symbol>
      <symbol id="sm-7e7">
         <name>ldexpl</name>
         <value>0x74c9</value>
         <object_component_ref idref="oc-1df"/>
      </symbol>
      <symbol id="sm-7e8">
         <name>ldexp</name>
         <value>0x74c9</value>
         <object_component_ref idref="oc-1df"/>
      </symbol>
      <symbol id="sm-7f0">
         <name>main_func_sp</name>
         <value>0x20000108</value>
         <object_component_ref idref="oc-71"/>
      </symbol>
      <symbol id="sm-7fe">
         <name>strlen</name>
         <value>0x7d65</value>
         <object_component_ref idref="oc-11f"/>
      </symbol>
      <symbol id="sm-808">
         <name>__aeabi_ui2d</name>
         <value>0x7ccf</value>
         <object_component_ref idref="oc-151"/>
      </symbol>
      <symbol id="sm-821">
         <name>_nop</name>
         <value>0x7d4b</value>
         <object_component_ref idref="oc-130"/>
      </symbol>
      <symbol id="sm-822">
         <name>_lock</name>
         <value>0x200000fc</value>
         <object_component_ref idref="oc-bb"/>
      </symbol>
      <symbol id="sm-823">
         <name>_unlock</name>
         <value>0x20000100</value>
         <object_component_ref idref="oc-bb"/>
      </symbol>
      <symbol id="sm-824">
         <name>_register_lock</name>
         <value>0x7d43</value>
         <object_component_ref idref="oc-130"/>
      </symbol>
      <symbol id="sm-825">
         <name>_register_unlock</name>
         <value>0x7d3d</value>
         <object_component_ref idref="oc-130"/>
      </symbol>
      <symbol id="sm-92b">
         <name>__TI_printfi</name>
         <value>0x1a75</value>
         <object_component_ref idref="oc-141"/>
      </symbol>
      <symbol id="sm-93f">
         <name>_args_main</name>
         <value>0x7d0d</value>
         <object_component_ref idref="oc-65"/>
      </symbol>
      <symbol id="sm-955">
         <name>atoi</name>
         <value>0x7b89</value>
         <object_component_ref idref="oc-1eb"/>
      </symbol>
      <symbol id="sm-97f">
         <name>__TI_auto_init</name>
         <value>0x7871</value>
         <object_component_ref idref="oc-5f"/>
      </symbol>
      <symbol id="sm-999">
         <name>copy_in</name>
         <value>0x7bd5</value>
         <object_component_ref idref="oc-a2"/>
      </symbol>
      <symbol id="sm-9a4">
         <name>_ctypes_</name>
         <value>0x7da4</value>
         <object_component_ref idref="oc-258"/>
      </symbol>
      <symbol id="sm-9b0">
         <name>_ftable</name>
         <value>0x20000000</value>
         <object_component_ref idref="oc-147"/>
      </symbol>
      <symbol id="sm-9ba">
         <name>__aeabi_d2iz</name>
         <value>0x7c21</value>
         <object_component_ref idref="oc-1c4"/>
      </symbol>
      <symbol id="sm-9c9">
         <name>ltoa</name>
         <value>0x7b35</value>
         <object_component_ref idref="oc-1c9"/>
      </symbol>
      <symbol id="sm-9d9">
         <name>memccpy</name>
         <value>0x7cef</value>
         <object_component_ref idref="oc-1f1"/>
      </symbol>
      <symbol id="sm-9e3">
         <name>copysign</name>
         <value>0x7d51</value>
         <object_component_ref idref="oc-24b"/>
      </symbol>
      <symbol id="sm-9e4">
         <name>copysignl</name>
         <value>0x7d51</value>
         <object_component_ref idref="oc-24b"/>
      </symbol>
      <symbol id="sm-9fa">
         <name>frexpl</name>
         <value>0x7a29</value>
         <object_component_ref idref="oc-1d9"/>
      </symbol>
      <symbol id="sm-9fb">
         <name>frexp</name>
         <value>0x7a29</value>
         <object_component_ref idref="oc-1d9"/>
      </symbol>
      <symbol id="sm-a05">
         <name>_system_post_cinit</name>
         <value>0x6f7b</value>
         <object_component_ref idref="oc-a8"/>
      </symbol>
      <symbol id="sm-a15">
         <name>strchr</name>
         <value>0x7d25</value>
         <object_component_ref idref="oc-1e5"/>
      </symbol>
      <symbol id="sm-a31">
         <name>__aeabi_uldivmod</name>
         <value>0x6bd1</value>
         <object_component_ref idref="oc-1b5"/>
      </symbol>
      <symbol id="sm-a32">
         <name>__TI_static_base__</name>
         <value>0x0</value>
      </symbol>
      <symbol id="sm-a35">
         <name>SHT$$INIT_ARRAY$$Limit</name>
         <value>0x0</value>
      </symbol>
      <symbol id="sm-a36">
         <name>SHT$$INIT_ARRAY$$Base</name>
         <value>0x0</value>
      </symbol>
      <symbol id="sm-a37">
         <name>NMI_Handler</name>
         <value>0x7d93</value>
      </symbol>
      <symbol id="sm-a38">
         <name>HardFault_Handler</name>
         <value>0x7d93</value>
      </symbol>
      <symbol id="sm-a39">
         <name>MemManage_Handler</name>
         <value>0x7d93</value>
      </symbol>
      <symbol id="sm-a3a">
         <name>BusFault_Handler</name>
         <value>0x7d93</value>
      </symbol>
      <symbol id="sm-a3b">
         <name>UsageFault_Handler</name>
         <value>0x7d93</value>
      </symbol>
      <symbol id="sm-a3c">
         <name>SVC_Handler</name>
         <value>0x7d93</value>
      </symbol>
      <symbol id="sm-a3d">
         <name>DebugMon_Handler</name>
         <value>0x7d93</value>
      </symbol>
      <symbol id="sm-a3e">
         <name>PendSV_Handler</name>
         <value>0x7d93</value>
      </symbol>
      <symbol id="sm-a3f">
         <name>SysTick_Handler</name>
         <value>0x7d93</value>
      </symbol>
      <symbol id="sm-a40">
         <name>PSS_IRQHandler</name>
         <value>0x7d93</value>
      </symbol>
      <symbol id="sm-a41">
         <name>CS_IRQHandler</name>
         <value>0x7d93</value>
      </symbol>
      <symbol id="sm-a42">
         <name>PCM_IRQHandler</name>
         <value>0x7d93</value>
      </symbol>
      <symbol id="sm-a43">
         <name>WDT_A_IRQHandler</name>
         <value>0x7d93</value>
      </symbol>
      <symbol id="sm-a44">
         <name>FPU_IRQHandler</name>
         <value>0x7d93</value>
      </symbol>
      <symbol id="sm-a45">
         <name>FLCTL_IRQHandler</name>
         <value>0x7d93</value>
      </symbol>
      <symbol id="sm-a46">
         <name>COMP_E0_IRQHandler</name>
         <value>0x7d93</value>
      </symbol>
      <symbol id="sm-a47">
         <name>COMP_E1_IRQHandler</name>
         <value>0x7d93</value>
      </symbol>
      <symbol id="sm-a48">
         <name>TA0_0_IRQHandler</name>
         <value>0x7d93</value>
      </symbol>
      <symbol id="sm-a49">
         <name>TA0_N_IRQHandler</name>
         <value>0x7d93</value>
      </symbol>
      <symbol id="sm-a4a">
         <name>TA1_0_IRQHandler</name>
         <value>0x7d93</value>
      </symbol>
      <symbol id="sm-a4b">
         <name>TA1_N_IRQHandler</name>
         <value>0x7d93</value>
      </symbol>
      <symbol id="sm-a4c">
         <name>TA2_0_IRQHandler</name>
         <value>0x7d93</value>
      </symbol>
      <symbol id="sm-a4d">
         <name>TA2_N_IRQHandler</name>
         <value>0x7d93</value>
      </symbol>
      <symbol id="sm-a4e">
         <name>TA3_0_IRQHandler</name>
         <value>0x7d93</value>
      </symbol>
      <symbol id="sm-a4f">
         <name>TA3_N_IRQHandler</name>
         <value>0x7d93</value>
      </symbol>
      <symbol id="sm-a50">
         <name>EUSCIA0_IRQHandler</name>
         <value>0x7d93</value>
      </symbol>
      <symbol id="sm-a51">
         <name>EUSCIA1_IRQHandler</name>
         <value>0x7d93</value>
      </symbol>
      <symbol id="sm-a52">
         <name>EUSCIA2_IRQHandler</name>
         <value>0x7d93</value>
      </symbol>
      <symbol id="sm-a53">
         <name>EUSCIA3_IRQHandler</name>
         <value>0x7d93</value>
      </symbol>
      <symbol id="sm-a54">
         <name>EUSCIB0_IRQHandler</name>
         <value>0x7d93</value>
      </symbol>
      <symbol id="sm-a55">
         <name>EUSCIB1_IRQHandler</name>
         <value>0x7d93</value>
      </symbol>
      <symbol id="sm-a56">
         <name>EUSCIB2_IRQHandler</name>
         <value>0x7d93</value>
      </symbol>
      <symbol id="sm-a57">
         <name>EUSCIB3_IRQHandler</name>
         <value>0x7d93</value>
      </symbol>
      <symbol id="sm-a58">
         <name>ADC14_IRQHandler</name>
         <value>0x7d93</value>
      </symbol>
      <symbol id="sm-a59">
         <name>T32_INT1_IRQHandler</name>
         <value>0x76c3</value>
      </symbol>
      <symbol id="sm-a5a">
         <name>T32_INT2_IRQHandler</name>
         <value>0x7d93</value>
      </symbol>
      <symbol id="sm-a5b">
         <name>T32_INTC_IRQHandler</name>
         <value>0x7d93</value>
      </symbol>
      <symbol id="sm-a5c">
         <name>AES256_IRQHandler</name>
         <value>0x7d93</value>
      </symbol>
      <symbol id="sm-a5d">
         <name>RTC_C_IRQHandler</name>
         <value>0x39ed</value>
      </symbol>
      <symbol id="sm-a5e">
         <name>DMA_ERR_IRQHandler</name>
         <value>0x7d93</value>
      </symbol>
      <symbol id="sm-a5f">
         <name>DMA_INT3_IRQHandler</name>
         <value>0x7d93</value>
      </symbol>
      <symbol id="sm-a60">
         <name>DMA_INT2_IRQHandler</name>
         <value>0x7d93</value>
      </symbol>
      <symbol id="sm-a61">
         <name>DMA_INT1_IRQHandler</name>
         <value>0x7d93</value>
      </symbol>
      <symbol id="sm-a62">
         <name>DMA_INT0_IRQHandler</name>
         <value>0x7d93</value>
      </symbol>
      <symbol id="sm-a63">
         <name>PORT1_IRQHandler</name>
         <value>0x7d93</value>
      </symbol>
      <symbol id="sm-a64">
         <name>PORT2_IRQHandler</name>
         <value>0x7d93</value>
      </symbol>
      <symbol id="sm-a65">
         <name>PORT3_IRQHandler</name>
         <value>0x7d93</value>
      </symbol>
      <symbol id="sm-a66">
         <name>PORT4_IRQHandler</name>
         <value>0x7d93</value>
      </symbol>
      <symbol id="sm-a67">
         <name>PORT5_IRQHandler</name>
         <value>0x7d93</value>
      </symbol>
      <symbol id="sm-a68">
         <name>PORT6_IRQHandler</name>
         <value>0x7d93</value>
      </symbol>
   </symbol_table>
   <title>Link successful</title>
</link_info>
