******************************************************************************
                  TI ARM Linker PC v16.9.3                     
******************************************************************************
>> Linked Tue Jun 27 11:56:01 2017

OUTPUT FILE NAME:   <UART_test_1.out>
ENTRY POINT SYMBOL: "_c_int00"  address: 00001011


MEMORY CONFIGURATION

         name            origin    length      used     unused   attr    fill
----------------------  --------  ---------  --------  --------  ----  --------
  MAIN                  00000000   00040000  000011be  0003ee42  R  X
  INFO                  00200000   00004000  00000000  00004000  R  X
  SRAM_CODE             01000000   00010000  00000430  0000fbd0  RW X
  SRAM_DATA             20000000   00010000  00000430  0000fbd0  RW  


SEGMENT ALLOCATION MAP

run origin  load origin   length   init length attrs members
----------  ----------- ---------- ----------- ----- -------
00000000    00000000    000011c0   000011c0    r-x
  00000000    00000000    000000e4   000000e4    r-- .intvecs
  000000e4    000000e4    0000109a   0000109a    r-x .text
  00001180    00001180    00000040   00000040    r-- .cinit
20000000    20000000    00000230   00000000    rw-
  20000000    20000000    00000214   00000000    rw- .bss
  20000214    20000214    0000001c   00000000    rw- .data
2000fe00    2000fe00    00000200   00000000    rw-
  2000fe00    2000fe00    00000200   00000000    rw- .stack


SECTION ALLOCATION MAP

 output                                  attributes/
section   page    origin      length       input sections
--------  ----  ----------  ----------   ----------------
.intvecs   0    00000000    000000e4     
                  00000000    000000e4     startup_msp432p401r_ccs.obj (.intvecs:retain)

.binit     0    00000000    00000000     

.text      0    000000e4    0000109a     
                  000000e4    00000810     i2c.obj (.text)
                  000008f4    0000032c     system_msp432p401r.obj (.text)
                  00000c20    00000140     uart.obj (.text)
                  00000d60    0000009c     rtsv7M4_T_le_v4SPD16_eabi.lib : memcpy_t2.obj (.text)
                  00000dfc    0000007a                                   : memset_t2.obj (.text)
                  00000e76    00000002                                   : mpu_init.obj (.text)
                  00000e78    00000070                                   : autoinit.obj (.text)
                  00000ee8    00000068                                   : copy_decompress_lzss.obj (.text:decompress:lzss)
                  00000f50    00000064     delay.obj (.text)
                  00000fb4    0000005c     init.obj (.text)
                  00001010    00000054     rtsv7M4_T_le_v4SPD16_eabi.lib : boot.obj (.text)
                  00001064    00000054                                   : exit.obj (.text)
                  000010b8    0000004c                                   : cpy_tbl.obj (.text)
                  00001104    00000020     main.obj (.text)
                  00001124    00000018     rtsv7M4_T_le_v4SPD16_eabi.lib : args_main.obj (.text)
                  0000113c    00000014                                   : _lock.obj (.text)
                  00001150    0000000e                                   : copy_decompress_none.obj (.text:decompress:none)
                  0000115e    0000000e     startup_msp432p401r_ccs.obj (.text)
                  0000116c    0000000c     rtsv7M4_T_le_v4SPD16_eabi.lib : copy_zero_init.obj (.text:decompress:ZI)
                  00001178    00000004                                   : pre_init.obj (.text)
                  0000117c    00000002                                   : startup.obj (.text)

.cinit     0    00001180    00000040     
                  00001180    00000015     (.cinit..data.load) [load image, compression = lzss]
                  00001195    00000003     --HOLE-- [fill = 0]
                  00001198    0000000c     (__TI_handler_table)
                  000011a4    00000004     --HOLE-- [fill = 0]
                  000011a8    00000008     (.cinit..bss.load) [load image, compression = zero_init]
                  000011b0    00000010     (__TI_cinit_table)

.init_array 
*          0    00000000    00000000     UNINITIALIZED

.bss       0    20000000    00000214     UNINITIALIZED
                  20000000    00000210     uart.obj (.bss:UART_RX_buffer)
                  20000210    00000004     i2c.obj (.bss)

.data      0    20000214    0000001c     UNINITIALIZED
                  20000214    0000000c     rtsv7M4_T_le_v4SPD16_eabi.lib : exit.obj (.data:$O1$$)
                  20000220    00000008                                   : _lock.obj (.data:$O1$$)
                  20000228    00000004                                   : stkdepth_vars.obj (.data)
                  2000022c    00000004     system_msp432p401r.obj (.data)

.stack     0    2000fe00    00000200     UNINITIALIZED
                  2000fe00    00000200     --HOLE--

MODULE SUMMARY

       Module                        code   ro data   rw data
       ------                        ----   -------   -------
    .\
       system_msp432p401r.obj        812    0         8      
       startup_msp432p401r_ccs.obj   14     228       0      
    +--+-----------------------------+------+---------+---------+
       Total:                        826    228       8      
                                                             
    .\Sources\
       i2c.obj                       2064   0         8      
       uart.obj                      320    0         1056   
       delay.obj                     100    0         0      
       init.obj                      92     0         0      
       main.obj                      32     0         0      
    +--+-----------------------------+------+---------+---------+
       Total:                        2608   0         1064   
                                                             
    C:\ti\ccsv7\tools\compiler\ti-cgt-arm_16.9.3.LTS\lib\rtsv7M4_T_le_v4SPD16_eabi.lib
       memcpy_t2.obj                 156    0         0      
       memset_t2.obj                 122    0         0      
       autoinit.obj                  112    0         0      
       exit.obj                      84     0         24     
       copy_decompress_lzss.obj      104    0         0      
       boot.obj                      84     0         0      
       cpy_tbl.obj                   76     0         0      
       _lock.obj                     20     0         16     
       args_main.obj                 24     0         0      
       copy_decompress_none.obj      14     0         0      
       copy_zero_init.obj            12     0         0      
       stkdepth_vars.obj             0      0         8      
       pre_init.obj                  4      0         0      
       mpu_init.obj                  2      0         0      
       startup.obj                   2      0         0      
    +--+-----------------------------+------+---------+---------+
       Total:                        816    0         48     
                                                             
       Stack:                        0      0         1024   
       Linker Generated:             0      57        0      
    +--+-----------------------------+------+---------+---------+
       Grand Total:                  4250   285       2144   


LINKER GENERATED COPY TABLES

__TI_cinit_table @ 000011b0 records: 2, size/record: 8, table size: 16
	.data: load addr=00001180, load size=00000015 bytes, run addr=20000214, run size=0000001c bytes, compression=lzss
	.bss: load addr=000011a8, load size=00000008 bytes, run addr=20000000, run size=00000214 bytes, compression=zero_init


LINKER GENERATED HANDLER TABLE

__TI_handler_table @ 00001198 records: 3, size/record: 4, table size: 12
	index: 0, handler: __TI_decompress_lzss
	index: 1, handler: __TI_decompress_none
	index: 2, handler: __TI_zero_init


GLOBAL SYMBOLS: SORTED ALPHABETICALLY BY Name 

address   name                           
-------   ----                           
0000116b  ADC14_IRQHandler               
0000116b  AES256_IRQHandler              
0000116b  BusFault_Handler               
00001065  C$$EXIT                        
0000116b  COMP_E0_IRQHandler             
0000116b  COMP_E1_IRQHandler             
0000116b  CS_IRQHandler                  
0000116b  DMA_ERR_IRQHandler             
0000116b  DMA_INT0_IRQHandler            
0000116b  DMA_INT1_IRQHandler            
0000116b  DMA_INT2_IRQHandler            
0000116b  DMA_INT3_IRQHandler            
0000116b  DebugMon_Handler               
0000116b  Default_Handler                
0000116b  EUSCIA0_IRQHandler             
0000116b  EUSCIA1_IRQHandler             
0000116b  EUSCIA2_IRQHandler             
0000116b  EUSCIA3_IRQHandler             
0000116b  EUSCIB0_IRQHandler             
0000116b  EUSCIB1_IRQHandler             
0000116b  EUSCIB2_IRQHandler             
0000116b  EUSCIB3_IRQHandler             
0000116b  FLCTL_IRQHandler               
0000116b  FPU_IRQHandler                 
0000116b  HardFault_Handler              
0000116b  MemManage_Handler              
0000116b  NMI_Handler                    
0000116b  PCM_IRQHandler                 
0000116b  PORT1_IRQHandler               
0000116b  PORT2_IRQHandler               
0000116b  PORT3_IRQHandler               
0000116b  PORT4_IRQHandler               
0000116b  PORT5_IRQHandler               
0000116b  PORT6_IRQHandler               
0000116b  PSS_IRQHandler                 
0000116b  PendSV_Handler                 
0000116b  RTC_C_IRQHandler               
0000115f  Reset_Handler                  
UNDEFED   SHT$$INIT_ARRAY$$Base          
UNDEFED   SHT$$INIT_ARRAY$$Limit         
0000116b  SVC_Handler                    
00000fc9  SetMCLK25MHz                   
0000116b  SysTick_Handler                
2000022c  SystemCoreClock                
000008f5  SystemCoreClockUpdate          
00000b69  SystemInit                     
00000f8d  T32_INT1_IRQHandler            
00000f8d  T32_INT1_IRQHandler            
0000116b  T32_INT2_IRQHandler            
0000116b  T32_INTC_IRQHandler            
0000116b  TA0_0_IRQHandler               
0000116b  TA0_N_IRQHandler               
0000116b  TA1_0_IRQHandler               
0000116b  TA1_N_IRQHandler               
0000116b  TA2_0_IRQHandler               
0000116b  TA2_N_IRQHandler               
0000116b  TA3_0_IRQHandler               
0000116b  TA3_N_IRQHandler               
00000cb7  UART_getchar                   
00000c21  UART_init                      
00000c9b  UART_putchar                   
0000116b  UsageFault_Handler             
4000480c  WDTCTL_SYM                     
0000116b  WDT_A_IRQHandler               
20010000  __STACK_END                    
00000200  __STACK_SIZE                   
000011b0  __TI_CINIT_Base                
000011c0  __TI_CINIT_Limit               
00001198  __TI_Handler_Table_Base        
000011a4  __TI_Handler_Table_Limit       
00000e79  __TI_auto_init                 
20000214  __TI_cleanup_ptr               
00000ee9  __TI_decompress_lzss           
00001151  __TI_decompress_none           
20000218  __TI_dtors_ptr                 
2000021c  __TI_enable_exit_profile_output
ffffffff  __TI_pprof_out_hndl            
ffffffff  __TI_prof_data_size            
ffffffff  __TI_prof_data_start           
00000000  __TI_static_base__             
0000116d  __TI_zero_init                 
00000dfd  __aeabi_memclr                 
00000dfd  __aeabi_memclr4                
00000dfd  __aeabi_memclr8                
00000d61  __aeabi_memcpy                 
00000d61  __aeabi_memcpy4                
00000d61  __aeabi_memcpy8                
00000dff  __aeabi_memset                 
00000dff  __aeabi_memset4                
00000dff  __aeabi_memset8                
ffffffff  __binit__                      
ffffffff  __c_args__                     
00000e77  __mpu_init                     
2000fe00  __stack                        
00001125  _args_main                     
00001011  _c_int00                       
20000220  _lock                          
0000114b  _nop                           
00001143  _register_lock                 
0000113d  _register_unlock               
0000117d  _system_post_cinit             
00001179  _system_pre_init               
20000224  _unlock                        
00001069  abort                          
ffffffff  binit                          
000010b9  copy_in                        
00000f51  delay_cycles                   
00001071  exit                           
000000e5  i2c0_init                      
0000058f  i2c0_recv                      
00000149  i2c0_send                      
00000291  i2c0_send_rs_recv              
00000117  i2c1_init                      
00000691  i2c1_recv                      
00000441  i2c1_send                      
00000000  interruptVectors               
00001105  main                           
20000228  main_func_sp                   
00000d61  memcpy                         
00000e05  memset                         
000007a5  ping_i2c0                      
00000839  ping_i2c1                      
00000fb5  pre_init                       


GLOBAL SYMBOLS: SORTED BY Symbol Address 

address   name                           
-------   ----                           
00000000  __TI_static_base__             
00000000  interruptVectors               
000000e5  i2c0_init                      
00000117  i2c1_init                      
00000149  i2c0_send                      
00000200  __STACK_SIZE                   
00000291  i2c0_send_rs_recv              
00000441  i2c1_send                      
0000058f  i2c0_recv                      
00000691  i2c1_recv                      
000007a5  ping_i2c0                      
00000839  ping_i2c1                      
000008f5  SystemCoreClockUpdate          
00000b69  SystemInit                     
00000c21  UART_init                      
00000c9b  UART_putchar                   
00000cb7  UART_getchar                   
00000d61  __aeabi_memcpy                 
00000d61  __aeabi_memcpy4                
00000d61  __aeabi_memcpy8                
00000d61  memcpy                         
00000dfd  __aeabi_memclr                 
00000dfd  __aeabi_memclr4                
00000dfd  __aeabi_memclr8                
00000dff  __aeabi_memset                 
00000dff  __aeabi_memset4                
00000dff  __aeabi_memset8                
00000e05  memset                         
00000e77  __mpu_init                     
00000e79  __TI_auto_init                 
00000ee9  __TI_decompress_lzss           
00000f51  delay_cycles                   
00000f8d  T32_INT1_IRQHandler            
00000f8d  T32_INT1_IRQHandler            
00000fb5  pre_init                       
00000fc9  SetMCLK25MHz                   
00001011  _c_int00                       
00001065  C$$EXIT                        
00001069  abort                          
00001071  exit                           
000010b9  copy_in                        
00001105  main                           
00001125  _args_main                     
0000113d  _register_unlock               
00001143  _register_lock                 
0000114b  _nop                           
00001151  __TI_decompress_none           
0000115f  Reset_Handler                  
0000116b  ADC14_IRQHandler               
0000116b  AES256_IRQHandler              
0000116b  BusFault_Handler               
0000116b  COMP_E0_IRQHandler             
0000116b  COMP_E1_IRQHandler             
0000116b  CS_IRQHandler                  
0000116b  DMA_ERR_IRQHandler             
0000116b  DMA_INT0_IRQHandler            
0000116b  DMA_INT1_IRQHandler            
0000116b  DMA_INT2_IRQHandler            
0000116b  DMA_INT3_IRQHandler            
0000116b  DebugMon_Handler               
0000116b  Default_Handler                
0000116b  EUSCIA0_IRQHandler             
0000116b  EUSCIA1_IRQHandler             
0000116b  EUSCIA2_IRQHandler             
0000116b  EUSCIA3_IRQHandler             
0000116b  EUSCIB0_IRQHandler             
0000116b  EUSCIB1_IRQHandler             
0000116b  EUSCIB2_IRQHandler             
0000116b  EUSCIB3_IRQHandler             
0000116b  FLCTL_IRQHandler               
0000116b  FPU_IRQHandler                 
0000116b  HardFault_Handler              
0000116b  MemManage_Handler              
0000116b  NMI_Handler                    
0000116b  PCM_IRQHandler                 
0000116b  PORT1_IRQHandler               
0000116b  PORT2_IRQHandler               
0000116b  PORT3_IRQHandler               
0000116b  PORT4_IRQHandler               
0000116b  PORT5_IRQHandler               
0000116b  PORT6_IRQHandler               
0000116b  PSS_IRQHandler                 
0000116b  PendSV_Handler                 
0000116b  RTC_C_IRQHandler               
0000116b  SVC_Handler                    
0000116b  SysTick_Handler                
0000116b  T32_INT2_IRQHandler            
0000116b  T32_INTC_IRQHandler            
0000116b  TA0_0_IRQHandler               
0000116b  TA0_N_IRQHandler               
0000116b  TA1_0_IRQHandler               
0000116b  TA1_N_IRQHandler               
0000116b  TA2_0_IRQHandler               
0000116b  TA2_N_IRQHandler               
0000116b  TA3_0_IRQHandler               
0000116b  TA3_N_IRQHandler               
0000116b  UsageFault_Handler             
0000116b  WDT_A_IRQHandler               
0000116d  __TI_zero_init                 
00001179  _system_pre_init               
0000117d  _system_post_cinit             
00001198  __TI_Handler_Table_Base        
000011a4  __TI_Handler_Table_Limit       
000011b0  __TI_CINIT_Base                
000011c0  __TI_CINIT_Limit               
20000214  __TI_cleanup_ptr               
20000218  __TI_dtors_ptr                 
2000021c  __TI_enable_exit_profile_output
20000220  _lock                          
20000224  _unlock                        
20000228  main_func_sp                   
2000022c  SystemCoreClock                
2000fe00  __stack                        
20010000  __STACK_END                    
4000480c  WDTCTL_SYM                     
ffffffff  __TI_pprof_out_hndl            
ffffffff  __TI_prof_data_size            
ffffffff  __TI_prof_data_start           
ffffffff  __binit__                      
ffffffff  __c_args__                     
ffffffff  binit                          
UNDEFED   SHT$$INIT_ARRAY$$Base          
UNDEFED   SHT$$INIT_ARRAY$$Limit         

[123 symbols]
